Host: 
Date: 2024-08-26 14:26:19
Module: linksArray
array (
)
#0: KPLab\OrdLab\Creatives::Registration
	/home/bitrix/www/bitrix/activities/bitrix/codeactivity/codeactivity.php(25) : eval()'d code:3
#1: eval
	/home/bitrix/www/bitrix/activities/bitrix/codeactivity/codeactivity.php:25
#2: CBPCodeActivity->execute
	/home/bitrix/www/bitrix/modules/bizproc/classes/general/workflow.php:536
#3: CBPWorkflow->runQueuedItem
	/home/bitrix/www/bitrix/modules/bizproc/classes/general/workflow.php:499
#4: CBPWorkflow->runStep
	/home/bitrix/www/bitrix/modules/bizproc/classes/general/workflow.php:483
#5: CBPWorkflow->runQueue
	/home/bitrix/www/bitrix/modules/bizproc/classes/general/workflow.php:264
----------
Host: 
Date: 2024-08-26 14:26:19
Module: linksArray2
array (
  0 => 'https://seller-capital.ru/?erid=2RanymizgvC&utm_source=seller&utm_medium=referral&utm_campaign=online&utm_content=760406051109&utm_term=2RanymizgvC',
)
#0: KPLab\OrdLab\Creatives::Registration
	/home/bitrix/www/bitrix/activities/bitrix/codeactivity/codeactivity.php(25) : eval()'d code:3
#1: eval
	/home/bitrix/www/bitrix/activities/bitrix/codeactivity/codeactivity.php:25
#2: CBPCodeActivity->execute
	/home/bitrix/www/bitrix/modules/bizproc/classes/general/workflow.php:536
#3: CBPWorkflow->runQueuedItem
	/home/bitrix/www/bitrix/modules/bizproc/classes/general/workflow.php:499
#4: CBPWorkflow->runStep
	/home/bitrix/www/bitrix/modules/bizproc/classes/general/workflow.php:483
#5: CBPWorkflow->runQueue
	/home/bitrix/www/bitrix/modules/bizproc/classes/general/workflow.php:264
----------
Host: 
Date: 2024-09-02 23:08:09
Module: linksArray
array (
)
#0: KPLab\OrdLab\Creatives::Registration
	/home/bitrix/www/bitrix/activities/bitrix/codeactivity/codeactivity.php(25) : eval()'d code:3
#1: eval
	/home/bitrix/www/bitrix/activities/bitrix/codeactivity/codeactivity.php:25
#2: CBPCodeActivity->execute
	/home/bitrix/www/bitrix/modules/bizproc/classes/general/workflow.php:536
#3: CBPWorkflow->runQueuedItem
	/home/bitrix/www/bitrix/modules/bizproc/classes/general/workflow.php:499
#4: CBPWorkflow->runStep
	/home/bitrix/www/bitrix/modules/bizproc/classes/general/workflow.php:483
#5: CBPWorkflow->runQueue
	/home/bitrix/www/bitrix/modules/bizproc/classes/general/workflow.php:264
----------
Host: 
Date: 2024-09-02 23:08:09
Module: linksArray2
array (
  0 => 'https://seller-capital.ru/?erid=2RanykWFUNL&utm_source=seller&utm_medium=referral&utm_campaign=online&utm_content=632519852126&utm_term=2RanykWFUNL',
)
#0: KPLab\OrdLab\Creatives::Registration
	/home/bitrix/www/bitrix/activities/bitrix/codeactivity/codeactivity.php(25) : eval()'d code:3
#1: eval
	/home/bitrix/www/bitrix/activities/bitrix/codeactivity/codeactivity.php:25
#2: CBPCodeActivity->execute
	/home/bitrix/www/bitrix/modules/bizproc/classes/general/workflow.php:536
#3: CBPWorkflow->runQueuedItem
	/home/bitrix/www/bitrix/modules/bizproc/classes/general/workflow.php:499
#4: CBPWorkflow->runStep
	/home/bitrix/www/bitrix/modules/bizproc/classes/general/workflow.php:483
#5: CBPWorkflow->runQueue
	/home/bitrix/www/bitrix/modules/bizproc/classes/general/workflow.php:264
----------
Host: 
Date: 2024-09-02 23:14:05
Module: linksArray
array (
)
#0: KPLab\OrdLab\Creatives::Registration
	/home/bitrix/www/bitrix/activities/bitrix/codeactivity/codeactivity.php(25) : eval()'d code:3
#1: eval
	/home/bitrix/www/bitrix/activities/bitrix/codeactivity/codeactivity.php:25
#2: CBPCodeActivity->execute
	/home/bitrix/www/bitrix/modules/bizproc/classes/general/workflow.php:536
#3: CBPWorkflow->runQueuedItem
	/home/bitrix/www/bitrix/modules/bizproc/classes/general/workflow.php:499
#4: CBPWorkflow->runStep
	/home/bitrix/www/bitrix/modules/bizproc/classes/general/workflow.php:483
#5: CBPWorkflow->runQueue
	/home/bitrix/www/bitrix/modules/bizproc/classes/general/workflow.php:264
----------
Host: 
Date: 2024-09-02 23:14:05
Module: linksArray2
array (
  0 => 'https://seller-capital.ru/?erid=2RanykZDSw2&utm_source=seller&utm_medium=referral&utm_campaign=online&utm_content=5906179839&utm_term=2RanykZDSw2',
)
#0: KPLab\OrdLab\Creatives::Registration
	/home/bitrix/www/bitrix/activities/bitrix/codeactivity/codeactivity.php(25) : eval()'d code:3
#1: eval
	/home/bitrix/www/bitrix/activities/bitrix/codeactivity/codeactivity.php:25
#2: CBPCodeActivity->execute
	/home/bitrix/www/bitrix/modules/bizproc/classes/general/workflow.php:536
#3: CBPWorkflow->runQueuedItem
	/home/bitrix/www/bitrix/modules/bizproc/classes/general/workflow.php:499
#4: CBPWorkflow->runStep
	/home/bitrix/www/bitrix/modules/bizproc/classes/general/workflow.php:483
#5: CBPWorkflow->runQueue
	/home/bitrix/www/bitrix/modules/bizproc/classes/general/workflow.php:264
----------
Host: 
Date: 2024-09-09 18:36:11
Module: linksArray
array (
)
#0: KPLab\OrdLab\Creatives::Registration
	/home/bitrix/www/bitrix/activities/bitrix/codeactivity/codeactivity.php(25) : eval()'d code:3
#1: eval
	/home/bitrix/www/bitrix/activities/bitrix/codeactivity/codeactivity.php:25
#2: CBPCodeActivity->execute
	/home/bitrix/www/bitrix/modules/bizproc/classes/general/workflow.php:536
#3: CBPWorkflow->runQueuedItem
	/home/bitrix/www/bitrix/modules/bizproc/classes/general/workflow.php:499
#4: CBPWorkflow->runStep
	/home/bitrix/www/bitrix/modules/bizproc/classes/general/workflow.php:483
#5: CBPWorkflow->runQueue
	/home/bitrix/www/bitrix/modules/bizproc/classes/general/workflow.php:264
----------
Host: 
Date: 2024-09-09 18:36:11
Module: linksArray2
array (
  0 => 'https://seller-capital.ru/?erid=2RanykNttvk&utm_source=seller&utm_medium=referral&utm_campaign=online&utm_content=665914103764&utm_term=2RanykNttvk',
)
#0: KPLab\OrdLab\Creatives::Registration
	/home/bitrix/www/bitrix/activities/bitrix/codeactivity/codeactivity.php(25) : eval()'d code:3
#1: eval
	/home/bitrix/www/bitrix/activities/bitrix/codeactivity/codeactivity.php:25
#2: CBPCodeActivity->execute
	/home/bitrix/www/bitrix/modules/bizproc/classes/general/workflow.php:536
#3: CBPWorkflow->runQueuedItem
	/home/bitrix/www/bitrix/modules/bizproc/classes/general/workflow.php:499
#4: CBPWorkflow->runStep
	/home/bitrix/www/bitrix/modules/bizproc/classes/general/workflow.php:483
#5: CBPWorkflow->runQueue
	/home/bitrix/www/bitrix/modules/bizproc/classes/general/workflow.php:264
----------
Host: 
Date: 2024-09-10 17:10:17
Module: linksArray
array (
)
#0: KPLab\OrdLab\Creatives::Registration
	/home/bitrix/www/bitrix/activities/bitrix/codeactivity/codeactivity.php(25) : eval()'d code:3
#1: eval
	/home/bitrix/www/bitrix/activities/bitrix/codeactivity/codeactivity.php:25
#2: CBPCodeActivity->execute
	/home/bitrix/www/bitrix/modules/bizproc/classes/general/workflow.php:536
#3: CBPWorkflow->runQueuedItem
	/home/bitrix/www/bitrix/modules/bizproc/classes/general/workflow.php:499
#4: CBPWorkflow->runStep
	/home/bitrix/www/bitrix/modules/bizproc/classes/general/workflow.php:483
#5: CBPWorkflow->runQueue
	/home/bitrix/www/bitrix/modules/bizproc/classes/general/workflow.php:264
----------
Host: 
Date: 2024-09-10 17:10:17
Module: linksArray2
array (
  0 => 'https://seller-capital.ru/?erid=2RanyneKuDz&utm_source=seller&utm_medium=referral&utm_campaign=online&utm_content=7723527345&utm_term=2RanyneKuDz',
)
#0: KPLab\OrdLab\Creatives::Registration
	/home/bitrix/www/bitrix/activities/bitrix/codeactivity/codeactivity.php(25) : eval()'d code:3
#1: eval
	/home/bitrix/www/bitrix/activities/bitrix/codeactivity/codeactivity.php:25
#2: CBPCodeActivity->execute
	/home/bitrix/www/bitrix/modules/bizproc/classes/general/workflow.php:536
#3: CBPWorkflow->runQueuedItem
	/home/bitrix/www/bitrix/modules/bizproc/classes/general/workflow.php:499
#4: CBPWorkflow->runStep
	/home/bitrix/www/bitrix/modules/bizproc/classes/general/workflow.php:483
#5: CBPWorkflow->runQueue
	/home/bitrix/www/bitrix/modules/bizproc/classes/general/workflow.php:264
----------
Host: 
Date: 2024-10-25 16:27:07
Module: linksArray
array (
)
#0: KPLab\OrdLab\Creatives::Registration
	/home/bitrix/www/bitrix/activities/bitrix/codeactivity/codeactivity.php(25) : eval()'d code:3
#1: eval
	/home/bitrix/www/bitrix/activities/bitrix/codeactivity/codeactivity.php:25
#2: CBPCodeActivity->execute
	/home/bitrix/www/bitrix/modules/bizproc/classes/general/workflow.php:536
#3: CBPWorkflow->runQueuedItem
	/home/bitrix/www/bitrix/modules/bizproc/classes/general/workflow.php:499
#4: CBPWorkflow->runStep
	/home/bitrix/www/bitrix/modules/bizproc/classes/general/workflow.php:483
#5: CBPWorkflow->runQueue
	/home/bitrix/www/bitrix/modules/bizproc/classes/general/workflow.php:264
----------
Host: 
Date: 2024-10-25 16:27:07
Module: linksArray2
array (
  0 => 'https://seller-capital.ru/?erid=2RanymPsGtg&utm_source=seller&utm_medium=referral&utm_campaign=online&utm_content=641304627630&utm_term=2RanymPsGtg',
)
#0: KPLab\OrdLab\Creatives::Registration
	/home/bitrix/www/bitrix/activities/bitrix/codeactivity/codeactivity.php(25) : eval()'d code:3
#1: eval
	/home/bitrix/www/bitrix/activities/bitrix/codeactivity/codeactivity.php:25
#2: CBPCodeActivity->execute
	/home/bitrix/www/bitrix/modules/bizproc/classes/general/workflow.php:536
#3: CBPWorkflow->runQueuedItem
	/home/bitrix/www/bitrix/modules/bizproc/classes/general/workflow.php:499
#4: CBPWorkflow->runStep
	/home/bitrix/www/bitrix/modules/bizproc/classes/general/workflow.php:483
#5: CBPWorkflow->runQueue
	/home/bitrix/www/bitrix/modules/bizproc/classes/general/workflow.php:264
----------
Host: 
Date: 2024-10-26 00:13:07
Module: linksArray
array (
)
#0: KPLab\OrdLab\Creatives::Registration
	/home/bitrix/www/bitrix/activities/bitrix/codeactivity/codeactivity.php(25) : eval()'d code:3
#1: eval
	/home/bitrix/www/bitrix/activities/bitrix/codeactivity/codeactivity.php:25
#2: CBPCodeActivity->execute
	/home/bitrix/www/bitrix/modules/bizproc/classes/general/workflow.php:536
#3: CBPWorkflow->runQueuedItem
	/home/bitrix/www/bitrix/modules/bizproc/classes/general/workflow.php:499
#4: CBPWorkflow->runStep
	/home/bitrix/www/bitrix/modules/bizproc/classes/general/workflow.php:483
#5: CBPWorkflow->runQueue
	/home/bitrix/www/bitrix/modules/bizproc/classes/general/workflow.php:264
----------
Host: 
Date: 2024-10-26 00:13:07
Module: linksArray2
array (
  0 => 'https://seller-capital.ru/?erid=2RanynHrDTe&utm_source=seller&utm_medium=referral&utm_campaign=online&utm_content=7719874730&utm_term=2RanynHrDTe',
)
#0: KPLab\OrdLab\Creatives::Registration
	/home/bitrix/www/bitrix/activities/bitrix/codeactivity/codeactivity.php(25) : eval()'d code:3
#1: eval
	/home/bitrix/www/bitrix/activities/bitrix/codeactivity/codeactivity.php:25
#2: CBPCodeActivity->execute
	/home/bitrix/www/bitrix/modules/bizproc/classes/general/workflow.php:536
#3: CBPWorkflow->runQueuedItem
	/home/bitrix/www/bitrix/modules/bizproc/classes/general/workflow.php:499
#4: CBPWorkflow->runStep
	/home/bitrix/www/bitrix/modules/bizproc/classes/general/workflow.php:483
#5: CBPWorkflow->runQueue
	/home/bitrix/www/bitrix/modules/bizproc/classes/general/workflow.php:264
----------
Host: 
Date: 2024-11-12 16:38:10
Module: linksArray
array (
)
#0: KPLab\OrdLab\Creatives::Registration
	/home/bitrix/www/bitrix/activities/bitrix/codeactivity/codeactivity.php(25) : eval()'d code:3
#1: eval
	/home/bitrix/www/bitrix/activities/bitrix/codeactivity/codeactivity.php:25
#2: CBPCodeActivity->execute
	/home/bitrix/www/bitrix/modules/bizproc/classes/general/workflow.php:536
#3: CBPWorkflow->runQueuedItem
	/home/bitrix/www/bitrix/modules/bizproc/classes/general/workflow.php:499
#4: CBPWorkflow->runStep
	/home/bitrix/www/bitrix/modules/bizproc/classes/general/workflow.php:483
#5: CBPWorkflow->runQueue
	/home/bitrix/www/bitrix/modules/bizproc/classes/general/workflow.php:264
----------
Host: 
Date: 2024-11-12 16:38:10
Module: linksArray2
array (
  0 => 'https://seller-capital.ru/?erid=2RanykZTaz4&utm_source=seller&utm_medium=referral&utm_campaign=online&utm_content=7726477597&utm_term=2RanykZTaz4',
)
#0: KPLab\OrdLab\Creatives::Registration
	/home/bitrix/www/bitrix/activities/bitrix/codeactivity/codeactivity.php(25) : eval()'d code:3
#1: eval
	/home/bitrix/www/bitrix/activities/bitrix/codeactivity/codeactivity.php:25
#2: CBPCodeActivity->execute
	/home/bitrix/www/bitrix/modules/bizproc/classes/general/workflow.php:536
#3: CBPWorkflow->runQueuedItem
	/home/bitrix/www/bitrix/modules/bizproc/classes/general/workflow.php:499
#4: CBPWorkflow->runStep
	/home/bitrix/www/bitrix/modules/bizproc/classes/general/workflow.php:483
#5: CBPWorkflow->runQueue
	/home/bitrix/www/bitrix/modules/bizproc/classes/general/workflow.php:264
----------
Host: 
Date: 2024-11-14 22:26:07
Module: linksArray
array (
)
#0: KPLab\OrdLab\Creatives::Registration
	/home/bitrix/www/bitrix/activities/bitrix/codeactivity/codeactivity.php(25) : eval()'d code:3
#1: eval
	/home/bitrix/www/bitrix/activities/bitrix/codeactivity/codeactivity.php:25
#2: CBPCodeActivity->execute
	/home/bitrix/www/bitrix/modules/bizproc/classes/general/workflow.php:536
#3: CBPWorkflow->runQueuedItem
	/home/bitrix/www/bitrix/modules/bizproc/classes/general/workflow.php:499
#4: CBPWorkflow->runStep
	/home/bitrix/www/bitrix/modules/bizproc/classes/general/workflow.php:483
#5: CBPWorkflow->runQueue
	/home/bitrix/www/bitrix/modules/bizproc/classes/general/workflow.php:264
----------
Host: 
Date: 2024-11-14 22:26:07
Module: linksArray2
array (
  0 => 'https://seller-capital.ru/?erid=2RanynMA23a&utm_source=seller&utm_medium=referral&utm_campaign=online&utm_content=7810971780&utm_term=2RanynMA23a',
)
#0: KPLab\OrdLab\Creatives::Registration
	/home/bitrix/www/bitrix/activities/bitrix/codeactivity/codeactivity.php(25) : eval()'d code:3
#1: eval
	/home/bitrix/www/bitrix/activities/bitrix/codeactivity/codeactivity.php:25
#2: CBPCodeActivity->execute
	/home/bitrix/www/bitrix/modules/bizproc/classes/general/workflow.php:536
#3: CBPWorkflow->runQueuedItem
	/home/bitrix/www/bitrix/modules/bizproc/classes/general/workflow.php:499
#4: CBPWorkflow->runStep
	/home/bitrix/www/bitrix/modules/bizproc/classes/general/workflow.php:483
#5: CBPWorkflow->runQueue
	/home/bitrix/www/bitrix/modules/bizproc/classes/general/workflow.php:264
----------
Host: 
Date: 2024-11-14 22:59:09
Module: linksArray
array (
)
#0: KPLab\OrdLab\Creatives::Registration
	/home/bitrix/www/bitrix/activities/bitrix/codeactivity/codeactivity.php(25) : eval()'d code:3
#1: eval
	/home/bitrix/www/bitrix/activities/bitrix/codeactivity/codeactivity.php:25
#2: CBPCodeActivity->execute
	/home/bitrix/www/bitrix/modules/bizproc/classes/general/workflow.php:536
#3: CBPWorkflow->runQueuedItem
	/home/bitrix/www/bitrix/modules/bizproc/classes/general/workflow.php:499
#4: CBPWorkflow->runStep
	/home/bitrix/www/bitrix/modules/bizproc/classes/general/workflow.php:483
#5: CBPWorkflow->runQueue
	/home/bitrix/www/bitrix/modules/bizproc/classes/general/workflow.php:264
----------
Host: 
Date: 2024-11-14 22:59:09
Module: linksArray2
array (
  0 => 'https://seller-capital.ru/?erid=2RanynewsRi&utm_source=seller&utm_medium=referral&utm_campaign=online&utm_content=7722445717&utm_term=2RanynewsRi',
)
#0: KPLab\OrdLab\Creatives::Registration
	/home/bitrix/www/bitrix/activities/bitrix/codeactivity/codeactivity.php(25) : eval()'d code:3
#1: eval
	/home/bitrix/www/bitrix/activities/bitrix/codeactivity/codeactivity.php:25
#2: CBPCodeActivity->execute
	/home/bitrix/www/bitrix/modules/bizproc/classes/general/workflow.php:536
#3: CBPWorkflow->runQueuedItem
	/home/bitrix/www/bitrix/modules/bizproc/classes/general/workflow.php:499
#4: CBPWorkflow->runStep
	/home/bitrix/www/bitrix/modules/bizproc/classes/general/workflow.php:483
#5: CBPWorkflow->runQueue
	/home/bitrix/www/bitrix/modules/bizproc/classes/general/workflow.php:264
----------
Host: crm.sodeistvie.su:443
Date: 2024-12-10 13:09:48
Module: linksArray
array (
  0 => 'https://seller-capital.ru/?erid=2RanymdNBJx&utm_source=seller&utm_medium=referral&utm_campaign=online&utm_content=027413340195&utm_term=2RanymdNBJx',
)
#0: KPLab\OrdLab\Creatives::Registration
	/home/bitrix/www/bitrix/activities/bitrix/codeactivity/codeactivity.php(25) : eval()'d code:3
#1: eval
	/home/bitrix/www/bitrix/activities/bitrix/codeactivity/codeactivity.php:25
#2: CBPCodeActivity->execute
	/home/bitrix/www/bitrix/modules/bizproc/classes/general/workflow.php:536
#3: CBPWorkflow->runQueuedItem
	/home/bitrix/www/bitrix/modules/bizproc/classes/general/workflow.php:499
#4: CBPWorkflow->runStep
	/home/bitrix/www/bitrix/modules/bizproc/classes/general/workflow.php:483
#5: CBPWorkflow->runQueue
	/home/bitrix/www/bitrix/modules/bizproc/classes/general/workflow.php:230
----------
Host: crm.sodeistvie.su:443
Date: 2024-12-10 13:09:48
Module: linksArray2
array (
  0 => 'https://seller-capital.ru/?erid=2RanymdNBJx&utm_source=seller&utm_medium=referral&utm_campaign=online&utm_content=027413340195&utm_term=2RanymdNBJx',
  1 => 'https://seller-capital.ru/?erid=2RanymUjcXB&utm_source=seller&utm_medium=referral&utm_campaign=online&utm_content=027413340195&utm_term=2RanymUjcXB',
)
#0: KPLab\OrdLab\Creatives::Registration
	/home/bitrix/www/bitrix/activities/bitrix/codeactivity/codeactivity.php(25) : eval()'d code:3
#1: eval
	/home/bitrix/www/bitrix/activities/bitrix/codeactivity/codeactivity.php:25
#2: CBPCodeActivity->execute
	/home/bitrix/www/bitrix/modules/bizproc/classes/general/workflow.php:536
#3: CBPWorkflow->runQueuedItem
	/home/bitrix/www/bitrix/modules/bizproc/classes/general/workflow.php:499
#4: CBPWorkflow->runStep
	/home/bitrix/www/bitrix/modules/bizproc/classes/general/workflow.php:483
#5: CBPWorkflow->runQueue
	/home/bitrix/www/bitrix/modules/bizproc/classes/general/workflow.php:230
----------
Host: 
Date: 2024-12-11 20:06:06
Module: linksArray
array (
)
#0: KPLab\OrdLab\Creatives::Registration
	/home/bitrix/www/bitrix/activities/bitrix/codeactivity/codeactivity.php(25) : eval()'d code:3
#1: eval
	/home/bitrix/www/bitrix/activities/bitrix/codeactivity/codeactivity.php:25
#2: CBPCodeActivity->execute
	/home/bitrix/www/bitrix/modules/bizproc/classes/general/workflow.php:536
#3: CBPWorkflow->runQueuedItem
	/home/bitrix/www/bitrix/modules/bizproc/classes/general/workflow.php:499
#4: CBPWorkflow->runStep
	/home/bitrix/www/bitrix/modules/bizproc/classes/general/workflow.php:483
#5: CBPWorkflow->runQueue
	/home/bitrix/www/bitrix/modules/bizproc/classes/general/workflow.php:264
----------
Host: 
Date: 2024-12-11 20:06:06
Module: linksArray2
array (
  0 => 'https://seller-capital.ru/?erid=2RanykGiNwT&utm_source=seller&utm_medium=referral&utm_campaign=online&utm_content=667357041306&utm_term=2RanykGiNwT',
)
#0: KPLab\OrdLab\Creatives::Registration
	/home/bitrix/www/bitrix/activities/bitrix/codeactivity/codeactivity.php(25) : eval()'d code:3
#1: eval
	/home/bitrix/www/bitrix/activities/bitrix/codeactivity/codeactivity.php:25
#2: CBPCodeActivity->execute
	/home/bitrix/www/bitrix/modules/bizproc/classes/general/workflow.php:536
#3: CBPWorkflow->runQueuedItem
	/home/bitrix/www/bitrix/modules/bizproc/classes/general/workflow.php:499
#4: CBPWorkflow->runStep
	/home/bitrix/www/bitrix/modules/bizproc/classes/general/workflow.php:483
#5: CBPWorkflow->runQueue
	/home/bitrix/www/bitrix/modules/bizproc/classes/general/workflow.php:264
----------
