Host: crm.sodeistvie.su:443
Date: 2024-10-24 18:08:49
Module: ID
TITLE
#0: CBPKPLabCrmGetDynamicInfoActivity::extractPropertiesValues
	/home/bitrix/www/bitrix/modules/bizproc/lib/activity/baseactivity.php:250
#1: Bitrix\Bizproc\Activity\BaseActivity::getPropertiesDialogValues
	/home/bitrix/www/bitrix/modules/bizproc/classes/general/activity.php:1367
#2: CBPActivity::callStaticMethod
	/home/bitrix/www/bitrix/modules/bizprocdesigner/admin/bizproc_activity_settings.php:128
#3: require(string)
	/home/bitrix/www/bitrix/tools/bizproc_activity_settings.php:2
----------
Host: 
Date: 2024-11-21 18:23:52
Module: documentType
array (
  0 => 'lists',
  1 => 'Bitrix\\Lists\\BizprocDocumentLists',
  2 => 'iblock_166',
)
#0: CBPKPLabGetCRMLinkElementIblock->Execute
	/home/bitrix/www/bitrix/modules/bizproc/classes/general/workflow.php:536
#1: CBPWorkflow->runQueuedItem
	/home/bitrix/www/bitrix/modules/bizproc/classes/general/workflow.php:499
#2: CBPWorkflow->runStep
	/home/bitrix/www/bitrix/modules/bizproc/classes/general/workflow.php:483
#3: CBPWorkflow->runQueue
	/home/bitrix/www/bitrix/modules/bizproc/classes/general/workflow.php:230
#4: CBPWorkflow->start
	/home/bitrix/www/bitrix/modules/bizproc/classes/general/document.php:341
#5: CBPDocument::startWorkflow
	/home/bitrix/www/bitrix/activities/bitrix/startworkflowactivity/startworkflowactivity.php:248
----------
Host: 
Date: 2024-11-26 00:30:55
Module: documentType
array (
  0 => 'lists',
  1 => 'Bitrix\\Lists\\BizprocDocumentLists',
  2 => 'iblock_166',
)
#0: CBPKPLabGetCRMLinkElementIblock->Execute
	/home/bitrix/www/bitrix/modules/bizproc/classes/general/workflow.php:536
#1: CBPWorkflow->runQueuedItem
	/home/bitrix/www/bitrix/modules/bizproc/classes/general/workflow.php:499
#2: CBPWorkflow->runStep
	/home/bitrix/www/bitrix/modules/bizproc/classes/general/workflow.php:483
#3: CBPWorkflow->runQueue
	/home/bitrix/www/bitrix/modules/bizproc/classes/general/workflow.php:230
#4: CBPWorkflow->start
	/home/bitrix/www/bitrix/modules/bizproc/classes/general/document.php:341
#5: CBPDocument::startWorkflow
	/home/bitrix/www/bitrix/activities/bitrix/startworkflowactivity/startworkflowactivity.php:248
----------
Host: 
Date: 2024-12-15 20:39:01
Module: documentType
array (
  0 => 'lists',
  1 => 'Bitrix\\Lists\\BizprocDocumentLists',
  2 => 'iblock_166',
)
#0: CBPKPLabGetCRMLinkElementIblock->Execute
	/home/bitrix/www/bitrix/modules/bizproc/classes/general/workflow.php:536
#1: CBPWorkflow->runQueuedItem
	/home/bitrix/www/bitrix/modules/bizproc/classes/general/workflow.php:499
#2: CBPWorkflow->runStep
	/home/bitrix/www/bitrix/modules/bizproc/classes/general/workflow.php:483
#3: CBPWorkflow->runQueue
	/home/bitrix/www/bitrix/modules/bizproc/classes/general/workflow.php:230
#4: CBPWorkflow->start
	/home/bitrix/www/bitrix/modules/bizproc/classes/general/document.php:341
#5: CBPDocument::startWorkflow
	/home/bitrix/www/bitrix/activities/bitrix/startworkflowactivity/startworkflowactivity.php:248
----------
Host: 
Date: 2024-12-22 12:05:55
Module: documentType
array (
  0 => 'lists',
  1 => 'Bitrix\\Lists\\BizprocDocumentLists',
  2 => 'iblock_166',
)
#0: CBPKPLabGetCRMLinkElementIblock->Execute
	/home/bitrix/www/bitrix/modules/bizproc/classes/general/workflow.php:546
#1: CBPWorkflow->runQueuedItem
	/home/bitrix/www/bitrix/modules/bizproc/classes/general/workflow.php:509
#2: CBPWorkflow->runStep
	/home/bitrix/www/bitrix/modules/bizproc/classes/general/workflow.php:493
#3: CBPWorkflow->runQueue
	/home/bitrix/www/bitrix/modules/bizproc/classes/general/workflow.php:230
#4: CBPWorkflow->start
	/home/bitrix/www/bitrix/modules/bizproc/classes/general/document.php:343
#5: CBPDocument::startWorkflow
	/home/bitrix/www/bitrix/activities/bitrix/startworkflowactivity/startworkflowactivity.php:248
----------
Host: 
Date: 2024-12-25 18:36:55
Module: documentType
array (
  0 => 'lists',
  1 => 'Bitrix\\Lists\\BizprocDocumentLists',
  2 => 'iblock_166',
)
#0: CBPKPLabGetCRMLinkElementIblock->Execute
	/home/bitrix/www/bitrix/modules/bizproc/classes/general/workflow.php:546
#1: CBPWorkflow->runQueuedItem
	/home/bitrix/www/bitrix/modules/bizproc/classes/general/workflow.php:509
#2: CBPWorkflow->runStep
	/home/bitrix/www/bitrix/modules/bizproc/classes/general/workflow.php:493
#3: CBPWorkflow->runQueue
	/home/bitrix/www/bitrix/modules/bizproc/classes/general/workflow.php:230
#4: CBPWorkflow->start
	/home/bitrix/www/bitrix/modules/bizproc/classes/general/document.php:343
#5: CBPDocument::startWorkflow
	/home/bitrix/www/bitrix/activities/bitrix/startworkflowactivity/startworkflowactivity.php:248
----------
Host: 
Date: 2024-12-29 19:42:58
Module: documentType
array (
  0 => 'lists',
  1 => 'Bitrix\\Lists\\BizprocDocumentLists',
  2 => 'iblock_166',
)
#0: CBPKPLabGetCRMLinkElementIblock->Execute
	/home/bitrix/www/bitrix/modules/bizproc/classes/general/workflow.php:546
#1: CBPWorkflow->runQueuedItem
	/home/bitrix/www/bitrix/modules/bizproc/classes/general/workflow.php:509
#2: CBPWorkflow->runStep
	/home/bitrix/www/bitrix/modules/bizproc/classes/general/workflow.php:493
#3: CBPWorkflow->runQueue
	/home/bitrix/www/bitrix/modules/bizproc/classes/general/workflow.php:230
#4: CBPWorkflow->start
	/home/bitrix/www/bitrix/modules/bizproc/classes/general/document.php:343
#5: CBPDocument::startWorkflow
	/home/bitrix/www/bitrix/activities/bitrix/startworkflowactivity/startworkflowactivity.php:248
----------
Host: 
Date: 2025-01-07 19:41:31
Module: documentType
array (
  0 => 'lists',
  1 => 'Bitrix\\Lists\\BizprocDocumentLists',
  2 => 'iblock_166',
)
#0: CBPKPLabGetCRMLinkElementIblock->Execute
	/home/bitrix/www/bitrix/modules/bizproc/classes/general/workflow.php:546
#1: CBPWorkflow->runQueuedItem
	/home/bitrix/www/bitrix/modules/bizproc/classes/general/workflow.php:509
#2: CBPWorkflow->runStep
	/home/bitrix/www/bitrix/modules/bizproc/classes/general/workflow.php:493
#3: CBPWorkflow->runQueue
	/home/bitrix/www/bitrix/modules/bizproc/classes/general/workflow.php:230
#4: CBPWorkflow->start
	/home/bitrix/www/bitrix/modules/bizproc/classes/general/document.php:343
#5: CBPDocument::startWorkflow
	/home/bitrix/www/bitrix/activities/bitrix/startworkflowactivity/startworkflowactivity.php:248
----------
Host: 
Date: 2025-01-10 10:14:47
Module: documentType
array (
  0 => 'lists',
  1 => 'Bitrix\\Lists\\BizprocDocumentLists',
  2 => 'iblock_105',
)
#0: CBPKPLabGetCRMLinkElementIblock->Execute
	/home/bitrix/www/bitrix/modules/bizproc/classes/general/workflow.php:546
#1: CBPWorkflow->runQueuedItem
	/home/bitrix/www/bitrix/modules/bizproc/classes/general/workflow.php:509
#2: CBPWorkflow->runStep
	/home/bitrix/www/bitrix/modules/bizproc/classes/general/workflow.php:493
#3: CBPWorkflow->runQueue
	/home/bitrix/www/bitrix/modules/bizproc/classes/general/workflow.php:264
#4: CBPWorkflow->resume
	/home/bitrix/www/bitrix/modules/bizproc/classes/general/workflow.php:322
#5: CBPWorkflow->sendExternalEvent
	/home/bitrix/www/bitrix/modules/bizproc/classes/general/runtime.php:489
----------
Host: 
Date: 2025-01-10 10:16:34
Module: documentType
array (
  0 => 'lists',
  1 => 'Bitrix\\Lists\\BizprocDocumentLists',
  2 => 'iblock_184',
)
#0: CBPKPLabGetCRMLinkElementIblock->Execute
	/home/bitrix/www/bitrix/modules/bizproc/classes/general/workflow.php:546
#1: CBPWorkflow->runQueuedItem
	/home/bitrix/www/bitrix/modules/bizproc/classes/general/workflow.php:509
#2: CBPWorkflow->runStep
	/home/bitrix/www/bitrix/modules/bizproc/classes/general/workflow.php:493
#3: CBPWorkflow->runQueue
	/home/bitrix/www/bitrix/modules/bizproc/classes/general/workflow.php:230
#4: CBPWorkflow->start
	/home/bitrix/www/bitrix/modules/bizproc/classes/general/document.php:343
#5: CBPDocument::startWorkflow
	/home/bitrix/www/bitrix/activities/bitrix/startworkflowactivity/startworkflowactivity.php:248
----------
Host: 
Date: 2025-01-13 10:31:43
Module: documentType
array (
  0 => 'lists',
  1 => 'Bitrix\\Lists\\BizprocDocumentLists',
  2 => 'iblock_166',
)
#0: CBPKPLabGetCRMLinkElementIblock->Execute
	/home/bitrix/www/bitrix/modules/bizproc/classes/general/workflow.php:546
#1: CBPWorkflow->runQueuedItem
	/home/bitrix/www/bitrix/modules/bizproc/classes/general/workflow.php:509
#2: CBPWorkflow->runStep
	/home/bitrix/www/bitrix/modules/bizproc/classes/general/workflow.php:493
#3: CBPWorkflow->runQueue
	/home/bitrix/www/bitrix/modules/bizproc/classes/general/workflow.php:230
#4: CBPWorkflow->start
	/home/bitrix/www/bitrix/modules/bizproc/classes/general/document.php:343
#5: CBPDocument::startWorkflow
	/home/bitrix/www/bitrix/activities/bitrix/startworkflowactivity/startworkflowactivity.php:248
----------
Host: 
Date: 2025-01-14 11:17:42
Module: documentType
array (
  0 => 'lists',
  1 => 'Bitrix\\Lists\\BizprocDocumentLists',
  2 => 'iblock_166',
)
#0: CBPKPLabGetCRMLinkElementIblock->Execute
	/home/bitrix/www/bitrix/modules/bizproc/classes/general/workflow.php:546
#1: CBPWorkflow->runQueuedItem
	/home/bitrix/www/bitrix/modules/bizproc/classes/general/workflow.php:509
#2: CBPWorkflow->runStep
	/home/bitrix/www/bitrix/modules/bizproc/classes/general/workflow.php:493
#3: CBPWorkflow->runQueue
	/home/bitrix/www/bitrix/modules/bizproc/classes/general/workflow.php:230
#4: CBPWorkflow->start
	/home/bitrix/www/bitrix/modules/bizproc/classes/general/document.php:343
#5: CBPDocument::startWorkflow
	/home/bitrix/www/bitrix/activities/bitrix/startworkflowactivity/startworkflowactivity.php:248
----------
Host: 
Date: 2025-01-14 11:38:40
Module: documentType
array (
  0 => 'lists',
  1 => 'Bitrix\\Lists\\BizprocDocumentLists',
  2 => 'iblock_166',
)
#0: CBPKPLabGetCRMLinkElementIblock->Execute
	/home/bitrix/www/bitrix/modules/bizproc/classes/general/workflow.php:546
#1: CBPWorkflow->runQueuedItem
	/home/bitrix/www/bitrix/modules/bizproc/classes/general/workflow.php:509
#2: CBPWorkflow->runStep
	/home/bitrix/www/bitrix/modules/bizproc/classes/general/workflow.php:493
#3: CBPWorkflow->runQueue
	/home/bitrix/www/bitrix/modules/bizproc/classes/general/workflow.php:230
#4: CBPWorkflow->start
	/home/bitrix/www/bitrix/modules/bizproc/classes/general/document.php:343
#5: CBPDocument::startWorkflow
	/home/bitrix/www/bitrix/activities/bitrix/startworkflowactivity/startworkflowactivity.php:248
----------
Host: 
Date: 2025-01-15 16:23:42
Module: documentType
array (
  0 => 'lists',
  1 => 'Bitrix\\Lists\\BizprocDocumentLists',
  2 => 'iblock_166',
)
#0: CBPKPLabGetCRMLinkElementIblock->Execute
	/home/bitrix/www/bitrix/modules/bizproc/classes/general/workflow.php:546
#1: CBPWorkflow->runQueuedItem
	/home/bitrix/www/bitrix/modules/bizproc/classes/general/workflow.php:509
#2: CBPWorkflow->runStep
	/home/bitrix/www/bitrix/modules/bizproc/classes/general/workflow.php:493
#3: CBPWorkflow->runQueue
	/home/bitrix/www/bitrix/modules/bizproc/classes/general/workflow.php:230
#4: CBPWorkflow->start
	/home/bitrix/www/bitrix/modules/bizproc/classes/general/document.php:343
#5: CBPDocument::startWorkflow
	/home/bitrix/www/bitrix/activities/bitrix/startworkflowactivity/startworkflowactivity.php:248
----------
Host: 
Date: 2025-01-16 16:29:29
Module: documentType
array (
  0 => 'lists',
  1 => 'Bitrix\\Lists\\BizprocDocumentLists',
  2 => 'iblock_166',
)
#0: CBPKPLabGetCRMLinkElementIblock->Execute
	/home/bitrix/www/bitrix/modules/bizproc/classes/general/workflow.php:546
#1: CBPWorkflow->runQueuedItem
	/home/bitrix/www/bitrix/modules/bizproc/classes/general/workflow.php:509
#2: CBPWorkflow->runStep
	/home/bitrix/www/bitrix/modules/bizproc/classes/general/workflow.php:493
#3: CBPWorkflow->runQueue
	/home/bitrix/www/bitrix/modules/bizproc/classes/general/workflow.php:230
#4: CBPWorkflow->start
	/home/bitrix/www/bitrix/modules/bizproc/classes/general/document.php:343
#5: CBPDocument::startWorkflow
	/home/bitrix/www/bitrix/activities/bitrix/startworkflowactivity/startworkflowactivity.php:248
----------
Host: 
Date: 2025-01-17 12:51:49
Module: documentType
array (
  0 => 'lists',
  1 => 'Bitrix\\Lists\\BizprocDocumentLists',
  2 => 'iblock_166',
)
#0: CBPKPLabGetCRMLinkElementIblock->Execute
	/home/bitrix/www/bitrix/modules/bizproc/classes/general/workflow.php:546
#1: CBPWorkflow->runQueuedItem
	/home/bitrix/www/bitrix/modules/bizproc/classes/general/workflow.php:509
#2: CBPWorkflow->runStep
	/home/bitrix/www/bitrix/modules/bizproc/classes/general/workflow.php:493
#3: CBPWorkflow->runQueue
	/home/bitrix/www/bitrix/modules/bizproc/classes/general/workflow.php:230
#4: CBPWorkflow->start
	/home/bitrix/www/bitrix/modules/bizproc/classes/general/document.php:343
#5: CBPDocument::startWorkflow
	/home/bitrix/www/bitrix/activities/bitrix/startworkflowactivity/startworkflowactivity.php:248
----------
Host: 
Date: 2025-01-17 13:39:09
Module: documentType
array (
  0 => 'lists',
  1 => 'Bitrix\\Lists\\BizprocDocumentLists',
  2 => 'iblock_166',
)
#0: CBPKPLabGetCRMLinkElementIblock->Execute
	/home/bitrix/www/bitrix/modules/bizproc/classes/general/workflow.php:546
#1: CBPWorkflow->runQueuedItem
	/home/bitrix/www/bitrix/modules/bizproc/classes/general/workflow.php:509
#2: CBPWorkflow->runStep
	/home/bitrix/www/bitrix/modules/bizproc/classes/general/workflow.php:493
#3: CBPWorkflow->runQueue
	/home/bitrix/www/bitrix/modules/bizproc/classes/general/workflow.php:230
#4: CBPWorkflow->start
	/home/bitrix/www/bitrix/modules/bizproc/classes/general/document.php:343
#5: CBPDocument::startWorkflow
	/home/bitrix/www/bitrix/activities/bitrix/startworkflowactivity/startworkflowactivity.php:248
----------
Host: 
Date: 2025-01-20 12:45:49
Module: documentType
array (
  0 => 'lists',
  1 => 'Bitrix\\Lists\\BizprocDocumentLists',
  2 => 'iblock_166',
)
#0: CBPKPLabGetCRMLinkElementIblock->Execute
	/home/bitrix/www/bitrix/modules/bizproc/classes/general/workflow.php:546
#1: CBPWorkflow->runQueuedItem
	/home/bitrix/www/bitrix/modules/bizproc/classes/general/workflow.php:509
#2: CBPWorkflow->runStep
	/home/bitrix/www/bitrix/modules/bizproc/classes/general/workflow.php:493
#3: CBPWorkflow->runQueue
	/home/bitrix/www/bitrix/modules/bizproc/classes/general/workflow.php:230
#4: CBPWorkflow->start
	/home/bitrix/www/bitrix/modules/bizproc/classes/general/document.php:343
#5: CBPDocument::startWorkflow
	/home/bitrix/www/bitrix/activities/bitrix/startworkflowactivity/startworkflowactivity.php:243
----------
Host: 
Date: 2025-01-21 18:02:43
Module: documentType
array (
  0 => 'lists',
  1 => 'Bitrix\\Lists\\BizprocDocumentLists',
  2 => 'iblock_166',
)
#0: CBPKPLabGetCRMLinkElementIblock->Execute
	/home/bitrix/www/bitrix/modules/bizproc/classes/general/workflow.php:546
#1: CBPWorkflow->runQueuedItem
	/home/bitrix/www/bitrix/modules/bizproc/classes/general/workflow.php:509
#2: CBPWorkflow->runStep
	/home/bitrix/www/bitrix/modules/bizproc/classes/general/workflow.php:493
#3: CBPWorkflow->runQueue
	/home/bitrix/www/bitrix/modules/bizproc/classes/general/workflow.php:230
#4: CBPWorkflow->start
	/home/bitrix/www/bitrix/modules/bizproc/classes/general/document.php:343
#5: CBPDocument::startWorkflow
	/home/bitrix/www/bitrix/activities/bitrix/startworkflowactivity/startworkflowactivity.php:243
----------
Host: 
Date: 2025-01-23 11:31:52
Module: documentType
array (
  0 => 'lists',
  1 => 'Bitrix\\Lists\\BizprocDocumentLists',
  2 => 'iblock_166',
)
#0: CBPKPLabGetCRMLinkElementIblock->Execute
	/home/bitrix/www/bitrix/modules/bizproc/classes/general/workflow.php:546
#1: CBPWorkflow->runQueuedItem
	/home/bitrix/www/bitrix/modules/bizproc/classes/general/workflow.php:509
#2: CBPWorkflow->runStep
	/home/bitrix/www/bitrix/modules/bizproc/classes/general/workflow.php:493
#3: CBPWorkflow->runQueue
	/home/bitrix/www/bitrix/modules/bizproc/classes/general/workflow.php:230
#4: CBPWorkflow->start
	/home/bitrix/www/bitrix/modules/bizproc/classes/general/document.php:343
#5: CBPDocument::startWorkflow
	/home/bitrix/www/bitrix/activities/bitrix/startworkflowactivity/startworkflowactivity.php:243
----------
Host: 
Date: 2025-01-23 16:26:32
Module: documentType
array (
  0 => 'lists',
  1 => 'Bitrix\\Lists\\BizprocDocumentLists',
  2 => 'iblock_166',
)
#0: CBPKPLabGetCRMLinkElementIblock->Execute
	/home/bitrix/www/bitrix/modules/bizproc/classes/general/workflow.php:546
#1: CBPWorkflow->runQueuedItem
	/home/bitrix/www/bitrix/modules/bizproc/classes/general/workflow.php:509
#2: CBPWorkflow->runStep
	/home/bitrix/www/bitrix/modules/bizproc/classes/general/workflow.php:493
#3: CBPWorkflow->runQueue
	/home/bitrix/www/bitrix/modules/bizproc/classes/general/workflow.php:230
#4: CBPWorkflow->start
	/home/bitrix/www/bitrix/modules/bizproc/classes/general/document.php:343
#5: CBPDocument::startWorkflow
	/home/bitrix/www/bitrix/activities/bitrix/startworkflowactivity/startworkflowactivity.php:243
----------
