Host: crm.sodeistvie.su:443
Date: 2024-10-12 08:06:25
Module: documentPackageId
d3555355-ebeb-47e4-9c4f-ce444e744f07
#0: KPLab\API\V2\Controller\Documents::addPassportData
	/home/bitrix/www/local/modules/kplab.api.v2/controller/Documents.php:130
#1: KPLab\API\V2\Controller\Documents->postBackAction
	
#2: ReflectionMethod->invokeArgs
	/home/bitrix/www/bitrix/modules/main/lib/engine/autowire/binder.php:207
#3: Bitrix\Main\Engine\AutoWire\Binder->invoke
	/home/bitrix/www/bitrix/modules/main/lib/engine/action.php:117
#4: Bitrix\Main\Engine\Action->runWithSourceParametersList
	/home/bitrix/www/bitrix/modules/main/lib/engine/controller.php:425
#5: Bitrix\Main\Engine\Controller->run
	/home/bitrix/www/bitrix/modules/main/lib/httpapplication.php:140
----------
Host: crm.sodeistvie.su:443
Date: 2024-10-14 13:25:38
Module: documentPackageId
1c981103-f520-4261-a13d-f8771918c5c6
#0: KPLab\API\V2\Controller\Documents::addPassportData
	/home/bitrix/www/local/modules/kplab.api.v2/controller/Documents.php:130
#1: KPLab\API\V2\Controller\Documents->postBackAction
	
#2: ReflectionMethod->invokeArgs
	/home/bitrix/www/bitrix/modules/main/lib/engine/autowire/binder.php:207
#3: Bitrix\Main\Engine\AutoWire\Binder->invoke
	/home/bitrix/www/bitrix/modules/main/lib/engine/action.php:117
#4: Bitrix\Main\Engine\Action->runWithSourceParametersList
	/home/bitrix/www/bitrix/modules/main/lib/engine/controller.php:425
#5: Bitrix\Main\Engine\Controller->run
	/home/bitrix/www/bitrix/modules/main/lib/httpapplication.php:140
----------
Host: crm.sodeistvie.su:443
Date: 2024-10-14 15:28:38
Module: documentPackageId
30b3a927-c556-42a7-b21c-e2334dcd9e8a
#0: KPLab\API\V2\Controller\Documents::addPassportData
	/home/bitrix/www/local/modules/kplab.api.v2/controller/Documents.php:130
#1: KPLab\API\V2\Controller\Documents->postBackAction
	
#2: ReflectionMethod->invokeArgs
	/home/bitrix/www/bitrix/modules/main/lib/engine/autowire/binder.php:207
#3: Bitrix\Main\Engine\AutoWire\Binder->invoke
	/home/bitrix/www/bitrix/modules/main/lib/engine/action.php:117
#4: Bitrix\Main\Engine\Action->runWithSourceParametersList
	/home/bitrix/www/bitrix/modules/main/lib/engine/controller.php:425
#5: Bitrix\Main\Engine\Controller->run
	/home/bitrix/www/bitrix/modules/main/lib/httpapplication.php:140
----------
Host: crm.sodeistvie.su:443
Date: 2024-10-14 16:14:56
Module: documentPackageId
0b5cce72-5b25-4fa5-a628-ff7e96b42ae4
#0: KPLab\API\V2\Controller\Documents::addPassportData
	/home/bitrix/www/local/modules/kplab.api.v2/controller/Documents.php:130
#1: KPLab\API\V2\Controller\Documents->postBackAction
	
#2: ReflectionMethod->invokeArgs
	/home/bitrix/www/bitrix/modules/main/lib/engine/autowire/binder.php:207
#3: Bitrix\Main\Engine\AutoWire\Binder->invoke
	/home/bitrix/www/bitrix/modules/main/lib/engine/action.php:117
#4: Bitrix\Main\Engine\Action->runWithSourceParametersList
	/home/bitrix/www/bitrix/modules/main/lib/engine/controller.php:425
#5: Bitrix\Main\Engine\Controller->run
	/home/bitrix/www/bitrix/modules/main/lib/httpapplication.php:140
----------
Host: crm.sodeistvie.su:443
Date: 2024-10-14 18:43:29
Module: documentPackageId
e7b0e4f1-8b62-496c-b89b-3628f1152384
#0: KPLab\API\V2\Controller\Documents::addPassportData
	/home/bitrix/www/local/modules/kplab.api.v2/controller/Documents.php:130
#1: KPLab\API\V2\Controller\Documents->postBackAction
	
#2: ReflectionMethod->invokeArgs
	/home/bitrix/www/bitrix/modules/main/lib/engine/autowire/binder.php:207
#3: Bitrix\Main\Engine\AutoWire\Binder->invoke
	/home/bitrix/www/bitrix/modules/main/lib/engine/action.php:117
#4: Bitrix\Main\Engine\Action->runWithSourceParametersList
	/home/bitrix/www/bitrix/modules/main/lib/engine/controller.php:425
#5: Bitrix\Main\Engine\Controller->run
	/home/bitrix/www/bitrix/modules/main/lib/httpapplication.php:140
----------
Host: crm.sodeistvie.su:443
Date: 2024-10-15 15:20:23
Module: documentPackageId
1e1e4092-2e3d-4f4c-baea-6a80a550c46c
#0: KPLab\API\V2\Controller\Documents::addPassportData
	/home/bitrix/www/local/modules/kplab.api.v2/controller/Documents.php:130
#1: KPLab\API\V2\Controller\Documents->postBackAction
	
#2: ReflectionMethod->invokeArgs
	/home/bitrix/www/bitrix/modules/main/lib/engine/autowire/binder.php:207
#3: Bitrix\Main\Engine\AutoWire\Binder->invoke
	/home/bitrix/www/bitrix/modules/main/lib/engine/action.php:117
#4: Bitrix\Main\Engine\Action->runWithSourceParametersList
	/home/bitrix/www/bitrix/modules/main/lib/engine/controller.php:425
#5: Bitrix\Main\Engine\Controller->run
	/home/bitrix/www/bitrix/modules/main/lib/httpapplication.php:140
----------
Host: crm.sodeistvie.su:443
Date: 2024-10-15 16:03:35
Module: documentPackageId
06bf022e-6d46-4772-83a3-d5f28f92a4c8
#0: KPLab\API\V2\Controller\Documents::addPassportData
	/home/bitrix/www/local/modules/kplab.api.v2/controller/Documents.php:130
#1: KPLab\API\V2\Controller\Documents->postBackAction
	
#2: ReflectionMethod->invokeArgs
	/home/bitrix/www/bitrix/modules/main/lib/engine/autowire/binder.php:207
#3: Bitrix\Main\Engine\AutoWire\Binder->invoke
	/home/bitrix/www/bitrix/modules/main/lib/engine/action.php:117
#4: Bitrix\Main\Engine\Action->runWithSourceParametersList
	/home/bitrix/www/bitrix/modules/main/lib/engine/controller.php:425
#5: Bitrix\Main\Engine\Controller->run
	/home/bitrix/www/bitrix/modules/main/lib/httpapplication.php:140
----------
Host: crm.sodeistvie.su:443
Date: 2024-10-16 16:42:51
Module: documentPackageId
69d117c8-3ede-4fff-a1c8-f346f2a5359c
#0: KPLab\API\V2\Controller\Documents::addPassportData
	/home/bitrix/www/local/modules/kplab.api.v2/controller/Documents.php:130
#1: KPLab\API\V2\Controller\Documents->postBackAction
	
#2: ReflectionMethod->invokeArgs
	/home/bitrix/www/bitrix/modules/main/lib/engine/autowire/binder.php:207
#3: Bitrix\Main\Engine\AutoWire\Binder->invoke
	/home/bitrix/www/bitrix/modules/main/lib/engine/action.php:117
#4: Bitrix\Main\Engine\Action->runWithSourceParametersList
	/home/bitrix/www/bitrix/modules/main/lib/engine/controller.php:425
#5: Bitrix\Main\Engine\Controller->run
	/home/bitrix/www/bitrix/modules/main/lib/httpapplication.php:140
----------
Host: crm.sodeistvie.su:443
Date: 2024-10-16 17:09:27
Module: documentPackageId
b38b89c9-a758-4471-8577-1796df8a90fa
#0: KPLab\API\V2\Controller\Documents::addPassportData
	/home/bitrix/www/local/modules/kplab.api.v2/controller/Documents.php:130
#1: KPLab\API\V2\Controller\Documents->postBackAction
	
#2: ReflectionMethod->invokeArgs
	/home/bitrix/www/bitrix/modules/main/lib/engine/autowire/binder.php:207
#3: Bitrix\Main\Engine\AutoWire\Binder->invoke
	/home/bitrix/www/bitrix/modules/main/lib/engine/action.php:117
#4: Bitrix\Main\Engine\Action->runWithSourceParametersList
	/home/bitrix/www/bitrix/modules/main/lib/engine/controller.php:425
#5: Bitrix\Main\Engine\Controller->run
	/home/bitrix/www/bitrix/modules/main/lib/httpapplication.php:140
----------
Host: crm.sodeistvie.su:443
Date: 2024-10-31 15:41:31
Module: documentPackageId
d5f5263e-42e1-4da4-903c-0ec3f7fb22e1
#0: KPLab\API\V2\Controller\Documents::addPassportData
	/home/bitrix/www/local/modules/kplab.api.v2/controller/Documents.php:130
#1: KPLab\API\V2\Controller\Documents->postBackAction
	
#2: ReflectionMethod->invokeArgs
	/home/bitrix/www/bitrix/modules/main/lib/engine/autowire/binder.php:207
#3: Bitrix\Main\Engine\AutoWire\Binder->invoke
	/home/bitrix/www/bitrix/modules/main/lib/engine/action.php:117
#4: Bitrix\Main\Engine\Action->runWithSourceParametersList
	/home/bitrix/www/bitrix/modules/main/lib/engine/controller.php:425
#5: Bitrix\Main\Engine\Controller->run
	/home/bitrix/www/bitrix/modules/main/lib/httpapplication.php:140
----------
Host: crm.sodeistvie.su:443
Date: 2024-11-01 16:09:35
Module: documentPackageId
1a76aabd-fd43-4c86-8994-78199aaeee0b
#0: KPLab\API\V2\Controller\Documents::addPassportData
	/home/bitrix/www/local/modules/kplab.api.v2/controller/Documents.php:130
#1: KPLab\API\V2\Controller\Documents->postBackAction
	
#2: ReflectionMethod->invokeArgs
	/home/bitrix/www/bitrix/modules/main/lib/engine/autowire/binder.php:207
#3: Bitrix\Main\Engine\AutoWire\Binder->invoke
	/home/bitrix/www/bitrix/modules/main/lib/engine/action.php:117
#4: Bitrix\Main\Engine\Action->runWithSourceParametersList
	/home/bitrix/www/bitrix/modules/main/lib/engine/controller.php:425
#5: Bitrix\Main\Engine\Controller->run
	/home/bitrix/www/bitrix/modules/main/lib/httpapplication.php:140
----------
Host: crm.sodeistvie.su:443
Date: 2024-11-11 14:48:53
Module: documentPackageId
86d1965b-c6c6-4875-adc1-0835cf120162
#0: KPLab\API\V2\Controller\Documents::addPassportData
	/home/bitrix/www/local/modules/kplab.api.v2/controller/Documents.php:130
#1: KPLab\API\V2\Controller\Documents->postBackAction
	
#2: ReflectionMethod->invokeArgs
	/home/bitrix/www/bitrix/modules/main/lib/engine/autowire/binder.php:207
#3: Bitrix\Main\Engine\AutoWire\Binder->invoke
	/home/bitrix/www/bitrix/modules/main/lib/engine/action.php:117
#4: Bitrix\Main\Engine\Action->runWithSourceParametersList
	/home/bitrix/www/bitrix/modules/main/lib/engine/controller.php:425
#5: Bitrix\Main\Engine\Controller->run
	/home/bitrix/www/bitrix/modules/main/lib/httpapplication.php:140
----------
Host: crm.sodeistvie.su:443
Date: 2024-11-26 09:19:02
Module: documentPackageId
8f9dc22c-349c-4092-aed6-6ebbd88d27d6
#0: KPLab\API\V2\Controller\Documents::addPassportData
	/home/bitrix/www/local/modules/kplab.api.v2/controller/Documents.php:130
#1: KPLab\API\V2\Controller\Documents->postBackAction
	
#2: ReflectionMethod->invokeArgs
	/home/bitrix/www/bitrix/modules/main/lib/engine/autowire/binder.php:207
#3: Bitrix\Main\Engine\AutoWire\Binder->invoke
	/home/bitrix/www/bitrix/modules/main/lib/engine/action.php:117
#4: Bitrix\Main\Engine\Action->runWithSourceParametersList
	/home/bitrix/www/bitrix/modules/main/lib/engine/controller.php:425
#5: Bitrix\Main\Engine\Controller->run
	/home/bitrix/www/bitrix/modules/main/lib/httpapplication.php:140
----------
Host: crm.sodeistvie.su:443
Date: 2024-11-26 14:19:44
Module: documentPackageId
c2fc9776-71aa-490e-8388-39c3f7a98e19
#0: KPLab\API\V2\Controller\Documents::addPassportData
	/home/bitrix/www/local/modules/kplab.api.v2/controller/Documents.php:130
#1: KPLab\API\V2\Controller\Documents->postBackAction
	
#2: ReflectionMethod->invokeArgs
	/home/bitrix/www/bitrix/modules/main/lib/engine/autowire/binder.php:207
#3: Bitrix\Main\Engine\AutoWire\Binder->invoke
	/home/bitrix/www/bitrix/modules/main/lib/engine/action.php:117
#4: Bitrix\Main\Engine\Action->runWithSourceParametersList
	/home/bitrix/www/bitrix/modules/main/lib/engine/controller.php:425
#5: Bitrix\Main\Engine\Controller->run
	/home/bitrix/www/bitrix/modules/main/lib/httpapplication.php:140
----------
Host: crm.sodeistvie.su:443
Date: 2024-11-26 18:28:52
Module: documentPackageId
0dbdf909-174a-46b1-bb51-c2271dbc45be
#0: KPLab\API\V2\Controller\Documents::addPassportData
	/home/bitrix/www/local/modules/kplab.api.v2/controller/Documents.php:130
#1: KPLab\API\V2\Controller\Documents->postBackAction
	
#2: ReflectionMethod->invokeArgs
	/home/bitrix/www/bitrix/modules/main/lib/engine/autowire/binder.php:207
#3: Bitrix\Main\Engine\AutoWire\Binder->invoke
	/home/bitrix/www/bitrix/modules/main/lib/engine/action.php:117
#4: Bitrix\Main\Engine\Action->runWithSourceParametersList
	/home/bitrix/www/bitrix/modules/main/lib/engine/controller.php:425
#5: Bitrix\Main\Engine\Controller->run
	/home/bitrix/www/bitrix/modules/main/lib/httpapplication.php:140
----------
Host: crm.sodeistvie.su:443
Date: 2024-11-27 18:10:35
Module: documentPackageId
34da57e1-4752-4eeb-bce6-4ff56e16da89
#0: KPLab\API\V2\Controller\Documents::addPassportData
	/home/bitrix/www/local/modules/kplab.api.v2/controller/Documents.php:130
#1: KPLab\API\V2\Controller\Documents->postBackAction
	
#2: ReflectionMethod->invokeArgs
	/home/bitrix/www/bitrix/modules/main/lib/engine/autowire/binder.php:207
#3: Bitrix\Main\Engine\AutoWire\Binder->invoke
	/home/bitrix/www/bitrix/modules/main/lib/engine/action.php:117
#4: Bitrix\Main\Engine\Action->runWithSourceParametersList
	/home/bitrix/www/bitrix/modules/main/lib/engine/controller.php:425
#5: Bitrix\Main\Engine\Controller->run
	/home/bitrix/www/bitrix/modules/main/lib/httpapplication.php:140
----------
Host: crm.sodeistvie.su:443
Date: 2024-11-27 18:58:35
Module: documentPackageId
c1723f79-2d8c-4d19-94cb-61528605b7e0
#0: KPLab\API\V2\Controller\Documents::addPassportData
	/home/bitrix/www/local/modules/kplab.api.v2/controller/Documents.php:130
#1: KPLab\API\V2\Controller\Documents->postBackAction
	
#2: ReflectionMethod->invokeArgs
	/home/bitrix/www/bitrix/modules/main/lib/engine/autowire/binder.php:207
#3: Bitrix\Main\Engine\AutoWire\Binder->invoke
	/home/bitrix/www/bitrix/modules/main/lib/engine/action.php:117
#4: Bitrix\Main\Engine\Action->runWithSourceParametersList
	/home/bitrix/www/bitrix/modules/main/lib/engine/controller.php:425
#5: Bitrix\Main\Engine\Controller->run
	/home/bitrix/www/bitrix/modules/main/lib/httpapplication.php:140
----------
Host: crm.sodeistvie.su:443
Date: 2024-11-29 12:20:29
Module: documentPackageId
23ce3ca2-a41d-44ad-8414-f77e500b3496
#0: KPLab\API\V2\Controller\Documents::addPassportData
	/home/bitrix/www/local/modules/kplab.api.v2/controller/Documents.php:130
#1: KPLab\API\V2\Controller\Documents->postBackAction
	
#2: ReflectionMethod->invokeArgs
	/home/bitrix/www/bitrix/modules/main/lib/engine/autowire/binder.php:207
#3: Bitrix\Main\Engine\AutoWire\Binder->invoke
	/home/bitrix/www/bitrix/modules/main/lib/engine/action.php:117
#4: Bitrix\Main\Engine\Action->runWithSourceParametersList
	/home/bitrix/www/bitrix/modules/main/lib/engine/controller.php:425
#5: Bitrix\Main\Engine\Controller->run
	/home/bitrix/www/bitrix/modules/main/lib/httpapplication.php:140
----------
Host: crm.sodeistvie.su:443
Date: 2024-11-29 13:05:04
Module: documentPackageId
2de42115-9aed-48a9-87b2-049136c19c98
#0: KPLab\API\V2\Controller\Documents::addPassportData
	/home/bitrix/www/local/modules/kplab.api.v2/controller/Documents.php:130
#1: KPLab\API\V2\Controller\Documents->postBackAction
	
#2: ReflectionMethod->invokeArgs
	/home/bitrix/www/bitrix/modules/main/lib/engine/autowire/binder.php:207
#3: Bitrix\Main\Engine\AutoWire\Binder->invoke
	/home/bitrix/www/bitrix/modules/main/lib/engine/action.php:117
#4: Bitrix\Main\Engine\Action->runWithSourceParametersList
	/home/bitrix/www/bitrix/modules/main/lib/engine/controller.php:425
#5: Bitrix\Main\Engine\Controller->run
	/home/bitrix/www/bitrix/modules/main/lib/httpapplication.php:140
----------
Host: crm.sodeistvie.su:443
Date: 2024-11-29 13:26:20
Module: documentPackageId
23d9cb26-829e-4b6a-b283-683791380ecb
#0: KPLab\API\V2\Controller\Documents::addPassportData
	/home/bitrix/www/local/modules/kplab.api.v2/controller/Documents.php:130
#1: KPLab\API\V2\Controller\Documents->postBackAction
	
#2: ReflectionMethod->invokeArgs
	/home/bitrix/www/bitrix/modules/main/lib/engine/autowire/binder.php:207
#3: Bitrix\Main\Engine\AutoWire\Binder->invoke
	/home/bitrix/www/bitrix/modules/main/lib/engine/action.php:117
#4: Bitrix\Main\Engine\Action->runWithSourceParametersList
	/home/bitrix/www/bitrix/modules/main/lib/engine/controller.php:425
#5: Bitrix\Main\Engine\Controller->run
	/home/bitrix/www/bitrix/modules/main/lib/httpapplication.php:140
----------
Host: crm.sodeistvie.su:443
Date: 2024-12-02 15:41:49
Module: documentPackageId
b0e7d58b-afd1-425c-bae9-98fe80d74e9d
#0: KPLab\API\V2\Controller\Documents::addPassportData
	/home/bitrix/www/local/modules/kplab.api.v2/controller/Documents.php:130
#1: KPLab\API\V2\Controller\Documents->postBackAction
	
#2: ReflectionMethod->invokeArgs
	/home/bitrix/www/bitrix/modules/main/lib/engine/autowire/binder.php:207
#3: Bitrix\Main\Engine\AutoWire\Binder->invoke
	/home/bitrix/www/bitrix/modules/main/lib/engine/action.php:117
#4: Bitrix\Main\Engine\Action->runWithSourceParametersList
	/home/bitrix/www/bitrix/modules/main/lib/engine/controller.php:425
#5: Bitrix\Main\Engine\Controller->run
	/home/bitrix/www/bitrix/modules/main/lib/httpapplication.php:140
----------
Host: crm.sodeistvie.su:443
Date: 2024-12-02 16:28:30
Module: documentPackageId
504d9558-446e-4d39-bc6f-996c31f8a387
#0: KPLab\API\V2\Controller\Documents::addPassportData
	/home/bitrix/www/local/modules/kplab.api.v2/controller/Documents.php:130
#1: KPLab\API\V2\Controller\Documents->postBackAction
	
#2: ReflectionMethod->invokeArgs
	/home/bitrix/www/bitrix/modules/main/lib/engine/autowire/binder.php:207
#3: Bitrix\Main\Engine\AutoWire\Binder->invoke
	/home/bitrix/www/bitrix/modules/main/lib/engine/action.php:117
#4: Bitrix\Main\Engine\Action->runWithSourceParametersList
	/home/bitrix/www/bitrix/modules/main/lib/engine/controller.php:425
#5: Bitrix\Main\Engine\Controller->run
	/home/bitrix/www/bitrix/modules/main/lib/httpapplication.php:140
----------
Host: crm.sodeistvie.su:443
Date: 2024-12-03 20:22:18
Module: documentPackageId
20e5c245-1a77-4f09-9045-d55cb7901596
#0: KPLab\API\V2\Controller\Documents::addPassportData
	/home/bitrix/www/local/modules/kplab.api.v2/controller/Documents.php:130
#1: KPLab\API\V2\Controller\Documents->postBackAction
	
#2: ReflectionMethod->invokeArgs
	/home/bitrix/www/bitrix/modules/main/lib/engine/autowire/binder.php:207
#3: Bitrix\Main\Engine\AutoWire\Binder->invoke
	/home/bitrix/www/bitrix/modules/main/lib/engine/action.php:117
#4: Bitrix\Main\Engine\Action->runWithSourceParametersList
	/home/bitrix/www/bitrix/modules/main/lib/engine/controller.php:425
#5: Bitrix\Main\Engine\Controller->run
	/home/bitrix/www/bitrix/modules/main/lib/httpapplication.php:140
----------
Host: crm.sodeistvie.su:443
Date: 2024-12-04 12:59:40
Module: documentPackageId
522d77f0-f564-43c3-96fb-4a72f98cb0a3
#0: KPLab\API\V2\Controller\Documents::addPassportData
	/home/bitrix/www/local/modules/kplab.api.v2/controller/Documents.php:130
#1: KPLab\API\V2\Controller\Documents->postBackAction
	
#2: ReflectionMethod->invokeArgs
	/home/bitrix/www/bitrix/modules/main/lib/engine/autowire/binder.php:207
#3: Bitrix\Main\Engine\AutoWire\Binder->invoke
	/home/bitrix/www/bitrix/modules/main/lib/engine/action.php:117
#4: Bitrix\Main\Engine\Action->runWithSourceParametersList
	/home/bitrix/www/bitrix/modules/main/lib/engine/controller.php:425
#5: Bitrix\Main\Engine\Controller->run
	/home/bitrix/www/bitrix/modules/main/lib/httpapplication.php:140
----------
Host: crm.sodeistvie.su:443
Date: 2024-12-04 15:54:41
Module: documentPackageId
57bc02b3-dfe7-4ff2-bfed-f7eef493cc9e
#0: KPLab\API\V2\Controller\Documents::addPassportData
	/home/bitrix/www/local/modules/kplab.api.v2/controller/Documents.php:130
#1: KPLab\API\V2\Controller\Documents->postBackAction
	
#2: ReflectionMethod->invokeArgs
	/home/bitrix/www/bitrix/modules/main/lib/engine/autowire/binder.php:207
#3: Bitrix\Main\Engine\AutoWire\Binder->invoke
	/home/bitrix/www/bitrix/modules/main/lib/engine/action.php:117
#4: Bitrix\Main\Engine\Action->runWithSourceParametersList
	/home/bitrix/www/bitrix/modules/main/lib/engine/controller.php:425
#5: Bitrix\Main\Engine\Controller->run
	/home/bitrix/www/bitrix/modules/main/lib/httpapplication.php:140
----------
Host: crm.sodeistvie.su:443
Date: 2024-12-04 16:46:57
Module: documentPackageId
ced524a1-2727-4d85-a1d3-e9ea5025ffbd
#0: KPLab\API\V2\Controller\Documents::addPassportData
	/home/bitrix/www/local/modules/kplab.api.v2/controller/Documents.php:130
#1: KPLab\API\V2\Controller\Documents->postBackAction
	
#2: ReflectionMethod->invokeArgs
	/home/bitrix/www/bitrix/modules/main/lib/engine/autowire/binder.php:207
#3: Bitrix\Main\Engine\AutoWire\Binder->invoke
	/home/bitrix/www/bitrix/modules/main/lib/engine/action.php:117
#4: Bitrix\Main\Engine\Action->runWithSourceParametersList
	/home/bitrix/www/bitrix/modules/main/lib/engine/controller.php:425
#5: Bitrix\Main\Engine\Controller->run
	/home/bitrix/www/bitrix/modules/main/lib/httpapplication.php:140
----------
Host: crm.sodeistvie.su:443
Date: 2024-12-04 17:22:45
Module: documentPackageId
e3c3eebf-a00c-4952-be90-d9efac28bfc1
#0: KPLab\API\V2\Controller\Documents::addPassportData
	/home/bitrix/www/local/modules/kplab.api.v2/controller/Documents.php:130
#1: KPLab\API\V2\Controller\Documents->postBackAction
	
#2: ReflectionMethod->invokeArgs
	/home/bitrix/www/bitrix/modules/main/lib/engine/autowire/binder.php:207
#3: Bitrix\Main\Engine\AutoWire\Binder->invoke
	/home/bitrix/www/bitrix/modules/main/lib/engine/action.php:117
#4: Bitrix\Main\Engine\Action->runWithSourceParametersList
	/home/bitrix/www/bitrix/modules/main/lib/engine/controller.php:425
#5: Bitrix\Main\Engine\Controller->run
	/home/bitrix/www/bitrix/modules/main/lib/httpapplication.php:140
----------
Host: crm.sodeistvie.su:443
Date: 2024-12-04 17:31:24
Module: documentPackageId
5aadc282-396d-433b-b82f-0f710813068b
#0: KPLab\API\V2\Controller\Documents::addPassportData
	/home/bitrix/www/local/modules/kplab.api.v2/controller/Documents.php:130
#1: KPLab\API\V2\Controller\Documents->postBackAction
	
#2: ReflectionMethod->invokeArgs
	/home/bitrix/www/bitrix/modules/main/lib/engine/autowire/binder.php:207
#3: Bitrix\Main\Engine\AutoWire\Binder->invoke
	/home/bitrix/www/bitrix/modules/main/lib/engine/action.php:117
#4: Bitrix\Main\Engine\Action->runWithSourceParametersList
	/home/bitrix/www/bitrix/modules/main/lib/engine/controller.php:425
#5: Bitrix\Main\Engine\Controller->run
	/home/bitrix/www/bitrix/modules/main/lib/httpapplication.php:140
----------
Host: crm.sodeistvie.su:443
Date: 2024-12-05 12:59:10
Module: documentPackageId
bf96d47a-e2ea-4573-bcf7-00665ab2cc00
#0: KPLab\API\V2\Controller\Documents::addPassportData
	/home/bitrix/www/local/modules/kplab.api.v2/controller/Documents.php:130
#1: KPLab\API\V2\Controller\Documents->postBackAction
	
#2: ReflectionMethod->invokeArgs
	/home/bitrix/www/bitrix/modules/main/lib/engine/autowire/binder.php:207
#3: Bitrix\Main\Engine\AutoWire\Binder->invoke
	/home/bitrix/www/bitrix/modules/main/lib/engine/action.php:117
#4: Bitrix\Main\Engine\Action->runWithSourceParametersList
	/home/bitrix/www/bitrix/modules/main/lib/engine/controller.php:425
#5: Bitrix\Main\Engine\Controller->run
	/home/bitrix/www/bitrix/modules/main/lib/httpapplication.php:140
----------
Host: crm.sodeistvie.su:443
Date: 2024-12-05 18:10:21
Module: documentPackageId
3ddd09bb-7c88-45e3-a11f-e33651b54d3d
#0: KPLab\API\V2\Controller\Documents::addPassportData
	/home/bitrix/www/local/modules/kplab.api.v2/controller/Documents.php:130
#1: KPLab\API\V2\Controller\Documents->postBackAction
	
#2: ReflectionMethod->invokeArgs
	/home/bitrix/www/bitrix/modules/main/lib/engine/autowire/binder.php:207
#3: Bitrix\Main\Engine\AutoWire\Binder->invoke
	/home/bitrix/www/bitrix/modules/main/lib/engine/action.php:117
#4: Bitrix\Main\Engine\Action->runWithSourceParametersList
	/home/bitrix/www/bitrix/modules/main/lib/engine/controller.php:425
#5: Bitrix\Main\Engine\Controller->run
	/home/bitrix/www/bitrix/modules/main/lib/httpapplication.php:140
----------
Host: crm.sodeistvie.su:443
Date: 2024-12-06 15:45:37
Module: documentPackageId
62c0eb75-5ff4-4529-bafa-38ea4f2ca1a4
#0: KPLab\API\V2\Controller\Documents::addPassportData
	/home/bitrix/www/local/modules/kplab.api.v2/controller/Documents.php:130
#1: KPLab\API\V2\Controller\Documents->postBackAction
	
#2: ReflectionMethod->invokeArgs
	/home/bitrix/www/bitrix/modules/main/lib/engine/autowire/binder.php:207
#3: Bitrix\Main\Engine\AutoWire\Binder->invoke
	/home/bitrix/www/bitrix/modules/main/lib/engine/action.php:117
#4: Bitrix\Main\Engine\Action->runWithSourceParametersList
	/home/bitrix/www/bitrix/modules/main/lib/engine/controller.php:425
#5: Bitrix\Main\Engine\Controller->run
	/home/bitrix/www/bitrix/modules/main/lib/httpapplication.php:140
----------
Host: crm.sodeistvie.su:443
Date: 2024-12-08 19:03:01
Module: documentPackageId
8731a1aa-7283-4a6e-9e5f-7dd910c018a9
#0: KPLab\API\V2\Controller\Documents::addPassportData
	/home/bitrix/www/local/modules/kplab.api.v2/controller/Documents.php:130
#1: KPLab\API\V2\Controller\Documents->postBackAction
	
#2: ReflectionMethod->invokeArgs
	/home/bitrix/www/bitrix/modules/main/lib/engine/autowire/binder.php:207
#3: Bitrix\Main\Engine\AutoWire\Binder->invoke
	/home/bitrix/www/bitrix/modules/main/lib/engine/action.php:117
#4: Bitrix\Main\Engine\Action->runWithSourceParametersList
	/home/bitrix/www/bitrix/modules/main/lib/engine/controller.php:425
#5: Bitrix\Main\Engine\Controller->run
	/home/bitrix/www/bitrix/modules/main/lib/httpapplication.php:140
----------
Host: crm.sodeistvie.su:443
Date: 2024-12-09 15:05:53
Module: documentPackageId
62d16f97-4d2a-4178-96a9-11b3595cc76d
#0: KPLab\API\V2\Controller\Documents::addPassportData
	/home/bitrix/www/local/modules/kplab.api.v2/controller/Documents.php:130
#1: KPLab\API\V2\Controller\Documents->postBackAction
	
#2: ReflectionMethod->invokeArgs
	/home/bitrix/www/bitrix/modules/main/lib/engine/autowire/binder.php:207
#3: Bitrix\Main\Engine\AutoWire\Binder->invoke
	/home/bitrix/www/bitrix/modules/main/lib/engine/action.php:117
#4: Bitrix\Main\Engine\Action->runWithSourceParametersList
	/home/bitrix/www/bitrix/modules/main/lib/engine/controller.php:425
#5: Bitrix\Main\Engine\Controller->run
	/home/bitrix/www/bitrix/modules/main/lib/httpapplication.php:140
----------
Host: crm.sodeistvie.su:443
Date: 2024-12-10 12:32:28
Module: documentPackageId
2218df17-0d4f-4852-ad30-3ba61a3d4dad
#0: KPLab\API\V2\Controller\Documents::addPassportData
	/home/bitrix/www/local/modules/kplab.api.v2/controller/Documents.php:130
#1: KPLab\API\V2\Controller\Documents->postBackAction
	
#2: ReflectionMethod->invokeArgs
	/home/bitrix/www/bitrix/modules/main/lib/engine/autowire/binder.php:207
#3: Bitrix\Main\Engine\AutoWire\Binder->invoke
	/home/bitrix/www/bitrix/modules/main/lib/engine/action.php:117
#4: Bitrix\Main\Engine\Action->runWithSourceParametersList
	/home/bitrix/www/bitrix/modules/main/lib/engine/controller.php:425
#5: Bitrix\Main\Engine\Controller->run
	/home/bitrix/www/bitrix/modules/main/lib/httpapplication.php:140
----------
Host: crm.sodeistvie.su:443
Date: 2024-12-10 14:32:41
Module: documentPackageId
d8b5e80c-2b27-4b84-a714-030119bf0c52
#0: KPLab\API\V2\Controller\Documents::addPassportData
	/home/bitrix/www/local/modules/kplab.api.v2/controller/Documents.php:130
#1: KPLab\API\V2\Controller\Documents->postBackAction
	
#2: ReflectionMethod->invokeArgs
	/home/bitrix/www/bitrix/modules/main/lib/engine/autowire/binder.php:207
#3: Bitrix\Main\Engine\AutoWire\Binder->invoke
	/home/bitrix/www/bitrix/modules/main/lib/engine/action.php:117
#4: Bitrix\Main\Engine\Action->runWithSourceParametersList
	/home/bitrix/www/bitrix/modules/main/lib/engine/controller.php:425
#5: Bitrix\Main\Engine\Controller->run
	/home/bitrix/www/bitrix/modules/main/lib/httpapplication.php:140
----------
Host: crm.sodeistvie.su:443
Date: 2024-12-10 15:02:48
Module: documentPackageId
b62c2bb5-686b-4094-aa27-00d99c33950a
#0: KPLab\API\V2\Controller\Documents::addPassportData
	/home/bitrix/www/local/modules/kplab.api.v2/controller/Documents.php:130
#1: KPLab\API\V2\Controller\Documents->postBackAction
	
#2: ReflectionMethod->invokeArgs
	/home/bitrix/www/bitrix/modules/main/lib/engine/autowire/binder.php:207
#3: Bitrix\Main\Engine\AutoWire\Binder->invoke
	/home/bitrix/www/bitrix/modules/main/lib/engine/action.php:117
#4: Bitrix\Main\Engine\Action->runWithSourceParametersList
	/home/bitrix/www/bitrix/modules/main/lib/engine/controller.php:425
#5: Bitrix\Main\Engine\Controller->run
	/home/bitrix/www/bitrix/modules/main/lib/httpapplication.php:140
----------
Host: crm.sodeistvie.su:443
Date: 2024-12-10 15:54:30
Module: documentPackageId
336f2021-2d95-4db0-b8dd-ae9594145154
#0: KPLab\API\V2\Controller\Documents::addPassportData
	/home/bitrix/www/local/modules/kplab.api.v2/controller/Documents.php:130
#1: KPLab\API\V2\Controller\Documents->postBackAction
	
#2: ReflectionMethod->invokeArgs
	/home/bitrix/www/bitrix/modules/main/lib/engine/autowire/binder.php:207
#3: Bitrix\Main\Engine\AutoWire\Binder->invoke
	/home/bitrix/www/bitrix/modules/main/lib/engine/action.php:117
#4: Bitrix\Main\Engine\Action->runWithSourceParametersList
	/home/bitrix/www/bitrix/modules/main/lib/engine/controller.php:425
#5: Bitrix\Main\Engine\Controller->run
	/home/bitrix/www/bitrix/modules/main/lib/httpapplication.php:140
----------
Host: crm.sodeistvie.su:443
Date: 2024-12-10 16:46:45
Module: documentPackageId
116a34f6-8806-4bf4-bbba-4c3dcf7ba2f7
#0: KPLab\API\V2\Controller\Documents::addPassportData
	/home/bitrix/www/local/modules/kplab.api.v2/controller/Documents.php:130
#1: KPLab\API\V2\Controller\Documents->postBackAction
	
#2: ReflectionMethod->invokeArgs
	/home/bitrix/www/bitrix/modules/main/lib/engine/autowire/binder.php:207
#3: Bitrix\Main\Engine\AutoWire\Binder->invoke
	/home/bitrix/www/bitrix/modules/main/lib/engine/action.php:117
#4: Bitrix\Main\Engine\Action->runWithSourceParametersList
	/home/bitrix/www/bitrix/modules/main/lib/engine/controller.php:425
#5: Bitrix\Main\Engine\Controller->run
	/home/bitrix/www/bitrix/modules/main/lib/httpapplication.php:140
----------
Host: crm.sodeistvie.su:443
Date: 2024-12-11 14:08:01
Module: documentPackageId
8a3b56da-723c-4c93-a691-d9f09e8023e5
#0: KPLab\API\V2\Controller\Documents::addPassportData
	/home/bitrix/www/local/modules/kplab.api.v2/controller/Documents.php:130
#1: KPLab\API\V2\Controller\Documents->postBackAction
	
#2: ReflectionMethod->invokeArgs
	/home/bitrix/www/bitrix/modules/main/lib/engine/autowire/binder.php:207
#3: Bitrix\Main\Engine\AutoWire\Binder->invoke
	/home/bitrix/www/bitrix/modules/main/lib/engine/action.php:117
#4: Bitrix\Main\Engine\Action->runWithSourceParametersList
	/home/bitrix/www/bitrix/modules/main/lib/engine/controller.php:425
#5: Bitrix\Main\Engine\Controller->run
	/home/bitrix/www/bitrix/modules/main/lib/httpapplication.php:140
----------
Host: crm.sodeistvie.su:443
Date: 2024-12-11 17:28:15
Module: documentPackageId
3ba2e13d-8930-495a-a70b-d2481a840267
#0: KPLab\API\V2\Controller\Documents::addPassportData
	/home/bitrix/www/local/modules/kplab.api.v2/controller/Documents.php:130
#1: KPLab\API\V2\Controller\Documents->postBackAction
	
#2: ReflectionMethod->invokeArgs
	/home/bitrix/www/bitrix/modules/main/lib/engine/autowire/binder.php:207
#3: Bitrix\Main\Engine\AutoWire\Binder->invoke
	/home/bitrix/www/bitrix/modules/main/lib/engine/action.php:117
#4: Bitrix\Main\Engine\Action->runWithSourceParametersList
	/home/bitrix/www/bitrix/modules/main/lib/engine/controller.php:425
#5: Bitrix\Main\Engine\Controller->run
	/home/bitrix/www/bitrix/modules/main/lib/httpapplication.php:140
----------
Host: crm.sodeistvie.su:443
Date: 2024-12-12 01:47:41
Module: documentPackageId
13cb2ef1-bfce-41aa-8e9b-8f696064f60b
#0: KPLab\API\V2\Controller\Documents::addPassportData
	/home/bitrix/www/local/modules/kplab.api.v2/controller/Documents.php:130
#1: KPLab\API\V2\Controller\Documents->postBackAction
	
#2: ReflectionMethod->invokeArgs
	/home/bitrix/www/bitrix/modules/main/lib/engine/autowire/binder.php:207
#3: Bitrix\Main\Engine\AutoWire\Binder->invoke
	/home/bitrix/www/bitrix/modules/main/lib/engine/action.php:117
#4: Bitrix\Main\Engine\Action->runWithSourceParametersList
	/home/bitrix/www/bitrix/modules/main/lib/engine/controller.php:425
#5: Bitrix\Main\Engine\Controller->run
	/home/bitrix/www/bitrix/modules/main/lib/httpapplication.php:140
----------
Host: crm.sodeistvie.su:443
Date: 2024-12-12 12:27:04
Module: documentPackageId
2f9cf22f-dd6c-401a-ab35-3100931b231e
#0: KPLab\API\V2\Controller\Documents::addPassportData
	/home/bitrix/www/local/modules/kplab.api.v2/controller/Documents.php:130
#1: KPLab\API\V2\Controller\Documents->postBackAction
	
#2: ReflectionMethod->invokeArgs
	/home/bitrix/www/bitrix/modules/main/lib/engine/autowire/binder.php:207
#3: Bitrix\Main\Engine\AutoWire\Binder->invoke
	/home/bitrix/www/bitrix/modules/main/lib/engine/action.php:117
#4: Bitrix\Main\Engine\Action->runWithSourceParametersList
	/home/bitrix/www/bitrix/modules/main/lib/engine/controller.php:425
#5: Bitrix\Main\Engine\Controller->run
	/home/bitrix/www/bitrix/modules/main/lib/httpapplication.php:140
----------
Host: crm.sodeistvie.su:443
Date: 2024-12-12 15:12:34
Module: documentPackageId
896ed295-17e7-480b-8077-28340862ce12
#0: KPLab\API\V2\Controller\Documents::addPassportData
	/home/bitrix/www/local/modules/kplab.api.v2/controller/Documents.php:130
#1: KPLab\API\V2\Controller\Documents->postBackAction
	
#2: ReflectionMethod->invokeArgs
	/home/bitrix/www/bitrix/modules/main/lib/engine/autowire/binder.php:207
#3: Bitrix\Main\Engine\AutoWire\Binder->invoke
	/home/bitrix/www/bitrix/modules/main/lib/engine/action.php:117
#4: Bitrix\Main\Engine\Action->runWithSourceParametersList
	/home/bitrix/www/bitrix/modules/main/lib/engine/controller.php:425
#5: Bitrix\Main\Engine\Controller->run
	/home/bitrix/www/bitrix/modules/main/lib/httpapplication.php:140
----------
Host: crm.sodeistvie.su:443
Date: 2024-12-12 16:37:09
Module: documentPackageId
30ab047f-4ef4-4c82-84fe-79ecfa683845
#0: KPLab\API\V2\Controller\Documents::addPassportData
	/home/bitrix/www/local/modules/kplab.api.v2/controller/Documents.php:130
#1: KPLab\API\V2\Controller\Documents->postBackAction
	
#2: ReflectionMethod->invokeArgs
	/home/bitrix/www/bitrix/modules/main/lib/engine/autowire/binder.php:207
#3: Bitrix\Main\Engine\AutoWire\Binder->invoke
	/home/bitrix/www/bitrix/modules/main/lib/engine/action.php:117
#4: Bitrix\Main\Engine\Action->runWithSourceParametersList
	/home/bitrix/www/bitrix/modules/main/lib/engine/controller.php:425
#5: Bitrix\Main\Engine\Controller->run
	/home/bitrix/www/bitrix/modules/main/lib/httpapplication.php:140
----------
Host: crm.sodeistvie.su:443
Date: 2024-12-12 17:09:10
Module: documentPackageId
6e082a45-ef93-4bde-ad5d-869913e26990
#0: KPLab\API\V2\Controller\Documents::addPassportData
	/home/bitrix/www/local/modules/kplab.api.v2/controller/Documents.php:130
#1: KPLab\API\V2\Controller\Documents->postBackAction
	
#2: ReflectionMethod->invokeArgs
	/home/bitrix/www/bitrix/modules/main/lib/engine/autowire/binder.php:207
#3: Bitrix\Main\Engine\AutoWire\Binder->invoke
	/home/bitrix/www/bitrix/modules/main/lib/engine/action.php:117
#4: Bitrix\Main\Engine\Action->runWithSourceParametersList
	/home/bitrix/www/bitrix/modules/main/lib/engine/controller.php:425
#5: Bitrix\Main\Engine\Controller->run
	/home/bitrix/www/bitrix/modules/main/lib/httpapplication.php:140
----------
Host: crm.sodeistvie.su:443
Date: 2024-12-12 17:34:40
Module: documentPackageId
67e1f625-7fb2-42e6-843e-4e6ec3ffca8f
#0: KPLab\API\V2\Controller\Documents::addPassportData
	/home/bitrix/www/local/modules/kplab.api.v2/controller/Documents.php:130
#1: KPLab\API\V2\Controller\Documents->postBackAction
	
#2: ReflectionMethod->invokeArgs
	/home/bitrix/www/bitrix/modules/main/lib/engine/autowire/binder.php:207
#3: Bitrix\Main\Engine\AutoWire\Binder->invoke
	/home/bitrix/www/bitrix/modules/main/lib/engine/action.php:117
#4: Bitrix\Main\Engine\Action->runWithSourceParametersList
	/home/bitrix/www/bitrix/modules/main/lib/engine/controller.php:425
#5: Bitrix\Main\Engine\Controller->run
	/home/bitrix/www/bitrix/modules/main/lib/httpapplication.php:140
----------
Host: crm.sodeistvie.su:443
Date: 2024-12-12 21:45:20
Module: documentPackageId
631409f1-db41-4892-9efb-4e17e05e834a
#0: KPLab\API\V2\Controller\Documents::addPassportData
	/home/bitrix/www/local/modules/kplab.api.v2/controller/Documents.php:130
#1: KPLab\API\V2\Controller\Documents->postBackAction
	
#2: ReflectionMethod->invokeArgs
	/home/bitrix/www/bitrix/modules/main/lib/engine/autowire/binder.php:207
#3: Bitrix\Main\Engine\AutoWire\Binder->invoke
	/home/bitrix/www/bitrix/modules/main/lib/engine/action.php:117
#4: Bitrix\Main\Engine\Action->runWithSourceParametersList
	/home/bitrix/www/bitrix/modules/main/lib/engine/controller.php:425
#5: Bitrix\Main\Engine\Controller->run
	/home/bitrix/www/bitrix/modules/main/lib/httpapplication.php:140
----------
Host: crm.sodeistvie.su:443
Date: 2024-12-13 00:22:23
Module: documentPackageId
a07e6aab-3fda-4347-8b00-9a970ce65c03
#0: KPLab\API\V2\Controller\Documents::addPassportData
	/home/bitrix/www/local/modules/kplab.api.v2/controller/Documents.php:130
#1: KPLab\API\V2\Controller\Documents->postBackAction
	
#2: ReflectionMethod->invokeArgs
	/home/bitrix/www/bitrix/modules/main/lib/engine/autowire/binder.php:207
#3: Bitrix\Main\Engine\AutoWire\Binder->invoke
	/home/bitrix/www/bitrix/modules/main/lib/engine/action.php:117
#4: Bitrix\Main\Engine\Action->runWithSourceParametersList
	/home/bitrix/www/bitrix/modules/main/lib/engine/controller.php:425
#5: Bitrix\Main\Engine\Controller->run
	/home/bitrix/www/bitrix/modules/main/lib/httpapplication.php:140
----------
Host: crm.sodeistvie.su:443
Date: 2024-12-13 11:42:01
Module: documentPackageId
92fe0f66-569e-488e-9f33-5f65ea3d1e9a
#0: KPLab\API\V2\Controller\Documents::addPassportData
	/home/bitrix/www/local/modules/kplab.api.v2/controller/Documents.php:130
#1: KPLab\API\V2\Controller\Documents->postBackAction
	
#2: ReflectionMethod->invokeArgs
	/home/bitrix/www/bitrix/modules/main/lib/engine/autowire/binder.php:207
#3: Bitrix\Main\Engine\AutoWire\Binder->invoke
	/home/bitrix/www/bitrix/modules/main/lib/engine/action.php:117
#4: Bitrix\Main\Engine\Action->runWithSourceParametersList
	/home/bitrix/www/bitrix/modules/main/lib/engine/controller.php:425
#5: Bitrix\Main\Engine\Controller->run
	/home/bitrix/www/bitrix/modules/main/lib/httpapplication.php:140
----------
Host: crm.sodeistvie.su:443
Date: 2024-12-13 13:23:33
Module: documentPackageId
de5d8111-1ac7-44b7-b7cd-591da3d15373
#0: KPLab\API\V2\Controller\Documents::addPassportData
	/home/bitrix/www/local/modules/kplab.api.v2/controller/Documents.php:130
#1: KPLab\API\V2\Controller\Documents->postBackAction
	
#2: ReflectionMethod->invokeArgs
	/home/bitrix/www/bitrix/modules/main/lib/engine/autowire/binder.php:207
#3: Bitrix\Main\Engine\AutoWire\Binder->invoke
	/home/bitrix/www/bitrix/modules/main/lib/engine/action.php:117
#4: Bitrix\Main\Engine\Action->runWithSourceParametersList
	/home/bitrix/www/bitrix/modules/main/lib/engine/controller.php:425
#5: Bitrix\Main\Engine\Controller->run
	/home/bitrix/www/bitrix/modules/main/lib/httpapplication.php:140
----------
Host: crm.sodeistvie.su:443
Date: 2024-12-13 13:26:23
Module: documentPackageId
3b7a751f-d456-4ebb-889c-b1e2d43bd1b7
#0: KPLab\API\V2\Controller\Documents::addPassportData
	/home/bitrix/www/local/modules/kplab.api.v2/controller/Documents.php:130
#1: KPLab\API\V2\Controller\Documents->postBackAction
	
#2: ReflectionMethod->invokeArgs
	/home/bitrix/www/bitrix/modules/main/lib/engine/autowire/binder.php:207
#3: Bitrix\Main\Engine\AutoWire\Binder->invoke
	/home/bitrix/www/bitrix/modules/main/lib/engine/action.php:117
#4: Bitrix\Main\Engine\Action->runWithSourceParametersList
	/home/bitrix/www/bitrix/modules/main/lib/engine/controller.php:425
#5: Bitrix\Main\Engine\Controller->run
	/home/bitrix/www/bitrix/modules/main/lib/httpapplication.php:140
----------
Host: crm.sodeistvie.su:443
Date: 2024-12-13 13:40:20
Module: documentPackageId
86d8ff39-db7d-4f39-8e16-e51789de066b
#0: KPLab\API\V2\Controller\Documents::addPassportData
	/home/bitrix/www/local/modules/kplab.api.v2/controller/Documents.php:130
#1: KPLab\API\V2\Controller\Documents->postBackAction
	
#2: ReflectionMethod->invokeArgs
	/home/bitrix/www/bitrix/modules/main/lib/engine/autowire/binder.php:207
#3: Bitrix\Main\Engine\AutoWire\Binder->invoke
	/home/bitrix/www/bitrix/modules/main/lib/engine/action.php:117
#4: Bitrix\Main\Engine\Action->runWithSourceParametersList
	/home/bitrix/www/bitrix/modules/main/lib/engine/controller.php:425
#5: Bitrix\Main\Engine\Controller->run
	/home/bitrix/www/bitrix/modules/main/lib/httpapplication.php:140
----------
Host: crm.sodeistvie.su:443
Date: 2024-12-13 14:59:13
Module: documentPackageId
93fd4c82-eb9c-4af0-b55c-e317a3060391
#0: KPLab\API\V2\Controller\Documents::addPassportData
	/home/bitrix/www/local/modules/kplab.api.v2/controller/Documents.php:130
#1: KPLab\API\V2\Controller\Documents->postBackAction
	
#2: ReflectionMethod->invokeArgs
	/home/bitrix/www/bitrix/modules/main/lib/engine/autowire/binder.php:207
#3: Bitrix\Main\Engine\AutoWire\Binder->invoke
	/home/bitrix/www/bitrix/modules/main/lib/engine/action.php:117
#4: Bitrix\Main\Engine\Action->runWithSourceParametersList
	/home/bitrix/www/bitrix/modules/main/lib/engine/controller.php:425
#5: Bitrix\Main\Engine\Controller->run
	/home/bitrix/www/bitrix/modules/main/lib/httpapplication.php:140
----------
Host: crm.sodeistvie.su:443
Date: 2024-12-13 16:18:33
Module: documentPackageId
261bd7a3-63f3-4d84-9fe3-a8557afc169f
#0: KPLab\API\V2\Controller\Documents::addPassportData
	/home/bitrix/www/local/modules/kplab.api.v2/controller/Documents.php:130
#1: KPLab\API\V2\Controller\Documents->postBackAction
	
#2: ReflectionMethod->invokeArgs
	/home/bitrix/www/bitrix/modules/main/lib/engine/autowire/binder.php:207
#3: Bitrix\Main\Engine\AutoWire\Binder->invoke
	/home/bitrix/www/bitrix/modules/main/lib/engine/action.php:117
#4: Bitrix\Main\Engine\Action->runWithSourceParametersList
	/home/bitrix/www/bitrix/modules/main/lib/engine/controller.php:425
#5: Bitrix\Main\Engine\Controller->run
	/home/bitrix/www/bitrix/modules/main/lib/httpapplication.php:140
----------
Host: crm.sodeistvie.su:443
Date: 2024-12-13 18:45:53
Module: documentPackageId
a5fd09e2-24d2-4b45-ac45-ee475034a939
#0: KPLab\API\V2\Controller\Documents::addPassportData
	/home/bitrix/www/local/modules/kplab.api.v2/controller/Documents.php:130
#1: KPLab\API\V2\Controller\Documents->postBackAction
	
#2: ReflectionMethod->invokeArgs
	/home/bitrix/www/bitrix/modules/main/lib/engine/autowire/binder.php:207
#3: Bitrix\Main\Engine\AutoWire\Binder->invoke
	/home/bitrix/www/bitrix/modules/main/lib/engine/action.php:117
#4: Bitrix\Main\Engine\Action->runWithSourceParametersList
	/home/bitrix/www/bitrix/modules/main/lib/engine/controller.php:425
#5: Bitrix\Main\Engine\Controller->run
	/home/bitrix/www/bitrix/modules/main/lib/httpapplication.php:140
----------
Host: crm.sodeistvie.su:443
Date: 2024-12-14 02:01:06
Module: documentPackageId
91843204-d31c-4ce5-a1c1-c19990ec6c24
#0: KPLab\API\V2\Controller\Documents::addPassportData
	/home/bitrix/www/local/modules/kplab.api.v2/controller/Documents.php:130
#1: KPLab\API\V2\Controller\Documents->postBackAction
	
#2: ReflectionMethod->invokeArgs
	/home/bitrix/www/bitrix/modules/main/lib/engine/autowire/binder.php:207
#3: Bitrix\Main\Engine\AutoWire\Binder->invoke
	/home/bitrix/www/bitrix/modules/main/lib/engine/action.php:117
#4: Bitrix\Main\Engine\Action->runWithSourceParametersList
	/home/bitrix/www/bitrix/modules/main/lib/engine/controller.php:425
#5: Bitrix\Main\Engine\Controller->run
	/home/bitrix/www/bitrix/modules/main/lib/httpapplication.php:140
----------
Host: crm.sodeistvie.su:443
Date: 2024-12-16 12:15:03
Module: documentPackageId
523f6161-293e-4616-87a4-a80d31169516
#0: KPLab\API\V2\Controller\Documents::addPassportData
	/home/bitrix/www/local/modules/kplab.api.v2/controller/Documents.php:130
#1: KPLab\API\V2\Controller\Documents->postBackAction
	
#2: ReflectionMethod->invokeArgs
	/home/bitrix/www/bitrix/modules/main/lib/engine/autowire/binder.php:207
#3: Bitrix\Main\Engine\AutoWire\Binder->invoke
	/home/bitrix/www/bitrix/modules/main/lib/engine/action.php:117
#4: Bitrix\Main\Engine\Action->runWithSourceParametersList
	/home/bitrix/www/bitrix/modules/main/lib/engine/controller.php:425
#5: Bitrix\Main\Engine\Controller->run
	/home/bitrix/www/bitrix/modules/main/lib/httpapplication.php:140
----------
Host: crm.sodeistvie.su:443
Date: 2024-12-16 14:11:21
Module: documentPackageId
3ab49168-3b35-494b-9c49-ee7be0eee6f3
#0: KPLab\API\V2\Controller\Documents::addPassportData
	/home/bitrix/www/local/modules/kplab.api.v2/controller/Documents.php:130
#1: KPLab\API\V2\Controller\Documents->postBackAction
	
#2: ReflectionMethod->invokeArgs
	/home/bitrix/www/bitrix/modules/main/lib/engine/autowire/binder.php:207
#3: Bitrix\Main\Engine\AutoWire\Binder->invoke
	/home/bitrix/www/bitrix/modules/main/lib/engine/action.php:117
#4: Bitrix\Main\Engine\Action->runWithSourceParametersList
	/home/bitrix/www/bitrix/modules/main/lib/engine/controller.php:425
#5: Bitrix\Main\Engine\Controller->run
	/home/bitrix/www/bitrix/modules/main/lib/httpapplication.php:140
----------
Host: crm.sodeistvie.su:443
Date: 2024-12-16 14:28:16
Module: documentPackageId
5ce872f9-a7a3-49da-84cc-f17a89e660f7
#0: KPLab\API\V2\Controller\Documents::addPassportData
	/home/bitrix/www/local/modules/kplab.api.v2/controller/Documents.php:130
#1: KPLab\API\V2\Controller\Documents->postBackAction
	
#2: ReflectionMethod->invokeArgs
	/home/bitrix/www/bitrix/modules/main/lib/engine/autowire/binder.php:207
#3: Bitrix\Main\Engine\AutoWire\Binder->invoke
	/home/bitrix/www/bitrix/modules/main/lib/engine/action.php:117
#4: Bitrix\Main\Engine\Action->runWithSourceParametersList
	/home/bitrix/www/bitrix/modules/main/lib/engine/controller.php:425
#5: Bitrix\Main\Engine\Controller->run
	/home/bitrix/www/bitrix/modules/main/lib/httpapplication.php:140
----------
Host: crm.sodeistvie.su:443
Date: 2024-12-16 15:04:57
Module: documentPackageId
e5dc7ac0-c0b5-41ff-8ae3-67dd9f5920b0
#0: KPLab\API\V2\Controller\Documents::addPassportData
	/home/bitrix/www/local/modules/kplab.api.v2/controller/Documents.php:130
#1: KPLab\API\V2\Controller\Documents->postBackAction
	
#2: ReflectionMethod->invokeArgs
	/home/bitrix/www/bitrix/modules/main/lib/engine/autowire/binder.php:207
#3: Bitrix\Main\Engine\AutoWire\Binder->invoke
	/home/bitrix/www/bitrix/modules/main/lib/engine/action.php:117
#4: Bitrix\Main\Engine\Action->runWithSourceParametersList
	/home/bitrix/www/bitrix/modules/main/lib/engine/controller.php:425
#5: Bitrix\Main\Engine\Controller->run
	/home/bitrix/www/bitrix/modules/main/lib/httpapplication.php:140
----------
Host: crm.sodeistvie.su:443
Date: 2024-12-16 17:39:25
Module: documentPackageId
9bb5addb-f2a8-47cf-ac6f-8b38b5fcb639
#0: KPLab\API\V2\Controller\Documents::addPassportData
	/home/bitrix/www/local/modules/kplab.api.v2/controller/Documents.php:130
#1: KPLab\API\V2\Controller\Documents->postBackAction
	
#2: ReflectionMethod->invokeArgs
	/home/bitrix/www/bitrix/modules/main/lib/engine/autowire/binder.php:207
#3: Bitrix\Main\Engine\AutoWire\Binder->invoke
	/home/bitrix/www/bitrix/modules/main/lib/engine/action.php:117
#4: Bitrix\Main\Engine\Action->runWithSourceParametersList
	/home/bitrix/www/bitrix/modules/main/lib/engine/controller.php:425
#5: Bitrix\Main\Engine\Controller->run
	/home/bitrix/www/bitrix/modules/main/lib/httpapplication.php:140
----------
Host: crm.sodeistvie.su:443
Date: 2024-12-16 18:07:02
Module: documentPackageId
edee8585-714a-40c4-b7b2-856598dc15d0
#0: KPLab\API\V2\Controller\Documents::addPassportData
	/home/bitrix/www/local/modules/kplab.api.v2/controller/Documents.php:130
#1: KPLab\API\V2\Controller\Documents->postBackAction
	
#2: ReflectionMethod->invokeArgs
	/home/bitrix/www/bitrix/modules/main/lib/engine/autowire/binder.php:207
#3: Bitrix\Main\Engine\AutoWire\Binder->invoke
	/home/bitrix/www/bitrix/modules/main/lib/engine/action.php:117
#4: Bitrix\Main\Engine\Action->runWithSourceParametersList
	/home/bitrix/www/bitrix/modules/main/lib/engine/controller.php:425
#5: Bitrix\Main\Engine\Controller->run
	/home/bitrix/www/bitrix/modules/main/lib/httpapplication.php:140
----------
Host: crm.sodeistvie.su:443
Date: 2024-12-16 19:00:31
Module: documentPackageId
c9afcedc-9f52-4bae-8279-247daa910848
#0: KPLab\API\V2\Controller\Documents::addPassportData
	/home/bitrix/www/local/modules/kplab.api.v2/controller/Documents.php:130
#1: KPLab\API\V2\Controller\Documents->postBackAction
	
#2: ReflectionMethod->invokeArgs
	/home/bitrix/www/bitrix/modules/main/lib/engine/autowire/binder.php:207
#3: Bitrix\Main\Engine\AutoWire\Binder->invoke
	/home/bitrix/www/bitrix/modules/main/lib/engine/action.php:117
#4: Bitrix\Main\Engine\Action->runWithSourceParametersList
	/home/bitrix/www/bitrix/modules/main/lib/engine/controller.php:425
#5: Bitrix\Main\Engine\Controller->run
	/home/bitrix/www/bitrix/modules/main/lib/httpapplication.php:140
----------
Host: crm.sodeistvie.su:443
Date: 2024-12-16 19:23:37
Module: documentPackageId
58c85b02-807d-4a0e-88ab-8710bce00345
#0: KPLab\API\V2\Controller\Documents::addPassportData
	/home/bitrix/www/local/modules/kplab.api.v2/controller/Documents.php:130
#1: KPLab\API\V2\Controller\Documents->postBackAction
	
#2: ReflectionMethod->invokeArgs
	/home/bitrix/www/bitrix/modules/main/lib/engine/autowire/binder.php:207
#3: Bitrix\Main\Engine\AutoWire\Binder->invoke
	/home/bitrix/www/bitrix/modules/main/lib/engine/action.php:117
#4: Bitrix\Main\Engine\Action->runWithSourceParametersList
	/home/bitrix/www/bitrix/modules/main/lib/engine/controller.php:425
#5: Bitrix\Main\Engine\Controller->run
	/home/bitrix/www/bitrix/modules/main/lib/httpapplication.php:140
----------
Host: crm.sodeistvie.su:443
Date: 2024-12-16 21:25:54
Module: documentPackageId
8e79d61f-9e93-4a83-82d4-ce5eca93ff44
#0: KPLab\API\V2\Controller\Documents::addPassportData
	/home/bitrix/www/local/modules/kplab.api.v2/controller/Documents.php:130
#1: KPLab\API\V2\Controller\Documents->postBackAction
	
#2: ReflectionMethod->invokeArgs
	/home/bitrix/www/bitrix/modules/main/lib/engine/autowire/binder.php:207
#3: Bitrix\Main\Engine\AutoWire\Binder->invoke
	/home/bitrix/www/bitrix/modules/main/lib/engine/action.php:117
#4: Bitrix\Main\Engine\Action->runWithSourceParametersList
	/home/bitrix/www/bitrix/modules/main/lib/engine/controller.php:425
#5: Bitrix\Main\Engine\Controller->run
	/home/bitrix/www/bitrix/modules/main/lib/httpapplication.php:140
----------
Host: crm.sodeistvie.su:443
Date: 2024-12-17 17:12:57
Module: documentPackageId
f7304ff0-43cb-4093-8bbf-a6613cd26689
#0: KPLab\API\V2\Controller\Documents::addPassportData
	/home/bitrix/www/local/modules/kplab.api.v2/controller/Documents.php:130
#1: KPLab\API\V2\Controller\Documents->postBackAction
	
#2: ReflectionMethod->invokeArgs
	/home/bitrix/www/bitrix/modules/main/lib/engine/autowire/binder.php:207
#3: Bitrix\Main\Engine\AutoWire\Binder->invoke
	/home/bitrix/www/bitrix/modules/main/lib/engine/action.php:117
#4: Bitrix\Main\Engine\Action->runWithSourceParametersList
	/home/bitrix/www/bitrix/modules/main/lib/engine/controller.php:425
#5: Bitrix\Main\Engine\Controller->run
	/home/bitrix/www/bitrix/modules/main/lib/httpapplication.php:140
----------
Host: crm.sodeistvie.su:443
Date: 2024-12-17 17:47:52
Module: documentPackageId
347f2cb9-7157-4d42-b858-dacb413a16a8
#0: KPLab\API\V2\Controller\Documents::addPassportData
	/home/bitrix/www/local/modules/kplab.api.v2/controller/Documents.php:130
#1: KPLab\API\V2\Controller\Documents->postBackAction
	
#2: ReflectionMethod->invokeArgs
	/home/bitrix/www/bitrix/modules/main/lib/engine/autowire/binder.php:207
#3: Bitrix\Main\Engine\AutoWire\Binder->invoke
	/home/bitrix/www/bitrix/modules/main/lib/engine/action.php:117
#4: Bitrix\Main\Engine\Action->runWithSourceParametersList
	/home/bitrix/www/bitrix/modules/main/lib/engine/controller.php:425
#5: Bitrix\Main\Engine\Controller->run
	/home/bitrix/www/bitrix/modules/main/lib/httpapplication.php:140
----------
Host: crm.sodeistvie.su:443
Date: 2024-12-17 18:01:42
Module: documentPackageId
089dfe4c-26fd-4c87-a41c-80ca7c2f7eef
#0: KPLab\API\V2\Controller\Documents::addPassportData
	/home/bitrix/www/local/modules/kplab.api.v2/controller/Documents.php:130
#1: KPLab\API\V2\Controller\Documents->postBackAction
	
#2: ReflectionMethod->invokeArgs
	/home/bitrix/www/bitrix/modules/main/lib/engine/autowire/binder.php:207
#3: Bitrix\Main\Engine\AutoWire\Binder->invoke
	/home/bitrix/www/bitrix/modules/main/lib/engine/action.php:117
#4: Bitrix\Main\Engine\Action->runWithSourceParametersList
	/home/bitrix/www/bitrix/modules/main/lib/engine/controller.php:425
#5: Bitrix\Main\Engine\Controller->run
	/home/bitrix/www/bitrix/modules/main/lib/httpapplication.php:140
----------
Host: crm.sodeistvie.su:443
Date: 2024-12-17 18:45:42
Module: documentPackageId
a4a88587-c35d-4c35-8a22-c646ff1db346
#0: KPLab\API\V2\Controller\Documents::addPassportData
	/home/bitrix/www/local/modules/kplab.api.v2/controller/Documents.php:130
#1: KPLab\API\V2\Controller\Documents->postBackAction
	
#2: ReflectionMethod->invokeArgs
	/home/bitrix/www/bitrix/modules/main/lib/engine/autowire/binder.php:207
#3: Bitrix\Main\Engine\AutoWire\Binder->invoke
	/home/bitrix/www/bitrix/modules/main/lib/engine/action.php:117
#4: Bitrix\Main\Engine\Action->runWithSourceParametersList
	/home/bitrix/www/bitrix/modules/main/lib/engine/controller.php:425
#5: Bitrix\Main\Engine\Controller->run
	/home/bitrix/www/bitrix/modules/main/lib/httpapplication.php:140
----------
Host: crm.sodeistvie.su:443
Date: 2024-12-18 15:37:32
Module: documentPackageId
925a1b8b-f9cb-41fc-a0b1-8c0a46c7b409
#0: KPLab\API\V2\Controller\Documents::addPassportData
	/home/bitrix/www/local/modules/kplab.api.v2/controller/Documents.php:130
#1: KPLab\API\V2\Controller\Documents->postBackAction
	
#2: ReflectionMethod->invokeArgs
	/home/bitrix/www/bitrix/modules/main/lib/engine/autowire/binder.php:207
#3: Bitrix\Main\Engine\AutoWire\Binder->invoke
	/home/bitrix/www/bitrix/modules/main/lib/engine/action.php:117
#4: Bitrix\Main\Engine\Action->runWithSourceParametersList
	/home/bitrix/www/bitrix/modules/main/lib/engine/controller.php:425
#5: Bitrix\Main\Engine\Controller->run
	/home/bitrix/www/bitrix/modules/main/lib/httpapplication.php:140
----------
Host: crm.sodeistvie.su:443
Date: 2024-12-18 16:01:44
Module: documentPackageId
f7ff342f-3503-4893-9f71-7a5b8ff12207
#0: KPLab\API\V2\Controller\Documents::addPassportData
	/home/bitrix/www/local/modules/kplab.api.v2/controller/Documents.php:130
#1: KPLab\API\V2\Controller\Documents->postBackAction
	
#2: ReflectionMethod->invokeArgs
	/home/bitrix/www/bitrix/modules/main/lib/engine/autowire/binder.php:207
#3: Bitrix\Main\Engine\AutoWire\Binder->invoke
	/home/bitrix/www/bitrix/modules/main/lib/engine/action.php:117
#4: Bitrix\Main\Engine\Action->runWithSourceParametersList
	/home/bitrix/www/bitrix/modules/main/lib/engine/controller.php:425
#5: Bitrix\Main\Engine\Controller->run
	/home/bitrix/www/bitrix/modules/main/lib/httpapplication.php:140
----------
Host: crm.sodeistvie.su:443
Date: 2024-12-18 18:49:25
Module: documentPackageId
236eef89-d629-47e4-85e0-9d1793776a9e
#0: KPLab\API\V2\Controller\Documents::addPassportData
	/home/bitrix/www/local/modules/kplab.api.v2/controller/Documents.php:130
#1: KPLab\API\V2\Controller\Documents->postBackAction
	
#2: ReflectionMethod->invokeArgs
	/home/bitrix/www/bitrix/modules/main/lib/engine/autowire/binder.php:207
#3: Bitrix\Main\Engine\AutoWire\Binder->invoke
	/home/bitrix/www/bitrix/modules/main/lib/engine/action.php:117
#4: Bitrix\Main\Engine\Action->runWithSourceParametersList
	/home/bitrix/www/bitrix/modules/main/lib/engine/controller.php:425
#5: Bitrix\Main\Engine\Controller->run
	/home/bitrix/www/bitrix/modules/main/lib/httpapplication.php:140
----------
Host: crm.sodeistvie.su:443
Date: 2024-12-18 18:59:17
Module: documentPackageId
0288a57c-fae4-49e7-a361-72a3f6a8566f
#0: KPLab\API\V2\Controller\Documents::addPassportData
	/home/bitrix/www/local/modules/kplab.api.v2/controller/Documents.php:130
#1: KPLab\API\V2\Controller\Documents->postBackAction
	
#2: ReflectionMethod->invokeArgs
	/home/bitrix/www/bitrix/modules/main/lib/engine/autowire/binder.php:207
#3: Bitrix\Main\Engine\AutoWire\Binder->invoke
	/home/bitrix/www/bitrix/modules/main/lib/engine/action.php:117
#4: Bitrix\Main\Engine\Action->runWithSourceParametersList
	/home/bitrix/www/bitrix/modules/main/lib/engine/controller.php:425
#5: Bitrix\Main\Engine\Controller->run
	/home/bitrix/www/bitrix/modules/main/lib/httpapplication.php:140
----------
Host: crm.sodeistvie.su:443
Date: 2024-12-18 21:32:19
Module: documentPackageId
281a8b29-cc7d-4b4b-9513-131dd29176b7
#0: KPLab\API\V2\Controller\Documents::addPassportData
	/home/bitrix/www/local/modules/kplab.api.v2/controller/Documents.php:130
#1: KPLab\API\V2\Controller\Documents->postBackAction
	
#2: ReflectionMethod->invokeArgs
	/home/bitrix/www/bitrix/modules/main/lib/engine/autowire/binder.php:207
#3: Bitrix\Main\Engine\AutoWire\Binder->invoke
	/home/bitrix/www/bitrix/modules/main/lib/engine/action.php:117
#4: Bitrix\Main\Engine\Action->runWithSourceParametersList
	/home/bitrix/www/bitrix/modules/main/lib/engine/controller.php:425
#5: Bitrix\Main\Engine\Controller->run
	/home/bitrix/www/bitrix/modules/main/lib/httpapplication.php:140
----------
Host: crm.sodeistvie.su:443
Date: 2024-12-19 15:45:20
Module: documentPackageId
54e0a99c-46d5-4efa-82de-a180d723b114
#0: KPLab\API\V2\Controller\Documents::addPassportData
	/home/bitrix/www/local/modules/kplab.api.v2/controller/Documents.php:130
#1: KPLab\API\V2\Controller\Documents->postBackAction
	
#2: ReflectionMethod->invokeArgs
	/home/bitrix/www/bitrix/modules/main/lib/engine/autowire/binder.php:207
#3: Bitrix\Main\Engine\AutoWire\Binder->invoke
	/home/bitrix/www/bitrix/modules/main/lib/engine/action.php:117
#4: Bitrix\Main\Engine\Action->runWithSourceParametersList
	/home/bitrix/www/bitrix/modules/main/lib/engine/controller.php:425
#5: Bitrix\Main\Engine\Controller->run
	/home/bitrix/www/bitrix/modules/main/lib/httpapplication.php:140
----------
Host: crm.sodeistvie.su:443
Date: 2024-12-20 11:38:50
Module: documentPackageId
43fee400-ee19-4958-b36b-8b3af8bd58e5
#0: KPLab\API\V2\Controller\Documents::addPassportData
	/home/bitrix/www/local/modules/kplab.api.v2/controller/Documents.php:130
#1: KPLab\API\V2\Controller\Documents->postBackAction
	
#2: ReflectionMethod->invokeArgs
	/home/bitrix/www/bitrix/modules/main/lib/engine/autowire/binder.php:207
#3: Bitrix\Main\Engine\AutoWire\Binder->invoke
	/home/bitrix/www/bitrix/modules/main/lib/engine/action.php:117
#4: Bitrix\Main\Engine\Action->runWithSourceParametersList
	/home/bitrix/www/bitrix/modules/main/lib/engine/controller.php:425
#5: Bitrix\Main\Engine\Controller->run
	/home/bitrix/www/bitrix/modules/main/lib/httpapplication.php:140
----------
Host: crm.sodeistvie.su:443
Date: 2024-12-20 13:00:24
Module: documentPackageId
72e4b910-8895-4473-840e-2e2bc1b8b254
#0: KPLab\API\V2\Controller\Documents::addPassportData
	/home/bitrix/www/local/modules/kplab.api.v2/controller/Documents.php:130
#1: KPLab\API\V2\Controller\Documents->postBackAction
	
#2: ReflectionMethod->invokeArgs
	/home/bitrix/www/bitrix/modules/main/lib/engine/autowire/binder.php:207
#3: Bitrix\Main\Engine\AutoWire\Binder->invoke
	/home/bitrix/www/bitrix/modules/main/lib/engine/action.php:117
#4: Bitrix\Main\Engine\Action->runWithSourceParametersList
	/home/bitrix/www/bitrix/modules/main/lib/engine/controller.php:425
#5: Bitrix\Main\Engine\Controller->run
	/home/bitrix/www/bitrix/modules/main/lib/httpapplication.php:140
----------
Host: crm.sodeistvie.su:443
Date: 2024-12-20 13:19:27
Module: documentPackageId
f692aee7-90e2-41d7-80cb-0d49bc939448
#0: KPLab\API\V2\Controller\Documents::addPassportData
	/home/bitrix/www/local/modules/kplab.api.v2/controller/Documents.php:130
#1: KPLab\API\V2\Controller\Documents->postBackAction
	
#2: ReflectionMethod->invokeArgs
	/home/bitrix/www/bitrix/modules/main/lib/engine/autowire/binder.php:207
#3: Bitrix\Main\Engine\AutoWire\Binder->invoke
	/home/bitrix/www/bitrix/modules/main/lib/engine/action.php:117
#4: Bitrix\Main\Engine\Action->runWithSourceParametersList
	/home/bitrix/www/bitrix/modules/main/lib/engine/controller.php:425
#5: Bitrix\Main\Engine\Controller->run
	/home/bitrix/www/bitrix/modules/main/lib/httpapplication.php:140
----------
Host: crm.sodeistvie.su:443
Date: 2024-12-20 14:04:17
Module: documentPackageId
9bc13988-5a61-4084-a319-4d2772b204f5
#0: KPLab\API\V2\Controller\Documents::addPassportData
	/home/bitrix/www/local/modules/kplab.api.v2/controller/Documents.php:130
#1: KPLab\API\V2\Controller\Documents->postBackAction
	
#2: ReflectionMethod->invokeArgs
	/home/bitrix/www/bitrix/modules/main/lib/engine/autowire/binder.php:207
#3: Bitrix\Main\Engine\AutoWire\Binder->invoke
	/home/bitrix/www/bitrix/modules/main/lib/engine/action.php:117
#4: Bitrix\Main\Engine\Action->runWithSourceParametersList
	/home/bitrix/www/bitrix/modules/main/lib/engine/controller.php:425
#5: Bitrix\Main\Engine\Controller->run
	/home/bitrix/www/bitrix/modules/main/lib/httpapplication.php:140
----------
Host: crm.sodeistvie.su:443
Date: 2024-12-22 20:09:48
Module: documentPackageId
3a76f682-cd9e-4406-96f7-85cc88b822df
#0: KPLab\API\V2\Controller\Documents::addPassportData
	/home/bitrix/www/local/modules/kplab.api.v2/controller/Documents.php:130
#1: KPLab\API\V2\Controller\Documents->postBackAction
	
#2: ReflectionMethod->invokeArgs
	/home/bitrix/www/bitrix/modules/main/lib/engine/autowire/binder.php:207
#3: Bitrix\Main\Engine\AutoWire\Binder->invoke
	/home/bitrix/www/bitrix/modules/main/lib/engine/action.php:117
#4: Bitrix\Main\Engine\Action->runWithSourceParametersList
	/home/bitrix/www/bitrix/modules/main/lib/engine/controller.php:425
#5: Bitrix\Main\Engine\Controller->run
	/home/bitrix/www/bitrix/modules/main/lib/httpapplication.php:140
----------
Host: crm.sodeistvie.su:443
Date: 2024-12-23 14:17:23
Module: documentPackageId
fe85df19-ae89-47e4-becc-76514b5ee5c6
#0: KPLab\API\V2\Controller\Documents::addPassportData
	/home/bitrix/www/local/modules/kplab.api.v2/controller/Documents.php:130
#1: KPLab\API\V2\Controller\Documents->postBackAction
	
#2: ReflectionMethod->invokeArgs
	/home/bitrix/www/bitrix/modules/main/lib/engine/autowire/binder.php:207
#3: Bitrix\Main\Engine\AutoWire\Binder->invoke
	/home/bitrix/www/bitrix/modules/main/lib/engine/action.php:117
#4: Bitrix\Main\Engine\Action->runWithSourceParametersList
	/home/bitrix/www/bitrix/modules/main/lib/engine/controller.php:425
#5: Bitrix\Main\Engine\Controller->run
	/home/bitrix/www/bitrix/modules/main/lib/httpapplication.php:140
----------
Host: crm.sodeistvie.su:443
Date: 2024-12-23 17:17:56
Module: documentPackageId
7fb1f1eb-c854-4749-a718-99ebf0cf3ceb
#0: KPLab\API\V2\Controller\Documents::addPassportData
	/home/bitrix/www/local/modules/kplab.api.v2/controller/Documents.php:130
#1: KPLab\API\V2\Controller\Documents->postBackAction
	
#2: ReflectionMethod->invokeArgs
	/home/bitrix/www/bitrix/modules/main/lib/engine/autowire/binder.php:207
#3: Bitrix\Main\Engine\AutoWire\Binder->invoke
	/home/bitrix/www/bitrix/modules/main/lib/engine/action.php:117
#4: Bitrix\Main\Engine\Action->runWithSourceParametersList
	/home/bitrix/www/bitrix/modules/main/lib/engine/controller.php:425
#5: Bitrix\Main\Engine\Controller->run
	/home/bitrix/www/bitrix/modules/main/lib/httpapplication.php:140
----------
Host: crm.sodeistvie.su:443
Date: 2024-12-23 17:48:58
Module: documentPackageId
6dfd745d-e0b5-49db-be86-87d56b7c0f6b
#0: KPLab\API\V2\Controller\Documents::addPassportData
	/home/bitrix/www/local/modules/kplab.api.v2/controller/Documents.php:130
#1: KPLab\API\V2\Controller\Documents->postBackAction
	
#2: ReflectionMethod->invokeArgs
	/home/bitrix/www/bitrix/modules/main/lib/engine/autowire/binder.php:207
#3: Bitrix\Main\Engine\AutoWire\Binder->invoke
	/home/bitrix/www/bitrix/modules/main/lib/engine/action.php:117
#4: Bitrix\Main\Engine\Action->runWithSourceParametersList
	/home/bitrix/www/bitrix/modules/main/lib/engine/controller.php:425
#5: Bitrix\Main\Engine\Controller->run
	/home/bitrix/www/bitrix/modules/main/lib/httpapplication.php:140
----------
Host: crm.sodeistvie.su:443
Date: 2024-12-24 18:37:11
Module: documentPackageId
01fa85ad-6226-472f-9fdd-8f76e0570435
#0: KPLab\API\V2\Controller\Documents::addPassportData
	/home/bitrix/www/local/modules/kplab.api.v2/controller/Documents.php:130
#1: KPLab\API\V2\Controller\Documents->postBackAction
	
#2: ReflectionMethod->invokeArgs
	/home/bitrix/www/bitrix/modules/main/lib/engine/autowire/binder.php:207
#3: Bitrix\Main\Engine\AutoWire\Binder->invoke
	/home/bitrix/www/bitrix/modules/main/lib/engine/action.php:117
#4: Bitrix\Main\Engine\Action->runWithSourceParametersList
	/home/bitrix/www/bitrix/modules/main/lib/engine/controller.php:425
#5: Bitrix\Main\Engine\Controller->run
	/home/bitrix/www/bitrix/modules/main/lib/httpapplication.php:140
----------
Host: crm.sodeistvie.su:443
Date: 2024-12-25 14:18:26
Module: documentPackageId
791c7ae7-0f5b-4466-8a2b-c5b579243cde
#0: KPLab\API\V2\Controller\Documents::addPassportData
	/home/bitrix/www/local/modules/kplab.api.v2/controller/Documents.php:130
#1: KPLab\API\V2\Controller\Documents->postBackAction
	
#2: ReflectionMethod->invokeArgs
	/home/bitrix/www/bitrix/modules/main/lib/engine/autowire/binder.php:207
#3: Bitrix\Main\Engine\AutoWire\Binder->invoke
	/home/bitrix/www/bitrix/modules/main/lib/engine/action.php:117
#4: Bitrix\Main\Engine\Action->runWithSourceParametersList
	/home/bitrix/www/bitrix/modules/main/lib/engine/controller.php:425
#5: Bitrix\Main\Engine\Controller->run
	/home/bitrix/www/bitrix/modules/main/lib/httpapplication.php:140
----------
Host: crm.sodeistvie.su:443
Date: 2024-12-25 15:34:41
Module: documentPackageId
35b54db1-f2a2-420a-990d-e32050debcf2
#0: KPLab\API\V2\Controller\Documents::addPassportData
	/home/bitrix/www/local/modules/kplab.api.v2/controller/Documents.php:130
#1: KPLab\API\V2\Controller\Documents->postBackAction
	
#2: ReflectionMethod->invokeArgs
	/home/bitrix/www/bitrix/modules/main/lib/engine/autowire/binder.php:207
#3: Bitrix\Main\Engine\AutoWire\Binder->invoke
	/home/bitrix/www/bitrix/modules/main/lib/engine/action.php:117
#4: Bitrix\Main\Engine\Action->runWithSourceParametersList
	/home/bitrix/www/bitrix/modules/main/lib/engine/controller.php:425
#5: Bitrix\Main\Engine\Controller->run
	/home/bitrix/www/bitrix/modules/main/lib/httpapplication.php:140
----------
Host: crm.sodeistvie.su:443
Date: 2024-12-26 12:07:47
Module: documentPackageId
f0a58ea5-db5c-4499-8281-321e761cc5d2
#0: KPLab\API\V2\Controller\Documents::addPassportData
	/home/bitrix/www/local/modules/kplab.api.v2/controller/Documents.php:130
#1: KPLab\API\V2\Controller\Documents->postBackAction
	
#2: ReflectionMethod->invokeArgs
	/home/bitrix/www/bitrix/modules/main/lib/engine/autowire/binder.php:207
#3: Bitrix\Main\Engine\AutoWire\Binder->invoke
	/home/bitrix/www/bitrix/modules/main/lib/engine/action.php:117
#4: Bitrix\Main\Engine\Action->runWithSourceParametersList
	/home/bitrix/www/bitrix/modules/main/lib/engine/controller.php:425
#5: Bitrix\Main\Engine\Controller->run
	/home/bitrix/www/bitrix/modules/main/lib/httpapplication.php:140
----------
Host: crm.sodeistvie.su:443
Date: 2024-12-26 12:36:58
Module: documentPackageId
05e60e6c-58e8-4291-8278-7d348f149009
#0: KPLab\API\V2\Controller\Documents::addPassportData
	/home/bitrix/www/local/modules/kplab.api.v2/controller/Documents.php:130
#1: KPLab\API\V2\Controller\Documents->postBackAction
	
#2: ReflectionMethod->invokeArgs
	/home/bitrix/www/bitrix/modules/main/lib/engine/autowire/binder.php:207
#3: Bitrix\Main\Engine\AutoWire\Binder->invoke
	/home/bitrix/www/bitrix/modules/main/lib/engine/action.php:117
#4: Bitrix\Main\Engine\Action->runWithSourceParametersList
	/home/bitrix/www/bitrix/modules/main/lib/engine/controller.php:425
#5: Bitrix\Main\Engine\Controller->run
	/home/bitrix/www/bitrix/modules/main/lib/httpapplication.php:140
----------
Host: crm.sodeistvie.su:443
Date: 2024-12-26 13:38:02
Module: documentPackageId
c3b96dca-5f96-4c6b-b5d0-30b68a4c51b7
#0: KPLab\API\V2\Controller\Documents::addPassportData
	/home/bitrix/www/local/modules/kplab.api.v2/controller/Documents.php:130
#1: KPLab\API\V2\Controller\Documents->postBackAction
	
#2: ReflectionMethod->invokeArgs
	/home/bitrix/www/bitrix/modules/main/lib/engine/autowire/binder.php:207
#3: Bitrix\Main\Engine\AutoWire\Binder->invoke
	/home/bitrix/www/bitrix/modules/main/lib/engine/action.php:117
#4: Bitrix\Main\Engine\Action->runWithSourceParametersList
	/home/bitrix/www/bitrix/modules/main/lib/engine/controller.php:425
#5: Bitrix\Main\Engine\Controller->run
	/home/bitrix/www/bitrix/modules/main/lib/httpapplication.php:140
----------
Host: crm.sodeistvie.su:443
Date: 2024-12-26 14:35:40
Module: documentPackageId
84405847-9988-494b-bb9a-58b0f84b3492
#0: KPLab\API\V2\Controller\Documents::addPassportData
	/home/bitrix/www/local/modules/kplab.api.v2/controller/Documents.php:130
#1: KPLab\API\V2\Controller\Documents->postBackAction
	
#2: ReflectionMethod->invokeArgs
	/home/bitrix/www/bitrix/modules/main/lib/engine/autowire/binder.php:207
#3: Bitrix\Main\Engine\AutoWire\Binder->invoke
	/home/bitrix/www/bitrix/modules/main/lib/engine/action.php:117
#4: Bitrix\Main\Engine\Action->runWithSourceParametersList
	/home/bitrix/www/bitrix/modules/main/lib/engine/controller.php:425
#5: Bitrix\Main\Engine\Controller->run
	/home/bitrix/www/bitrix/modules/main/lib/httpapplication.php:141
----------
Host: crm.sodeistvie.su:443
Date: 2024-12-27 11:59:20
Module: documentPackageId
7ceff706-ca75-4a1e-96d3-57e007646813
#0: KPLab\API\V2\Controller\Documents::addPassportData
	/home/bitrix/www/local/modules/kplab.api.v2/controller/Documents.php:130
#1: KPLab\API\V2\Controller\Documents->postBackAction
	
#2: ReflectionMethod->invokeArgs
	/home/bitrix/www/bitrix/modules/main/lib/engine/autowire/binder.php:207
#3: Bitrix\Main\Engine\AutoWire\Binder->invoke
	/home/bitrix/www/bitrix/modules/main/lib/engine/action.php:117
#4: Bitrix\Main\Engine\Action->runWithSourceParametersList
	/home/bitrix/www/bitrix/modules/main/lib/engine/controller.php:425
#5: Bitrix\Main\Engine\Controller->run
	/home/bitrix/www/bitrix/modules/main/lib/httpapplication.php:141
----------
Host: crm.sodeistvie.su:443
Date: 2024-12-27 14:38:00
Module: documentPackageId
2ae18006-bfd1-4548-98ec-48de224fbc48
#0: KPLab\API\V2\Controller\Documents::addPassportData
	/home/bitrix/www/local/modules/kplab.api.v2/controller/Documents.php:130
#1: KPLab\API\V2\Controller\Documents->postBackAction
	
#2: ReflectionMethod->invokeArgs
	/home/bitrix/www/bitrix/modules/main/lib/engine/autowire/binder.php:207
#3: Bitrix\Main\Engine\AutoWire\Binder->invoke
	/home/bitrix/www/bitrix/modules/main/lib/engine/action.php:117
#4: Bitrix\Main\Engine\Action->runWithSourceParametersList
	/home/bitrix/www/bitrix/modules/main/lib/engine/controller.php:425
#5: Bitrix\Main\Engine\Controller->run
	/home/bitrix/www/bitrix/modules/main/lib/httpapplication.php:141
----------
Host: crm.sodeistvie.su:443
Date: 2024-12-27 15:18:53
Module: documentPackageId
e383cbf4-619e-4e9f-b7a4-015d0138a3aa
#0: KPLab\API\V2\Controller\Documents::addPassportData
	/home/bitrix/www/local/modules/kplab.api.v2/controller/Documents.php:130
#1: KPLab\API\V2\Controller\Documents->postBackAction
	
#2: ReflectionMethod->invokeArgs
	/home/bitrix/www/bitrix/modules/main/lib/engine/autowire/binder.php:207
#3: Bitrix\Main\Engine\AutoWire\Binder->invoke
	/home/bitrix/www/bitrix/modules/main/lib/engine/action.php:117
#4: Bitrix\Main\Engine\Action->runWithSourceParametersList
	/home/bitrix/www/bitrix/modules/main/lib/engine/controller.php:425
#5: Bitrix\Main\Engine\Controller->run
	/home/bitrix/www/bitrix/modules/main/lib/httpapplication.php:141
----------
Host: crm.sodeistvie.su:443
Date: 2024-12-27 16:18:40
Module: documentPackageId
b1384508-eae4-4bab-b7db-62cb831b1060
#0: KPLab\API\V2\Controller\Documents::addPassportData
	/home/bitrix/www/local/modules/kplab.api.v2/controller/Documents.php:130
#1: KPLab\API\V2\Controller\Documents->postBackAction
	
#2: ReflectionMethod->invokeArgs
	/home/bitrix/www/bitrix/modules/main/lib/engine/autowire/binder.php:207
#3: Bitrix\Main\Engine\AutoWire\Binder->invoke
	/home/bitrix/www/bitrix/modules/main/lib/engine/action.php:117
#4: Bitrix\Main\Engine\Action->runWithSourceParametersList
	/home/bitrix/www/bitrix/modules/main/lib/engine/controller.php:425
#5: Bitrix\Main\Engine\Controller->run
	/home/bitrix/www/bitrix/modules/main/lib/httpapplication.php:141
----------
Host: crm.sodeistvie.su:443
Date: 2024-12-27 16:52:51
Module: documentPackageId
d8062db1-b025-4a0f-9eea-f80fff8c8ade
#0: KPLab\API\V2\Controller\Documents::addPassportData
	/home/bitrix/www/local/modules/kplab.api.v2/controller/Documents.php:130
#1: KPLab\API\V2\Controller\Documents->postBackAction
	
#2: ReflectionMethod->invokeArgs
	/home/bitrix/www/bitrix/modules/main/lib/engine/autowire/binder.php:207
#3: Bitrix\Main\Engine\AutoWire\Binder->invoke
	/home/bitrix/www/bitrix/modules/main/lib/engine/action.php:117
#4: Bitrix\Main\Engine\Action->runWithSourceParametersList
	/home/bitrix/www/bitrix/modules/main/lib/engine/controller.php:425
#5: Bitrix\Main\Engine\Controller->run
	/home/bitrix/www/bitrix/modules/main/lib/httpapplication.php:141
----------
Host: crm.sodeistvie.su:443
Date: 2024-12-28 18:47:15
Module: documentPackageId
64fe77bb-f46a-42c2-93b2-bc3994014926
#0: KPLab\API\V2\Controller\Documents::addPassportData
	/home/bitrix/www/local/modules/kplab.api.v2/controller/Documents.php:130
#1: KPLab\API\V2\Controller\Documents->postBackAction
	
#2: ReflectionMethod->invokeArgs
	/home/bitrix/www/bitrix/modules/main/lib/engine/autowire/binder.php:207
#3: Bitrix\Main\Engine\AutoWire\Binder->invoke
	/home/bitrix/www/bitrix/modules/main/lib/engine/action.php:117
#4: Bitrix\Main\Engine\Action->runWithSourceParametersList
	/home/bitrix/www/bitrix/modules/main/lib/engine/controller.php:425
#5: Bitrix\Main\Engine\Controller->run
	/home/bitrix/www/bitrix/modules/main/lib/httpapplication.php:141
----------
Host: crm.sodeistvie.su:443
Date: 2025-01-01 12:38:50
Module: documentPackageId
12c2d1db-8f09-411e-92a4-7988123165c1
#0: KPLab\API\V2\Controller\Documents::addPassportData
	/home/bitrix/www/local/modules/kplab.api.v2/controller/Documents.php:130
#1: KPLab\API\V2\Controller\Documents->postBackAction
	
#2: ReflectionMethod->invokeArgs
	/home/bitrix/www/bitrix/modules/main/lib/engine/autowire/binder.php:207
#3: Bitrix\Main\Engine\AutoWire\Binder->invoke
	/home/bitrix/www/bitrix/modules/main/lib/engine/action.php:117
#4: Bitrix\Main\Engine\Action->runWithSourceParametersList
	/home/bitrix/www/bitrix/modules/main/lib/engine/controller.php:425
#5: Bitrix\Main\Engine\Controller->run
	/home/bitrix/www/bitrix/modules/main/lib/httpapplication.php:141
----------
Host: crm.sodeistvie.su:443
Date: 2025-01-03 21:47:03
Module: documentPackageId
d0dc27c7-b6d8-4135-9b79-3f226867a9bd
#0: KPLab\API\V2\Controller\Documents::addPassportData
	/home/bitrix/www/local/modules/kplab.api.v2/controller/Documents.php:130
#1: KPLab\API\V2\Controller\Documents->postBackAction
	
#2: ReflectionMethod->invokeArgs
	/home/bitrix/www/bitrix/modules/main/lib/engine/autowire/binder.php:207
#3: Bitrix\Main\Engine\AutoWire\Binder->invoke
	/home/bitrix/www/bitrix/modules/main/lib/engine/action.php:117
#4: Bitrix\Main\Engine\Action->runWithSourceParametersList
	/home/bitrix/www/bitrix/modules/main/lib/engine/controller.php:425
#5: Bitrix\Main\Engine\Controller->run
	/home/bitrix/www/bitrix/modules/main/lib/httpapplication.php:141
----------
Host: crm.sodeistvie.su:443
Date: 2025-01-04 08:15:20
Module: documentPackageId
0920e8dd-04dd-4b8c-926c-134a30f5a755
#0: KPLab\API\V2\Controller\Documents::addPassportData
	/home/bitrix/www/local/modules/kplab.api.v2/controller/Documents.php:130
#1: KPLab\API\V2\Controller\Documents->postBackAction
	
#2: ReflectionMethod->invokeArgs
	/home/bitrix/www/bitrix/modules/main/lib/engine/autowire/binder.php:207
#3: Bitrix\Main\Engine\AutoWire\Binder->invoke
	/home/bitrix/www/bitrix/modules/main/lib/engine/action.php:117
#4: Bitrix\Main\Engine\Action->runWithSourceParametersList
	/home/bitrix/www/bitrix/modules/main/lib/engine/controller.php:425
#5: Bitrix\Main\Engine\Controller->run
	/home/bitrix/www/bitrix/modules/main/lib/httpapplication.php:141
----------
Host: crm.sodeistvie.su:443
Date: 2025-01-06 20:53:18
Module: documentPackageId
9682400e-021a-4b9d-becd-d774f351a59e
#0: KPLab\API\V2\Controller\Documents::addPassportData
	/home/bitrix/www/local/modules/kplab.api.v2/controller/Documents.php:130
#1: KPLab\API\V2\Controller\Documents->postBackAction
	
#2: ReflectionMethod->invokeArgs
	/home/bitrix/www/bitrix/modules/main/lib/engine/autowire/binder.php:207
#3: Bitrix\Main\Engine\AutoWire\Binder->invoke
	/home/bitrix/www/bitrix/modules/main/lib/engine/action.php:117
#4: Bitrix\Main\Engine\Action->runWithSourceParametersList
	/home/bitrix/www/bitrix/modules/main/lib/engine/controller.php:425
#5: Bitrix\Main\Engine\Controller->run
	/home/bitrix/www/bitrix/modules/main/lib/httpapplication.php:141
----------
Host: crm.sodeistvie.su:443
Date: 2025-01-07 13:29:38
Module: documentPackageId
e84fe5f5-fc12-4bac-aa99-b24f27b18ad1
#0: KPLab\API\V2\Controller\Documents::addPassportData
	/home/bitrix/www/local/modules/kplab.api.v2/controller/Documents.php:130
#1: KPLab\API\V2\Controller\Documents->postBackAction
	
#2: ReflectionMethod->invokeArgs
	/home/bitrix/www/bitrix/modules/main/lib/engine/autowire/binder.php:207
#3: Bitrix\Main\Engine\AutoWire\Binder->invoke
	/home/bitrix/www/bitrix/modules/main/lib/engine/action.php:117
#4: Bitrix\Main\Engine\Action->runWithSourceParametersList
	/home/bitrix/www/bitrix/modules/main/lib/engine/controller.php:425
#5: Bitrix\Main\Engine\Controller->run
	/home/bitrix/www/bitrix/modules/main/lib/httpapplication.php:141
----------
Host: crm.sodeistvie.su:443
Date: 2025-01-08 16:33:07
Module: documentPackageId
c976fe6e-a583-406d-a4e8-95c0c57b2846
#0: KPLab\API\V2\Controller\Documents::addPassportData
	/home/bitrix/www/local/modules/kplab.api.v2/controller/Documents.php:130
#1: KPLab\API\V2\Controller\Documents->postBackAction
	
#2: ReflectionMethod->invokeArgs
	/home/bitrix/www/bitrix/modules/main/lib/engine/autowire/binder.php:207
#3: Bitrix\Main\Engine\AutoWire\Binder->invoke
	/home/bitrix/www/bitrix/modules/main/lib/engine/action.php:117
#4: Bitrix\Main\Engine\Action->runWithSourceParametersList
	/home/bitrix/www/bitrix/modules/main/lib/engine/controller.php:425
#5: Bitrix\Main\Engine\Controller->run
	/home/bitrix/www/bitrix/modules/main/lib/httpapplication.php:141
----------
Host: crm.sodeistvie.su:443
Date: 2025-01-09 18:01:00
Module: documentPackageId
c64e8f7f-7897-4793-9ea1-667aba339ecb
#0: KPLab\API\V2\Controller\Documents::addPassportData
	/home/bitrix/www/local/modules/kplab.api.v2/controller/Documents.php:130
#1: KPLab\API\V2\Controller\Documents->postBackAction
	
#2: ReflectionMethod->invokeArgs
	/home/bitrix/www/bitrix/modules/main/lib/engine/autowire/binder.php:207
#3: Bitrix\Main\Engine\AutoWire\Binder->invoke
	/home/bitrix/www/bitrix/modules/main/lib/engine/action.php:117
#4: Bitrix\Main\Engine\Action->runWithSourceParametersList
	/home/bitrix/www/bitrix/modules/main/lib/engine/controller.php:425
#5: Bitrix\Main\Engine\Controller->run
	/home/bitrix/www/bitrix/modules/main/lib/httpapplication.php:141
----------
Host: crm.sodeistvie.su:443
Date: 2025-01-10 21:41:42
Module: documentPackageId
2e753efb-9215-4f55-b57c-ec667d5a55af
#0: KPLab\API\V2\Controller\Documents::addPassportData
	/home/bitrix/www/local/modules/kplab.api.v2/controller/Documents.php:130
#1: KPLab\API\V2\Controller\Documents->postBackAction
	
#2: ReflectionMethod->invokeArgs
	/home/bitrix/www/bitrix/modules/main/lib/engine/autowire/binder.php:207
#3: Bitrix\Main\Engine\AutoWire\Binder->invoke
	/home/bitrix/www/bitrix/modules/main/lib/engine/action.php:117
#4: Bitrix\Main\Engine\Action->runWithSourceParametersList
	/home/bitrix/www/bitrix/modules/main/lib/engine/controller.php:425
#5: Bitrix\Main\Engine\Controller->run
	/home/bitrix/www/bitrix/modules/main/lib/httpapplication.php:141
----------
Host: crm.sodeistvie.su:443
Date: 2025-01-12 17:33:11
Module: documentPackageId
ab1f562e-2acd-4bab-a152-b4c3329923bf
#0: KPLab\API\V2\Controller\Documents::addPassportData
	/home/bitrix/www/local/modules/kplab.api.v2/controller/Documents.php:130
#1: KPLab\API\V2\Controller\Documents->postBackAction
	
#2: ReflectionMethod->invokeArgs
	/home/bitrix/www/bitrix/modules/main/lib/engine/autowire/binder.php:207
#3: Bitrix\Main\Engine\AutoWire\Binder->invoke
	/home/bitrix/www/bitrix/modules/main/lib/engine/action.php:117
#4: Bitrix\Main\Engine\Action->runWithSourceParametersList
	/home/bitrix/www/bitrix/modules/main/lib/engine/controller.php:425
#5: Bitrix\Main\Engine\Controller->run
	/home/bitrix/www/bitrix/modules/main/lib/httpapplication.php:141
----------
Host: crm.sodeistvie.su:443
Date: 2025-01-12 22:44:33
Module: documentPackageId
292549b7-0814-4d9b-9d15-af477e78bd33
#0: KPLab\API\V2\Controller\Documents::addPassportData
	/home/bitrix/www/local/modules/kplab.api.v2/controller/Documents.php:130
#1: KPLab\API\V2\Controller\Documents->postBackAction
	
#2: ReflectionMethod->invokeArgs
	/home/bitrix/www/bitrix/modules/main/lib/engine/autowire/binder.php:207
#3: Bitrix\Main\Engine\AutoWire\Binder->invoke
	/home/bitrix/www/bitrix/modules/main/lib/engine/action.php:117
#4: Bitrix\Main\Engine\Action->runWithSourceParametersList
	/home/bitrix/www/bitrix/modules/main/lib/engine/controller.php:425
#5: Bitrix\Main\Engine\Controller->run
	/home/bitrix/www/bitrix/modules/main/lib/httpapplication.php:141
----------
Host: crm.sodeistvie.su:443
Date: 2025-01-13 04:00:32
Module: documentPackageId
c3eafc13-494c-4d8c-981a-0f1a7a46529a
#0: KPLab\API\V2\Controller\Documents::addPassportData
	/home/bitrix/www/local/modules/kplab.api.v2/controller/Documents.php:130
#1: KPLab\API\V2\Controller\Documents->postBackAction
	
#2: ReflectionMethod->invokeArgs
	/home/bitrix/www/bitrix/modules/main/lib/engine/autowire/binder.php:207
#3: Bitrix\Main\Engine\AutoWire\Binder->invoke
	/home/bitrix/www/bitrix/modules/main/lib/engine/action.php:117
#4: Bitrix\Main\Engine\Action->runWithSourceParametersList
	/home/bitrix/www/bitrix/modules/main/lib/engine/controller.php:425
#5: Bitrix\Main\Engine\Controller->run
	/home/bitrix/www/bitrix/modules/main/lib/httpapplication.php:141
----------
Host: crm.sodeistvie.su:443
Date: 2025-01-13 15:22:24
Module: documentPackageId
600d09c8-45f2-4c47-92c0-585e65cc198c
#0: KPLab\API\V2\Controller\Documents::addPassportData
	/home/bitrix/www/local/modules/kplab.api.v2/controller/Documents.php:130
#1: KPLab\API\V2\Controller\Documents->postBackAction
	
#2: ReflectionMethod->invokeArgs
	/home/bitrix/www/bitrix/modules/main/lib/engine/autowire/binder.php:207
#3: Bitrix\Main\Engine\AutoWire\Binder->invoke
	/home/bitrix/www/bitrix/modules/main/lib/engine/action.php:117
#4: Bitrix\Main\Engine\Action->runWithSourceParametersList
	/home/bitrix/www/bitrix/modules/main/lib/engine/controller.php:425
#5: Bitrix\Main\Engine\Controller->run
	/home/bitrix/www/bitrix/modules/main/lib/httpapplication.php:141
----------
Host: crm.sodeistvie.su:443
Date: 2025-01-13 15:53:40
Module: documentPackageId
94b06c34-896a-43ac-9a7d-b94e063537ba
#0: KPLab\API\V2\Controller\Documents::addPassportData
	/home/bitrix/www/local/modules/kplab.api.v2/controller/Documents.php:130
#1: KPLab\API\V2\Controller\Documents->postBackAction
	
#2: ReflectionMethod->invokeArgs
	/home/bitrix/www/bitrix/modules/main/lib/engine/autowire/binder.php:207
#3: Bitrix\Main\Engine\AutoWire\Binder->invoke
	/home/bitrix/www/bitrix/modules/main/lib/engine/action.php:117
#4: Bitrix\Main\Engine\Action->runWithSourceParametersList
	/home/bitrix/www/bitrix/modules/main/lib/engine/controller.php:425
#5: Bitrix\Main\Engine\Controller->run
	/home/bitrix/www/bitrix/modules/main/lib/httpapplication.php:141
----------
Host: crm.sodeistvie.su:443
Date: 2025-01-13 16:01:20
Module: documentPackageId
65497940-ff9a-4a60-ad76-5a420bef2b8c
#0: KPLab\API\V2\Controller\Documents::addPassportData
	/home/bitrix/www/local/modules/kplab.api.v2/controller/Documents.php:130
#1: KPLab\API\V2\Controller\Documents->postBackAction
	
#2: ReflectionMethod->invokeArgs
	/home/bitrix/www/bitrix/modules/main/lib/engine/autowire/binder.php:207
#3: Bitrix\Main\Engine\AutoWire\Binder->invoke
	/home/bitrix/www/bitrix/modules/main/lib/engine/action.php:117
#4: Bitrix\Main\Engine\Action->runWithSourceParametersList
	/home/bitrix/www/bitrix/modules/main/lib/engine/controller.php:425
#5: Bitrix\Main\Engine\Controller->run
	/home/bitrix/www/bitrix/modules/main/lib/httpapplication.php:141
----------
Host: crm.sodeistvie.su:443
Date: 2025-01-13 16:09:10
Module: documentPackageId
9c6ebc76-249c-44c7-bc31-21bb2b49b936
#0: KPLab\API\V2\Controller\Documents::addPassportData
	/home/bitrix/www/local/modules/kplab.api.v2/controller/Documents.php:130
#1: KPLab\API\V2\Controller\Documents->postBackAction
	
#2: ReflectionMethod->invokeArgs
	/home/bitrix/www/bitrix/modules/main/lib/engine/autowire/binder.php:207
#3: Bitrix\Main\Engine\AutoWire\Binder->invoke
	/home/bitrix/www/bitrix/modules/main/lib/engine/action.php:117
#4: Bitrix\Main\Engine\Action->runWithSourceParametersList
	/home/bitrix/www/bitrix/modules/main/lib/engine/controller.php:425
#5: Bitrix\Main\Engine\Controller->run
	/home/bitrix/www/bitrix/modules/main/lib/httpapplication.php:141
----------
Host: crm.sodeistvie.su:443
Date: 2025-01-13 22:11:32
Module: documentPackageId
9b707474-69da-4a09-bac3-94b6eb3f6c02
#0: KPLab\API\V2\Controller\Documents::addPassportData
	/home/bitrix/www/local/modules/kplab.api.v2/controller/Documents.php:130
#1: KPLab\API\V2\Controller\Documents->postBackAction
	
#2: ReflectionMethod->invokeArgs
	/home/bitrix/www/bitrix/modules/main/lib/engine/autowire/binder.php:207
#3: Bitrix\Main\Engine\AutoWire\Binder->invoke
	/home/bitrix/www/bitrix/modules/main/lib/engine/action.php:117
#4: Bitrix\Main\Engine\Action->runWithSourceParametersList
	/home/bitrix/www/bitrix/modules/main/lib/engine/controller.php:425
#5: Bitrix\Main\Engine\Controller->run
	/home/bitrix/www/bitrix/modules/main/lib/httpapplication.php:141
----------
Host: crm.sodeistvie.su:443
Date: 2025-01-14 16:15:30
Module: documentPackageId
3f4be2d8-c101-4039-9cff-35e60a813197
#0: KPLab\API\V2\Controller\Documents::addPassportData
	/home/bitrix/www/local/modules/kplab.api.v2/controller/Documents.php:130
#1: KPLab\API\V2\Controller\Documents->postBackAction
	
#2: ReflectionMethod->invokeArgs
	/home/bitrix/www/bitrix/modules/main/lib/engine/autowire/binder.php:207
#3: Bitrix\Main\Engine\AutoWire\Binder->invoke
	/home/bitrix/www/bitrix/modules/main/lib/engine/action.php:117
#4: Bitrix\Main\Engine\Action->runWithSourceParametersList
	/home/bitrix/www/bitrix/modules/main/lib/engine/controller.php:425
#5: Bitrix\Main\Engine\Controller->run
	/home/bitrix/www/bitrix/modules/main/lib/httpapplication.php:141
----------
Host: crm.sodeistvie.su:443
Date: 2025-01-14 17:46:27
Module: documentPackageId
88aad1ed-f02e-4a8a-ad47-2ade05da83ff
#0: KPLab\API\V2\Controller\Documents::addPassportData
	/home/bitrix/www/local/modules/kplab.api.v2/controller/Documents.php:130
#1: KPLab\API\V2\Controller\Documents->postBackAction
	
#2: ReflectionMethod->invokeArgs
	/home/bitrix/www/bitrix/modules/main/lib/engine/autowire/binder.php:207
#3: Bitrix\Main\Engine\AutoWire\Binder->invoke
	/home/bitrix/www/bitrix/modules/main/lib/engine/action.php:117
#4: Bitrix\Main\Engine\Action->runWithSourceParametersList
	/home/bitrix/www/bitrix/modules/main/lib/engine/controller.php:425
#5: Bitrix\Main\Engine\Controller->run
	/home/bitrix/www/bitrix/modules/main/lib/httpapplication.php:141
----------
Host: crm.sodeistvie.su:443
Date: 2025-01-14 17:56:12
Module: documentPackageId
3b17e4f7-9560-429a-b9bc-315704076370
#0: KPLab\API\V2\Controller\Documents::addPassportData
	/home/bitrix/www/local/modules/kplab.api.v2/controller/Documents.php:130
#1: KPLab\API\V2\Controller\Documents->postBackAction
	
#2: ReflectionMethod->invokeArgs
	/home/bitrix/www/bitrix/modules/main/lib/engine/autowire/binder.php:207
#3: Bitrix\Main\Engine\AutoWire\Binder->invoke
	/home/bitrix/www/bitrix/modules/main/lib/engine/action.php:117
#4: Bitrix\Main\Engine\Action->runWithSourceParametersList
	/home/bitrix/www/bitrix/modules/main/lib/engine/controller.php:425
#5: Bitrix\Main\Engine\Controller->run
	/home/bitrix/www/bitrix/modules/main/lib/httpapplication.php:141
----------
Host: crm.sodeistvie.su:443
Date: 2025-01-14 18:23:10
Module: documentPackageId
d01cdc92-17a3-40db-b3fc-8b81625a2a30
#0: KPLab\API\V2\Controller\Documents::addPassportData
	/home/bitrix/www/local/modules/kplab.api.v2/controller/Documents.php:130
#1: KPLab\API\V2\Controller\Documents->postBackAction
	
#2: ReflectionMethod->invokeArgs
	/home/bitrix/www/bitrix/modules/main/lib/engine/autowire/binder.php:207
#3: Bitrix\Main\Engine\AutoWire\Binder->invoke
	/home/bitrix/www/bitrix/modules/main/lib/engine/action.php:117
#4: Bitrix\Main\Engine\Action->runWithSourceParametersList
	/home/bitrix/www/bitrix/modules/main/lib/engine/controller.php:425
#5: Bitrix\Main\Engine\Controller->run
	/home/bitrix/www/bitrix/modules/main/lib/httpapplication.php:141
----------
Host: crm.sodeistvie.su:443
Date: 2025-01-15 15:13:56
Module: documentPackageId
b992c2bf-15ef-41ae-b08b-51e3f334a628
#0: KPLab\API\V2\Controller\Documents::addPassportData
	/home/bitrix/www/local/modules/kplab.api.v2/controller/Documents.php:130
#1: KPLab\API\V2\Controller\Documents->postBackAction
	
#2: ReflectionMethod->invokeArgs
	/home/bitrix/www/bitrix/modules/main/lib/engine/autowire/binder.php:207
#3: Bitrix\Main\Engine\AutoWire\Binder->invoke
	/home/bitrix/www/bitrix/modules/main/lib/engine/action.php:117
#4: Bitrix\Main\Engine\Action->runWithSourceParametersList
	/home/bitrix/www/bitrix/modules/main/lib/engine/controller.php:425
#5: Bitrix\Main\Engine\Controller->run
	/home/bitrix/www/bitrix/modules/main/lib/httpapplication.php:141
----------
Host: crm.sodeistvie.su:443
Date: 2025-01-15 17:15:43
Module: documentPackageId
6edb38d2-3c65-4eee-9635-4bb11476b3e5
#0: KPLab\API\V2\Controller\Documents::addPassportData
	/home/bitrix/www/local/modules/kplab.api.v2/controller/Documents.php:130
#1: KPLab\API\V2\Controller\Documents->postBackAction
	
#2: ReflectionMethod->invokeArgs
	/home/bitrix/www/bitrix/modules/main/lib/engine/autowire/binder.php:207
#3: Bitrix\Main\Engine\AutoWire\Binder->invoke
	/home/bitrix/www/bitrix/modules/main/lib/engine/action.php:117
#4: Bitrix\Main\Engine\Action->runWithSourceParametersList
	/home/bitrix/www/bitrix/modules/main/lib/engine/controller.php:425
#5: Bitrix\Main\Engine\Controller->run
	/home/bitrix/www/bitrix/modules/main/lib/httpapplication.php:141
----------
Host: crm.sodeistvie.su:443
Date: 2025-01-15 17:26:11
Module: documentPackageId
40f91cb9-dba8-45ad-a27a-ce5d49a4fc98
#0: KPLab\API\V2\Controller\Documents::addPassportData
	/home/bitrix/www/local/modules/kplab.api.v2/controller/Documents.php:130
#1: KPLab\API\V2\Controller\Documents->postBackAction
	
#2: ReflectionMethod->invokeArgs
	/home/bitrix/www/bitrix/modules/main/lib/engine/autowire/binder.php:207
#3: Bitrix\Main\Engine\AutoWire\Binder->invoke
	/home/bitrix/www/bitrix/modules/main/lib/engine/action.php:117
#4: Bitrix\Main\Engine\Action->runWithSourceParametersList
	/home/bitrix/www/bitrix/modules/main/lib/engine/controller.php:425
#5: Bitrix\Main\Engine\Controller->run
	/home/bitrix/www/bitrix/modules/main/lib/httpapplication.php:141
----------
Host: crm.sodeistvie.su:443
Date: 2025-01-15 18:41:01
Module: documentPackageId
61a958cc-689e-4a9f-9566-5c0170f36e8d
#0: KPLab\API\V2\Controller\Documents::addPassportData
	/home/bitrix/www/local/modules/kplab.api.v2/controller/Documents.php:130
#1: KPLab\API\V2\Controller\Documents->postBackAction
	
#2: ReflectionMethod->invokeArgs
	/home/bitrix/www/bitrix/modules/main/lib/engine/autowire/binder.php:207
#3: Bitrix\Main\Engine\AutoWire\Binder->invoke
	/home/bitrix/www/bitrix/modules/main/lib/engine/action.php:117
#4: Bitrix\Main\Engine\Action->runWithSourceParametersList
	/home/bitrix/www/bitrix/modules/main/lib/engine/controller.php:425
#5: Bitrix\Main\Engine\Controller->run
	/home/bitrix/www/bitrix/modules/main/lib/httpapplication.php:141
----------
Host: crm.sodeistvie.su:443
Date: 2025-01-15 21:24:38
Module: documentPackageId
73b4d946-d18a-490a-a8d8-1f349cd9ffa6
#0: KPLab\API\V2\Controller\Documents::addPassportData
	/home/bitrix/www/local/modules/kplab.api.v2/controller/Documents.php:130
#1: KPLab\API\V2\Controller\Documents->postBackAction
	
#2: ReflectionMethod->invokeArgs
	/home/bitrix/www/bitrix/modules/main/lib/engine/autowire/binder.php:207
#3: Bitrix\Main\Engine\AutoWire\Binder->invoke
	/home/bitrix/www/bitrix/modules/main/lib/engine/action.php:117
#4: Bitrix\Main\Engine\Action->runWithSourceParametersList
	/home/bitrix/www/bitrix/modules/main/lib/engine/controller.php:425
#5: Bitrix\Main\Engine\Controller->run
	/home/bitrix/www/bitrix/modules/main/lib/httpapplication.php:141
----------
Host: crm.sodeistvie.su:443
Date: 2025-01-16 00:08:02
Module: documentPackageId
e2eb1c2a-e698-4aa1-82a1-0e90e16247d0
#0: KPLab\API\V2\Controller\Documents::addPassportData
	/home/bitrix/www/local/modules/kplab.api.v2/controller/Documents.php:130
#1: KPLab\API\V2\Controller\Documents->postBackAction
	
#2: ReflectionMethod->invokeArgs
	/home/bitrix/www/bitrix/modules/main/lib/engine/autowire/binder.php:207
#3: Bitrix\Main\Engine\AutoWire\Binder->invoke
	/home/bitrix/www/bitrix/modules/main/lib/engine/action.php:117
#4: Bitrix\Main\Engine\Action->runWithSourceParametersList
	/home/bitrix/www/bitrix/modules/main/lib/engine/controller.php:425
#5: Bitrix\Main\Engine\Controller->run
	/home/bitrix/www/bitrix/modules/main/lib/httpapplication.php:141
----------
Host: crm.sodeistvie.su:443
Date: 2025-01-16 18:26:53
Module: documentPackageId
155dfe20-24ca-46e0-9698-a9a1cb77acc5
#0: KPLab\API\V2\Controller\Documents::addPassportData
	/home/bitrix/www/local/modules/kplab.api.v2/controller/Documents.php:130
#1: KPLab\API\V2\Controller\Documents->postBackAction
	
#2: ReflectionMethod->invokeArgs
	/home/bitrix/www/bitrix/modules/main/lib/engine/autowire/binder.php:207
#3: Bitrix\Main\Engine\AutoWire\Binder->invoke
	/home/bitrix/www/bitrix/modules/main/lib/engine/action.php:117
#4: Bitrix\Main\Engine\Action->runWithSourceParametersList
	/home/bitrix/www/bitrix/modules/main/lib/engine/controller.php:425
#5: Bitrix\Main\Engine\Controller->run
	/home/bitrix/www/bitrix/modules/main/lib/httpapplication.php:141
----------
Host: crm.sodeistvie.su:443
Date: 2025-01-17 13:25:25
Module: documentPackageId
811a7800-993e-4dba-bc53-35f850e35d53
#0: KPLab\API\V2\Controller\Documents::addPassportData
	/home/bitrix/www/local/modules/kplab.api.v2/controller/Documents.php:130
#1: KPLab\API\V2\Controller\Documents->postBackAction
	
#2: ReflectionMethod->invokeArgs
	/home/bitrix/www/bitrix/modules/main/lib/engine/autowire/binder.php:207
#3: Bitrix\Main\Engine\AutoWire\Binder->invoke
	/home/bitrix/www/bitrix/modules/main/lib/engine/action.php:117
#4: Bitrix\Main\Engine\Action->runWithSourceParametersList
	/home/bitrix/www/bitrix/modules/main/lib/engine/controller.php:425
#5: Bitrix\Main\Engine\Controller->run
	/home/bitrix/www/bitrix/modules/main/lib/httpapplication.php:141
----------
