Host: crm.sodeistvie.su:443
Date: 2024-12-04 13:01:58
Module: create
Создаем карточку и реквизиты Поручителя
#0: KPLab\API\V2\Controller\Sellers->setAction
	
#1: ReflectionMethod->invokeArgs
	/home/bitrix/www/bitrix/modules/main/lib/engine/autowire/binder.php:207
#2: Bitrix\Main\Engine\AutoWire\Binder->invoke
	/home/bitrix/www/bitrix/modules/main/lib/engine/action.php:117
#3: Bitrix\Main\Engine\Action->runWithSourceParametersList
	/home/bitrix/www/bitrix/modules/main/lib/engine/controller.php:425
#4: Bitrix\Main\Engine\Controller->run
	/home/bitrix/www/bitrix/modules/main/lib/httpapplication.php:140
#5: Bitrix\Main\HttpApplication->runController
	/home/bitrix/www/bitrix/modules/main/include/routing_index.php:135
----------
Host: crm.sodeistvie.su:443
Date: 2024-12-04 17:32:21
Module: create
Создаем карточку и реквизиты Поручителя
#0: KPLab\API\V2\Controller\Sellers->setAction
	
#1: ReflectionMethod->invokeArgs
	/home/bitrix/www/bitrix/modules/main/lib/engine/autowire/binder.php:207
#2: Bitrix\Main\Engine\AutoWire\Binder->invoke
	/home/bitrix/www/bitrix/modules/main/lib/engine/action.php:117
#3: Bitrix\Main\Engine\Action->runWithSourceParametersList
	/home/bitrix/www/bitrix/modules/main/lib/engine/controller.php:425
#4: Bitrix\Main\Engine\Controller->run
	/home/bitrix/www/bitrix/modules/main/lib/httpapplication.php:140
#5: Bitrix\Main\HttpApplication->runController
	/home/bitrix/www/bitrix/modules/main/include/routing_index.php:135
----------
Host: crm.sodeistvie.su:443
Date: 2024-12-05 13:09:58
Module: create
Создаем карточку и реквизиты Поручителя
#0: KPLab\API\V2\Controller\Sellers->setAction
	
#1: ReflectionMethod->invokeArgs
	/home/bitrix/www/bitrix/modules/main/lib/engine/autowire/binder.php:207
#2: Bitrix\Main\Engine\AutoWire\Binder->invoke
	/home/bitrix/www/bitrix/modules/main/lib/engine/action.php:117
#3: Bitrix\Main\Engine\Action->runWithSourceParametersList
	/home/bitrix/www/bitrix/modules/main/lib/engine/controller.php:425
#4: Bitrix\Main\Engine\Controller->run
	/home/bitrix/www/bitrix/modules/main/lib/httpapplication.php:140
#5: Bitrix\Main\HttpApplication->runController
	/home/bitrix/www/bitrix/modules/main/include/routing_index.php:135
----------
Host: crm.sodeistvie.su:443
Date: 2024-12-05 16:37:04
Module: create
Создаем карточку и реквизиты Поручителя
#0: KPLab\API\V2\Controller\Sellers->setAction
	
#1: ReflectionMethod->invokeArgs
	/home/bitrix/www/bitrix/modules/main/lib/engine/autowire/binder.php:207
#2: Bitrix\Main\Engine\AutoWire\Binder->invoke
	/home/bitrix/www/bitrix/modules/main/lib/engine/action.php:117
#3: Bitrix\Main\Engine\Action->runWithSourceParametersList
	/home/bitrix/www/bitrix/modules/main/lib/engine/controller.php:425
#4: Bitrix\Main\Engine\Controller->run
	/home/bitrix/www/bitrix/modules/main/lib/httpapplication.php:140
#5: Bitrix\Main\HttpApplication->runController
	/home/bitrix/www/bitrix/modules/main/include/routing_index.php:135
----------
Host: crm.sodeistvie.su:443
Date: 2024-12-05 18:12:39
Module: create
Создаем карточку и реквизиты Поручителя
#0: KPLab\API\V2\Controller\Sellers->setAction
	
#1: ReflectionMethod->invokeArgs
	/home/bitrix/www/bitrix/modules/main/lib/engine/autowire/binder.php:207
#2: Bitrix\Main\Engine\AutoWire\Binder->invoke
	/home/bitrix/www/bitrix/modules/main/lib/engine/action.php:117
#3: Bitrix\Main\Engine\Action->runWithSourceParametersList
	/home/bitrix/www/bitrix/modules/main/lib/engine/controller.php:425
#4: Bitrix\Main\Engine\Controller->run
	/home/bitrix/www/bitrix/modules/main/lib/httpapplication.php:140
#5: Bitrix\Main\HttpApplication->runController
	/home/bitrix/www/bitrix/modules/main/include/routing_index.php:135
----------
Host: crm.sodeistvie.su:443
Date: 2024-12-05 21:20:01
Module: create
Создаем карточку и реквизиты Поручителя
#0: KPLab\API\V2\Controller\Sellers->setAction
	
#1: ReflectionMethod->invokeArgs
	/home/bitrix/www/bitrix/modules/main/lib/engine/autowire/binder.php:207
#2: Bitrix\Main\Engine\AutoWire\Binder->invoke
	/home/bitrix/www/bitrix/modules/main/lib/engine/action.php:117
#3: Bitrix\Main\Engine\Action->runWithSourceParametersList
	/home/bitrix/www/bitrix/modules/main/lib/engine/controller.php:425
#4: Bitrix\Main\Engine\Controller->run
	/home/bitrix/www/bitrix/modules/main/lib/httpapplication.php:140
#5: Bitrix\Main\HttpApplication->runController
	/home/bitrix/www/bitrix/modules/main/include/routing_index.php:135
----------
Host: crm.sodeistvie.su:443
Date: 2024-12-06 15:46:49
Module: create
Создаем карточку и реквизиты Поручителя
#0: KPLab\API\V2\Controller\Sellers->setAction
	
#1: ReflectionMethod->invokeArgs
	/home/bitrix/www/bitrix/modules/main/lib/engine/autowire/binder.php:207
#2: Bitrix\Main\Engine\AutoWire\Binder->invoke
	/home/bitrix/www/bitrix/modules/main/lib/engine/action.php:117
#3: Bitrix\Main\Engine\Action->runWithSourceParametersList
	/home/bitrix/www/bitrix/modules/main/lib/engine/controller.php:425
#4: Bitrix\Main\Engine\Controller->run
	/home/bitrix/www/bitrix/modules/main/lib/httpapplication.php:140
#5: Bitrix\Main\HttpApplication->runController
	/home/bitrix/www/bitrix/modules/main/include/routing_index.php:135
----------
Host: crm.sodeistvie.su:443
Date: 2024-12-09 19:49:46
Module: create
Создаем карточку и реквизиты Поручителя
#0: KPLab\API\V2\Controller\Sellers->setAction
	
#1: ReflectionMethod->invokeArgs
	/home/bitrix/www/bitrix/modules/main/lib/engine/autowire/binder.php:207
#2: Bitrix\Main\Engine\AutoWire\Binder->invoke
	/home/bitrix/www/bitrix/modules/main/lib/engine/action.php:117
#3: Bitrix\Main\Engine\Action->runWithSourceParametersList
	/home/bitrix/www/bitrix/modules/main/lib/engine/controller.php:425
#4: Bitrix\Main\Engine\Controller->run
	/home/bitrix/www/bitrix/modules/main/lib/httpapplication.php:140
#5: Bitrix\Main\HttpApplication->runController
	/home/bitrix/www/bitrix/modules/main/include/routing_index.php:135
----------
Host: crm.sodeistvie.su:443
Date: 2024-12-10 12:34:48
Module: create
Создаем карточку и реквизиты Поручителя
#0: KPLab\API\V2\Controller\Sellers->setAction
	
#1: ReflectionMethod->invokeArgs
	/home/bitrix/www/bitrix/modules/main/lib/engine/autowire/binder.php:207
#2: Bitrix\Main\Engine\AutoWire\Binder->invoke
	/home/bitrix/www/bitrix/modules/main/lib/engine/action.php:117
#3: Bitrix\Main\Engine\Action->runWithSourceParametersList
	/home/bitrix/www/bitrix/modules/main/lib/engine/controller.php:425
#4: Bitrix\Main\Engine\Controller->run
	/home/bitrix/www/bitrix/modules/main/lib/httpapplication.php:140
#5: Bitrix\Main\HttpApplication->runController
	/home/bitrix/www/bitrix/modules/main/include/routing_index.php:135
----------
Host: crm.sodeistvie.su:443
Date: 2024-12-10 14:33:11
Module: create
Создаем карточку и реквизиты Поручителя
#0: KPLab\API\V2\Controller\Sellers->setAction
	
#1: ReflectionMethod->invokeArgs
	/home/bitrix/www/bitrix/modules/main/lib/engine/autowire/binder.php:207
#2: Bitrix\Main\Engine\AutoWire\Binder->invoke
	/home/bitrix/www/bitrix/modules/main/lib/engine/action.php:117
#3: Bitrix\Main\Engine\Action->runWithSourceParametersList
	/home/bitrix/www/bitrix/modules/main/lib/engine/controller.php:425
#4: Bitrix\Main\Engine\Controller->run
	/home/bitrix/www/bitrix/modules/main/lib/httpapplication.php:140
#5: Bitrix\Main\HttpApplication->runController
	/home/bitrix/www/bitrix/modules/main/include/routing_index.php:135
----------
Host: crm.sodeistvie.su:443
Date: 2024-12-10 15:04:39
Module: create
Создаем карточку и реквизиты Поручителя
#0: KPLab\API\V2\Controller\Sellers->setAction
	
#1: ReflectionMethod->invokeArgs
	/home/bitrix/www/bitrix/modules/main/lib/engine/autowire/binder.php:207
#2: Bitrix\Main\Engine\AutoWire\Binder->invoke
	/home/bitrix/www/bitrix/modules/main/lib/engine/action.php:117
#3: Bitrix\Main\Engine\Action->runWithSourceParametersList
	/home/bitrix/www/bitrix/modules/main/lib/engine/controller.php:425
#4: Bitrix\Main\Engine\Controller->run
	/home/bitrix/www/bitrix/modules/main/lib/httpapplication.php:140
#5: Bitrix\Main\HttpApplication->runController
	/home/bitrix/www/bitrix/modules/main/include/routing_index.php:135
----------
Host: crm.sodeistvie.su:443
Date: 2024-12-10 15:55:41
Module: create
Создаем карточку и реквизиты Поручителя
#0: KPLab\API\V2\Controller\Sellers->setAction
	
#1: ReflectionMethod->invokeArgs
	/home/bitrix/www/bitrix/modules/main/lib/engine/autowire/binder.php:207
#2: Bitrix\Main\Engine\AutoWire\Binder->invoke
	/home/bitrix/www/bitrix/modules/main/lib/engine/action.php:117
#3: Bitrix\Main\Engine\Action->runWithSourceParametersList
	/home/bitrix/www/bitrix/modules/main/lib/engine/controller.php:425
#4: Bitrix\Main\Engine\Controller->run
	/home/bitrix/www/bitrix/modules/main/lib/httpapplication.php:140
#5: Bitrix\Main\HttpApplication->runController
	/home/bitrix/www/bitrix/modules/main/include/routing_index.php:135
----------
Host: crm.sodeistvie.su:443
Date: 2024-12-10 16:47:51
Module: create
Создаем карточку и реквизиты Поручителя
#0: KPLab\API\V2\Controller\Sellers->setAction
	
#1: ReflectionMethod->invokeArgs
	/home/bitrix/www/bitrix/modules/main/lib/engine/autowire/binder.php:207
#2: Bitrix\Main\Engine\AutoWire\Binder->invoke
	/home/bitrix/www/bitrix/modules/main/lib/engine/action.php:117
#3: Bitrix\Main\Engine\Action->runWithSourceParametersList
	/home/bitrix/www/bitrix/modules/main/lib/engine/controller.php:425
#4: Bitrix\Main\Engine\Controller->run
	/home/bitrix/www/bitrix/modules/main/lib/httpapplication.php:140
#5: Bitrix\Main\HttpApplication->runController
	/home/bitrix/www/bitrix/modules/main/include/routing_index.php:135
----------
Host: crm.sodeistvie.su:443
Date: 2024-12-11 14:10:38
Module: create
Создаем карточку и реквизиты Поручителя
#0: KPLab\API\V2\Controller\Sellers->setAction
	
#1: ReflectionMethod->invokeArgs
	/home/bitrix/www/bitrix/modules/main/lib/engine/autowire/binder.php:207
#2: Bitrix\Main\Engine\AutoWire\Binder->invoke
	/home/bitrix/www/bitrix/modules/main/lib/engine/action.php:117
#3: Bitrix\Main\Engine\Action->runWithSourceParametersList
	/home/bitrix/www/bitrix/modules/main/lib/engine/controller.php:425
#4: Bitrix\Main\Engine\Controller->run
	/home/bitrix/www/bitrix/modules/main/lib/httpapplication.php:140
#5: Bitrix\Main\HttpApplication->runController
	/home/bitrix/www/bitrix/modules/main/include/routing_index.php:135
----------
Host: crm.sodeistvie.su:443
Date: 2024-12-11 17:32:43
Module: create
Создаем карточку и реквизиты Поручителя
#0: KPLab\API\V2\Controller\Sellers->setAction
	
#1: ReflectionMethod->invokeArgs
	/home/bitrix/www/bitrix/modules/main/lib/engine/autowire/binder.php:207
#2: Bitrix\Main\Engine\AutoWire\Binder->invoke
	/home/bitrix/www/bitrix/modules/main/lib/engine/action.php:117
#3: Bitrix\Main\Engine\Action->runWithSourceParametersList
	/home/bitrix/www/bitrix/modules/main/lib/engine/controller.php:425
#4: Bitrix\Main\Engine\Controller->run
	/home/bitrix/www/bitrix/modules/main/lib/httpapplication.php:140
#5: Bitrix\Main\HttpApplication->runController
	/home/bitrix/www/bitrix/modules/main/include/routing_index.php:135
----------
Host: crm.sodeistvie.su:443
Date: 2024-12-12 01:48:02
Module: create
Создаем карточку и реквизиты Поручителя
#0: KPLab\API\V2\Controller\Sellers->setAction
	
#1: ReflectionMethod->invokeArgs
	/home/bitrix/www/bitrix/modules/main/lib/engine/autowire/binder.php:207
#2: Bitrix\Main\Engine\AutoWire\Binder->invoke
	/home/bitrix/www/bitrix/modules/main/lib/engine/action.php:117
#3: Bitrix\Main\Engine\Action->runWithSourceParametersList
	/home/bitrix/www/bitrix/modules/main/lib/engine/controller.php:425
#4: Bitrix\Main\Engine\Controller->run
	/home/bitrix/www/bitrix/modules/main/lib/httpapplication.php:140
#5: Bitrix\Main\HttpApplication->runController
	/home/bitrix/www/bitrix/modules/main/include/routing_index.php:135
----------
Host: crm.sodeistvie.su:443
Date: 2024-12-12 12:27:31
Module: create
Создаем карточку и реквизиты Поручителя
#0: KPLab\API\V2\Controller\Sellers->setAction
	
#1: ReflectionMethod->invokeArgs
	/home/bitrix/www/bitrix/modules/main/lib/engine/autowire/binder.php:207
#2: Bitrix\Main\Engine\AutoWire\Binder->invoke
	/home/bitrix/www/bitrix/modules/main/lib/engine/action.php:117
#3: Bitrix\Main\Engine\Action->runWithSourceParametersList
	/home/bitrix/www/bitrix/modules/main/lib/engine/controller.php:425
#4: Bitrix\Main\Engine\Controller->run
	/home/bitrix/www/bitrix/modules/main/lib/httpapplication.php:140
#5: Bitrix\Main\HttpApplication->runController
	/home/bitrix/www/bitrix/modules/main/include/routing_index.php:135
----------
Host: crm.sodeistvie.su:443
Date: 2024-12-12 15:15:41
Module: create
Создаем карточку и реквизиты Поручителя
#0: KPLab\API\V2\Controller\Sellers->setAction
	
#1: ReflectionMethod->invokeArgs
	/home/bitrix/www/bitrix/modules/main/lib/engine/autowire/binder.php:207
#2: Bitrix\Main\Engine\AutoWire\Binder->invoke
	/home/bitrix/www/bitrix/modules/main/lib/engine/action.php:117
#3: Bitrix\Main\Engine\Action->runWithSourceParametersList
	/home/bitrix/www/bitrix/modules/main/lib/engine/controller.php:425
#4: Bitrix\Main\Engine\Controller->run
	/home/bitrix/www/bitrix/modules/main/lib/httpapplication.php:140
#5: Bitrix\Main\HttpApplication->runController
	/home/bitrix/www/bitrix/modules/main/include/routing_index.php:135
----------
Host: crm.sodeistvie.su:443
Date: 2024-12-12 17:11:28
Module: create
Создаем карточку и реквизиты Поручителя
#0: KPLab\API\V2\Controller\Sellers->setAction
	
#1: ReflectionMethod->invokeArgs
	/home/bitrix/www/bitrix/modules/main/lib/engine/autowire/binder.php:207
#2: Bitrix\Main\Engine\AutoWire\Binder->invoke
	/home/bitrix/www/bitrix/modules/main/lib/engine/action.php:117
#3: Bitrix\Main\Engine\Action->runWithSourceParametersList
	/home/bitrix/www/bitrix/modules/main/lib/engine/controller.php:425
#4: Bitrix\Main\Engine\Controller->run
	/home/bitrix/www/bitrix/modules/main/lib/httpapplication.php:140
#5: Bitrix\Main\HttpApplication->runController
	/home/bitrix/www/bitrix/modules/main/include/routing_index.php:135
----------
Host: crm.sodeistvie.su:443
Date: 2024-12-12 17:35:23
Module: create
Создаем карточку и реквизиты Поручителя
#0: KPLab\API\V2\Controller\Sellers->setAction
	
#1: ReflectionMethod->invokeArgs
	/home/bitrix/www/bitrix/modules/main/lib/engine/autowire/binder.php:207
#2: Bitrix\Main\Engine\AutoWire\Binder->invoke
	/home/bitrix/www/bitrix/modules/main/lib/engine/action.php:117
#3: Bitrix\Main\Engine\Action->runWithSourceParametersList
	/home/bitrix/www/bitrix/modules/main/lib/engine/controller.php:425
#4: Bitrix\Main\Engine\Controller->run
	/home/bitrix/www/bitrix/modules/main/lib/httpapplication.php:140
#5: Bitrix\Main\HttpApplication->runController
	/home/bitrix/www/bitrix/modules/main/include/routing_index.php:135
----------
Host: crm.sodeistvie.su:443
Date: 2024-12-12 21:46:06
Module: create
Создаем карточку и реквизиты Поручителя
#0: KPLab\API\V2\Controller\Sellers->setAction
	
#1: ReflectionMethod->invokeArgs
	/home/bitrix/www/bitrix/modules/main/lib/engine/autowire/binder.php:207
#2: Bitrix\Main\Engine\AutoWire\Binder->invoke
	/home/bitrix/www/bitrix/modules/main/lib/engine/action.php:117
#3: Bitrix\Main\Engine\Action->runWithSourceParametersList
	/home/bitrix/www/bitrix/modules/main/lib/engine/controller.php:425
#4: Bitrix\Main\Engine\Controller->run
	/home/bitrix/www/bitrix/modules/main/lib/httpapplication.php:140
#5: Bitrix\Main\HttpApplication->runController
	/home/bitrix/www/bitrix/modules/main/include/routing_index.php:135
----------
Host: crm.sodeistvie.su:443
Date: 2024-12-13 00:28:05
Module: create
Создаем карточку и реквизиты Поручителя
#0: KPLab\API\V2\Controller\Sellers->setAction
	
#1: ReflectionMethod->invokeArgs
	/home/bitrix/www/bitrix/modules/main/lib/engine/autowire/binder.php:207
#2: Bitrix\Main\Engine\AutoWire\Binder->invoke
	/home/bitrix/www/bitrix/modules/main/lib/engine/action.php:117
#3: Bitrix\Main\Engine\Action->runWithSourceParametersList
	/home/bitrix/www/bitrix/modules/main/lib/engine/controller.php:425
#4: Bitrix\Main\Engine\Controller->run
	/home/bitrix/www/bitrix/modules/main/lib/httpapplication.php:140
#5: Bitrix\Main\HttpApplication->runController
	/home/bitrix/www/bitrix/modules/main/include/routing_index.php:135
----------
Host: crm.sodeistvie.su:443
Date: 2024-12-13 13:30:59
Module: create
Создаем карточку и реквизиты Поручителя
#0: KPLab\API\V2\Controller\Sellers->setAction
	
#1: ReflectionMethod->invokeArgs
	/home/bitrix/www/bitrix/modules/main/lib/engine/autowire/binder.php:207
#2: Bitrix\Main\Engine\AutoWire\Binder->invoke
	/home/bitrix/www/bitrix/modules/main/lib/engine/action.php:117
#3: Bitrix\Main\Engine\Action->runWithSourceParametersList
	/home/bitrix/www/bitrix/modules/main/lib/engine/controller.php:425
#4: Bitrix\Main\Engine\Controller->run
	/home/bitrix/www/bitrix/modules/main/lib/httpapplication.php:140
#5: Bitrix\Main\HttpApplication->runController
	/home/bitrix/www/bitrix/modules/main/include/routing_index.php:135
----------
Host: crm.sodeistvie.su:443
Date: 2024-12-13 16:28:10
Module: create
Создаем карточку и реквизиты Поручителя
#0: KPLab\API\V2\Controller\Sellers->setAction
	
#1: ReflectionMethod->invokeArgs
	/home/bitrix/www/bitrix/modules/main/lib/engine/autowire/binder.php:207
#2: Bitrix\Main\Engine\AutoWire\Binder->invoke
	/home/bitrix/www/bitrix/modules/main/lib/engine/action.php:117
#3: Bitrix\Main\Engine\Action->runWithSourceParametersList
	/home/bitrix/www/bitrix/modules/main/lib/engine/controller.php:425
#4: Bitrix\Main\Engine\Controller->run
	/home/bitrix/www/bitrix/modules/main/lib/httpapplication.php:140
#5: Bitrix\Main\HttpApplication->runController
	/home/bitrix/www/bitrix/modules/main/include/routing_index.php:135
----------
Host: crm.sodeistvie.su:443
Date: 2024-12-13 18:48:44
Module: create
Создаем карточку и реквизиты Поручителя
#0: KPLab\API\V2\Controller\Sellers->setAction
	
#1: ReflectionMethod->invokeArgs
	/home/bitrix/www/bitrix/modules/main/lib/engine/autowire/binder.php:207
#2: Bitrix\Main\Engine\AutoWire\Binder->invoke
	/home/bitrix/www/bitrix/modules/main/lib/engine/action.php:117
#3: Bitrix\Main\Engine\Action->runWithSourceParametersList
	/home/bitrix/www/bitrix/modules/main/lib/engine/controller.php:425
#4: Bitrix\Main\Engine\Controller->run
	/home/bitrix/www/bitrix/modules/main/lib/httpapplication.php:140
#5: Bitrix\Main\HttpApplication->runController
	/home/bitrix/www/bitrix/modules/main/include/routing_index.php:135
----------
Host: crm.sodeistvie.su:443
Date: 2024-12-14 02:05:26
Module: create
Создаем карточку и реквизиты Поручителя
#0: KPLab\API\V2\Controller\Sellers->setAction
	
#1: ReflectionMethod->invokeArgs
	/home/bitrix/www/bitrix/modules/main/lib/engine/autowire/binder.php:207
#2: Bitrix\Main\Engine\AutoWire\Binder->invoke
	/home/bitrix/www/bitrix/modules/main/lib/engine/action.php:117
#3: Bitrix\Main\Engine\Action->runWithSourceParametersList
	/home/bitrix/www/bitrix/modules/main/lib/engine/controller.php:425
#4: Bitrix\Main\Engine\Controller->run
	/home/bitrix/www/bitrix/modules/main/lib/httpapplication.php:140
#5: Bitrix\Main\HttpApplication->runController
	/home/bitrix/www/bitrix/modules/main/include/routing_index.php:135
----------
Host: crm.sodeistvie.su:443
Date: 2024-12-16 14:12:19
Module: create
Создаем карточку и реквизиты Поручителя
#0: KPLab\API\V2\Controller\Sellers->setAction
	
#1: ReflectionMethod->invokeArgs
	/home/bitrix/www/bitrix/modules/main/lib/engine/autowire/binder.php:207
#2: Bitrix\Main\Engine\AutoWire\Binder->invoke
	/home/bitrix/www/bitrix/modules/main/lib/engine/action.php:117
#3: Bitrix\Main\Engine\Action->runWithSourceParametersList
	/home/bitrix/www/bitrix/modules/main/lib/engine/controller.php:425
#4: Bitrix\Main\Engine\Controller->run
	/home/bitrix/www/bitrix/modules/main/lib/httpapplication.php:140
#5: Bitrix\Main\HttpApplication->runController
	/home/bitrix/www/bitrix/modules/main/include/routing_index.php:135
----------
Host: crm.sodeistvie.su:443
Date: 2024-12-16 15:06:10
Module: create
Создаем карточку и реквизиты Поручителя
#0: KPLab\API\V2\Controller\Sellers->setAction
	
#1: ReflectionMethod->invokeArgs
	/home/bitrix/www/bitrix/modules/main/lib/engine/autowire/binder.php:207
#2: Bitrix\Main\Engine\AutoWire\Binder->invoke
	/home/bitrix/www/bitrix/modules/main/lib/engine/action.php:117
#3: Bitrix\Main\Engine\Action->runWithSourceParametersList
	/home/bitrix/www/bitrix/modules/main/lib/engine/controller.php:425
#4: Bitrix\Main\Engine\Controller->run
	/home/bitrix/www/bitrix/modules/main/lib/httpapplication.php:140
#5: Bitrix\Main\HttpApplication->runController
	/home/bitrix/www/bitrix/modules/main/include/routing_index.php:135
----------
Host: crm.sodeistvie.su:443
Date: 2024-12-16 17:41:00
Module: create
Создаем карточку и реквизиты Поручителя
#0: KPLab\API\V2\Controller\Sellers->setAction
	
#1: ReflectionMethod->invokeArgs
	/home/bitrix/www/bitrix/modules/main/lib/engine/autowire/binder.php:207
#2: Bitrix\Main\Engine\AutoWire\Binder->invoke
	/home/bitrix/www/bitrix/modules/main/lib/engine/action.php:117
#3: Bitrix\Main\Engine\Action->runWithSourceParametersList
	/home/bitrix/www/bitrix/modules/main/lib/engine/controller.php:425
#4: Bitrix\Main\Engine\Controller->run
	/home/bitrix/www/bitrix/modules/main/lib/httpapplication.php:140
#5: Bitrix\Main\HttpApplication->runController
	/home/bitrix/www/bitrix/modules/main/include/routing_index.php:135
----------
Host: crm.sodeistvie.su:443
Date: 2024-12-16 18:12:09
Module: create
Создаем карточку и реквизиты Поручителя
#0: KPLab\API\V2\Controller\Sellers->setAction
	
#1: ReflectionMethod->invokeArgs
	/home/bitrix/www/bitrix/modules/main/lib/engine/autowire/binder.php:207
#2: Bitrix\Main\Engine\AutoWire\Binder->invoke
	/home/bitrix/www/bitrix/modules/main/lib/engine/action.php:117
#3: Bitrix\Main\Engine\Action->runWithSourceParametersList
	/home/bitrix/www/bitrix/modules/main/lib/engine/controller.php:425
#4: Bitrix\Main\Engine\Controller->run
	/home/bitrix/www/bitrix/modules/main/lib/httpapplication.php:140
#5: Bitrix\Main\HttpApplication->runController
	/home/bitrix/www/bitrix/modules/main/include/routing_index.php:135
----------
Host: crm.sodeistvie.su:443
Date: 2024-12-16 19:03:28
Module: create
Создаем карточку и реквизиты Поручителя
#0: KPLab\API\V2\Controller\Sellers->setAction
	
#1: ReflectionMethod->invokeArgs
	/home/bitrix/www/bitrix/modules/main/lib/engine/autowire/binder.php:207
#2: Bitrix\Main\Engine\AutoWire\Binder->invoke
	/home/bitrix/www/bitrix/modules/main/lib/engine/action.php:117
#3: Bitrix\Main\Engine\Action->runWithSourceParametersList
	/home/bitrix/www/bitrix/modules/main/lib/engine/controller.php:425
#4: Bitrix\Main\Engine\Controller->run
	/home/bitrix/www/bitrix/modules/main/lib/httpapplication.php:140
#5: Bitrix\Main\HttpApplication->runController
	/home/bitrix/www/bitrix/modules/main/include/routing_index.php:135
----------
Host: crm.sodeistvie.su:443
Date: 2024-12-16 19:26:14
Module: create
Создаем карточку и реквизиты Поручителя
#0: KPLab\API\V2\Controller\Sellers->setAction
	
#1: ReflectionMethod->invokeArgs
	/home/bitrix/www/bitrix/modules/main/lib/engine/autowire/binder.php:207
#2: Bitrix\Main\Engine\AutoWire\Binder->invoke
	/home/bitrix/www/bitrix/modules/main/lib/engine/action.php:117
#3: Bitrix\Main\Engine\Action->runWithSourceParametersList
	/home/bitrix/www/bitrix/modules/main/lib/engine/controller.php:425
#4: Bitrix\Main\Engine\Controller->run
	/home/bitrix/www/bitrix/modules/main/lib/httpapplication.php:140
#5: Bitrix\Main\HttpApplication->runController
	/home/bitrix/www/bitrix/modules/main/include/routing_index.php:135
----------
Host: crm.sodeistvie.su:443
Date: 2024-12-16 21:27:15
Module: create
Создаем карточку и реквизиты Поручителя
#0: KPLab\API\V2\Controller\Sellers->setAction
	
#1: ReflectionMethod->invokeArgs
	/home/bitrix/www/bitrix/modules/main/lib/engine/autowire/binder.php:207
#2: Bitrix\Main\Engine\AutoWire\Binder->invoke
	/home/bitrix/www/bitrix/modules/main/lib/engine/action.php:117
#3: Bitrix\Main\Engine\Action->runWithSourceParametersList
	/home/bitrix/www/bitrix/modules/main/lib/engine/controller.php:425
#4: Bitrix\Main\Engine\Controller->run
	/home/bitrix/www/bitrix/modules/main/lib/httpapplication.php:140
#5: Bitrix\Main\HttpApplication->runController
	/home/bitrix/www/bitrix/modules/main/include/routing_index.php:135
----------
Host: crm.sodeistvie.su:443
Date: 2024-12-16 22:09:51
Module: create
Создаем карточку и реквизиты Поручителя
#0: KPLab\API\V2\Controller\Sellers->setAction
	
#1: ReflectionMethod->invokeArgs
	/home/bitrix/www/bitrix/modules/main/lib/engine/autowire/binder.php:207
#2: Bitrix\Main\Engine\AutoWire\Binder->invoke
	/home/bitrix/www/bitrix/modules/main/lib/engine/action.php:117
#3: Bitrix\Main\Engine\Action->runWithSourceParametersList
	/home/bitrix/www/bitrix/modules/main/lib/engine/controller.php:425
#4: Bitrix\Main\Engine\Controller->run
	/home/bitrix/www/bitrix/modules/main/lib/httpapplication.php:140
#5: Bitrix\Main\HttpApplication->runController
	/home/bitrix/www/bitrix/modules/main/include/routing_index.php:135
----------
Host: crm.sodeistvie.su:443
Date: 2024-12-17 17:19:29
Module: create
Создаем карточку и реквизиты Поручителя
#0: KPLab\API\V2\Controller\Sellers->setAction
	
#1: ReflectionMethod->invokeArgs
	/home/bitrix/www/bitrix/modules/main/lib/engine/autowire/binder.php:207
#2: Bitrix\Main\Engine\AutoWire\Binder->invoke
	/home/bitrix/www/bitrix/modules/main/lib/engine/action.php:117
#3: Bitrix\Main\Engine\Action->runWithSourceParametersList
	/home/bitrix/www/bitrix/modules/main/lib/engine/controller.php:425
#4: Bitrix\Main\Engine\Controller->run
	/home/bitrix/www/bitrix/modules/main/lib/httpapplication.php:140
#5: Bitrix\Main\HttpApplication->runController
	/home/bitrix/www/bitrix/modules/main/include/routing_index.php:135
----------
Host: crm.sodeistvie.su:443
Date: 2024-12-17 17:49:38
Module: create
Создаем карточку и реквизиты Поручителя
#0: KPLab\API\V2\Controller\Sellers->setAction
	
#1: ReflectionMethod->invokeArgs
	/home/bitrix/www/bitrix/modules/main/lib/engine/autowire/binder.php:207
#2: Bitrix\Main\Engine\AutoWire\Binder->invoke
	/home/bitrix/www/bitrix/modules/main/lib/engine/action.php:117
#3: Bitrix\Main\Engine\Action->runWithSourceParametersList
	/home/bitrix/www/bitrix/modules/main/lib/engine/controller.php:425
#4: Bitrix\Main\Engine\Controller->run
	/home/bitrix/www/bitrix/modules/main/lib/httpapplication.php:140
#5: Bitrix\Main\HttpApplication->runController
	/home/bitrix/www/bitrix/modules/main/include/routing_index.php:135
----------
Host: crm.sodeistvie.su:443
Date: 2024-12-17 18:04:28
Module: create
Создаем карточку и реквизиты Поручителя
#0: KPLab\API\V2\Controller\Sellers->setAction
	
#1: ReflectionMethod->invokeArgs
	/home/bitrix/www/bitrix/modules/main/lib/engine/autowire/binder.php:207
#2: Bitrix\Main\Engine\AutoWire\Binder->invoke
	/home/bitrix/www/bitrix/modules/main/lib/engine/action.php:117
#3: Bitrix\Main\Engine\Action->runWithSourceParametersList
	/home/bitrix/www/bitrix/modules/main/lib/engine/controller.php:425
#4: Bitrix\Main\Engine\Controller->run
	/home/bitrix/www/bitrix/modules/main/lib/httpapplication.php:140
#5: Bitrix\Main\HttpApplication->runController
	/home/bitrix/www/bitrix/modules/main/include/routing_index.php:135
----------
Host: crm.sodeistvie.su:443
Date: 2024-12-17 18:46:57
Module: create
Создаем карточку и реквизиты Поручителя
#0: KPLab\API\V2\Controller\Sellers->setAction
	
#1: ReflectionMethod->invokeArgs
	/home/bitrix/www/bitrix/modules/main/lib/engine/autowire/binder.php:207
#2: Bitrix\Main\Engine\AutoWire\Binder->invoke
	/home/bitrix/www/bitrix/modules/main/lib/engine/action.php:117
#3: Bitrix\Main\Engine\Action->runWithSourceParametersList
	/home/bitrix/www/bitrix/modules/main/lib/engine/controller.php:425
#4: Bitrix\Main\Engine\Controller->run
	/home/bitrix/www/bitrix/modules/main/lib/httpapplication.php:140
#5: Bitrix\Main\HttpApplication->runController
	/home/bitrix/www/bitrix/modules/main/include/routing_index.php:135
----------
Host: crm.sodeistvie.su:443
Date: 2024-12-18 15:38:46
Module: create
Создаем карточку и реквизиты Поручителя
#0: KPLab\API\V2\Controller\Sellers->setAction
	
#1: ReflectionMethod->invokeArgs
	/home/bitrix/www/bitrix/modules/main/lib/engine/autowire/binder.php:207
#2: Bitrix\Main\Engine\AutoWire\Binder->invoke
	/home/bitrix/www/bitrix/modules/main/lib/engine/action.php:117
#3: Bitrix\Main\Engine\Action->runWithSourceParametersList
	/home/bitrix/www/bitrix/modules/main/lib/engine/controller.php:425
#4: Bitrix\Main\Engine\Controller->run
	/home/bitrix/www/bitrix/modules/main/lib/httpapplication.php:140
#5: Bitrix\Main\HttpApplication->runController
	/home/bitrix/www/bitrix/modules/main/include/routing_index.php:135
----------
Host: crm.sodeistvie.su:443
Date: 2024-12-18 16:03:43
Module: create
Создаем карточку и реквизиты Поручителя
#0: KPLab\API\V2\Controller\Sellers->setAction
	
#1: ReflectionMethod->invokeArgs
	/home/bitrix/www/bitrix/modules/main/lib/engine/autowire/binder.php:207
#2: Bitrix\Main\Engine\AutoWire\Binder->invoke
	/home/bitrix/www/bitrix/modules/main/lib/engine/action.php:117
#3: Bitrix\Main\Engine\Action->runWithSourceParametersList
	/home/bitrix/www/bitrix/modules/main/lib/engine/controller.php:425
#4: Bitrix\Main\Engine\Controller->run
	/home/bitrix/www/bitrix/modules/main/lib/httpapplication.php:140
#5: Bitrix\Main\HttpApplication->runController
	/home/bitrix/www/bitrix/modules/main/include/routing_index.php:135
----------
Host: crm.sodeistvie.su:443
Date: 2024-12-18 19:01:04
Module: create
Создаем карточку и реквизиты Поручителя
#0: KPLab\API\V2\Controller\Sellers->setAction
	
#1: ReflectionMethod->invokeArgs
	/home/bitrix/www/bitrix/modules/main/lib/engine/autowire/binder.php:207
#2: Bitrix\Main\Engine\AutoWire\Binder->invoke
	/home/bitrix/www/bitrix/modules/main/lib/engine/action.php:117
#3: Bitrix\Main\Engine\Action->runWithSourceParametersList
	/home/bitrix/www/bitrix/modules/main/lib/engine/controller.php:425
#4: Bitrix\Main\Engine\Controller->run
	/home/bitrix/www/bitrix/modules/main/lib/httpapplication.php:140
#5: Bitrix\Main\HttpApplication->runController
	/home/bitrix/www/bitrix/modules/main/include/routing_index.php:135
----------
Host: crm.sodeistvie.su:443
Date: 2024-12-18 21:33:53
Module: create
Создаем карточку и реквизиты Поручителя
#0: KPLab\API\V2\Controller\Sellers->setAction
	
#1: ReflectionMethod->invokeArgs
	/home/bitrix/www/bitrix/modules/main/lib/engine/autowire/binder.php:207
#2: Bitrix\Main\Engine\AutoWire\Binder->invoke
	/home/bitrix/www/bitrix/modules/main/lib/engine/action.php:117
#3: Bitrix\Main\Engine\Action->runWithSourceParametersList
	/home/bitrix/www/bitrix/modules/main/lib/engine/controller.php:425
#4: Bitrix\Main\Engine\Controller->run
	/home/bitrix/www/bitrix/modules/main/lib/httpapplication.php:140
#5: Bitrix\Main\HttpApplication->runController
	/home/bitrix/www/bitrix/modules/main/include/routing_index.php:135
----------
Host: crm.sodeistvie.su:443
Date: 2024-12-19 15:46:05
Module: create
Создаем карточку и реквизиты Поручителя
#0: KPLab\API\V2\Controller\Sellers->setAction
	
#1: ReflectionMethod->invokeArgs
	/home/bitrix/www/bitrix/modules/main/lib/engine/autowire/binder.php:207
#2: Bitrix\Main\Engine\AutoWire\Binder->invoke
	/home/bitrix/www/bitrix/modules/main/lib/engine/action.php:117
#3: Bitrix\Main\Engine\Action->runWithSourceParametersList
	/home/bitrix/www/bitrix/modules/main/lib/engine/controller.php:425
#4: Bitrix\Main\Engine\Controller->run
	/home/bitrix/www/bitrix/modules/main/lib/httpapplication.php:140
#5: Bitrix\Main\HttpApplication->runController
	/home/bitrix/www/bitrix/modules/main/include/routing_index.php:135
----------
Host: crm.sodeistvie.su:443
Date: 2024-12-20 11:39:22
Module: create
Создаем карточку и реквизиты Поручителя
#0: KPLab\API\V2\Controller\Sellers->setAction
	
#1: ReflectionMethod->invokeArgs
	/home/bitrix/www/bitrix/modules/main/lib/engine/autowire/binder.php:207
#2: Bitrix\Main\Engine\AutoWire\Binder->invoke
	/home/bitrix/www/bitrix/modules/main/lib/engine/action.php:117
#3: Bitrix\Main\Engine\Action->runWithSourceParametersList
	/home/bitrix/www/bitrix/modules/main/lib/engine/controller.php:425
#4: Bitrix\Main\Engine\Controller->run
	/home/bitrix/www/bitrix/modules/main/lib/httpapplication.php:140
#5: Bitrix\Main\HttpApplication->runController
	/home/bitrix/www/bitrix/modules/main/include/routing_index.php:135
----------
Host: crm.sodeistvie.su:443
Date: 2024-12-20 13:01:41
Module: create
Создаем карточку и реквизиты Поручителя
#0: KPLab\API\V2\Controller\Sellers->setAction
	
#1: ReflectionMethod->invokeArgs
	/home/bitrix/www/bitrix/modules/main/lib/engine/autowire/binder.php:207
#2: Bitrix\Main\Engine\AutoWire\Binder->invoke
	/home/bitrix/www/bitrix/modules/main/lib/engine/action.php:117
#3: Bitrix\Main\Engine\Action->runWithSourceParametersList
	/home/bitrix/www/bitrix/modules/main/lib/engine/controller.php:425
#4: Bitrix\Main\Engine\Controller->run
	/home/bitrix/www/bitrix/modules/main/lib/httpapplication.php:140
#5: Bitrix\Main\HttpApplication->runController
	/home/bitrix/www/bitrix/modules/main/include/routing_index.php:135
----------
Host: crm.sodeistvie.su:443
Date: 2024-12-20 13:22:12
Module: create
Создаем карточку и реквизиты Поручителя
#0: KPLab\API\V2\Controller\Sellers->setAction
	
#1: ReflectionMethod->invokeArgs
	/home/bitrix/www/bitrix/modules/main/lib/engine/autowire/binder.php:207
#2: Bitrix\Main\Engine\AutoWire\Binder->invoke
	/home/bitrix/www/bitrix/modules/main/lib/engine/action.php:117
#3: Bitrix\Main\Engine\Action->runWithSourceParametersList
	/home/bitrix/www/bitrix/modules/main/lib/engine/controller.php:425
#4: Bitrix\Main\Engine\Controller->run
	/home/bitrix/www/bitrix/modules/main/lib/httpapplication.php:140
#5: Bitrix\Main\HttpApplication->runController
	/home/bitrix/www/bitrix/modules/main/include/routing_index.php:135
----------
Host: crm.sodeistvie.su:443
Date: 2024-12-20 14:05:42
Module: create
Создаем карточку и реквизиты Поручителя
#0: KPLab\API\V2\Controller\Sellers->setAction
	
#1: ReflectionMethod->invokeArgs
	/home/bitrix/www/bitrix/modules/main/lib/engine/autowire/binder.php:207
#2: Bitrix\Main\Engine\AutoWire\Binder->invoke
	/home/bitrix/www/bitrix/modules/main/lib/engine/action.php:117
#3: Bitrix\Main\Engine\Action->runWithSourceParametersList
	/home/bitrix/www/bitrix/modules/main/lib/engine/controller.php:425
#4: Bitrix\Main\Engine\Controller->run
	/home/bitrix/www/bitrix/modules/main/lib/httpapplication.php:140
#5: Bitrix\Main\HttpApplication->runController
	/home/bitrix/www/bitrix/modules/main/include/routing_index.php:135
----------
Host: crm.sodeistvie.su:443
Date: 2024-12-21 11:57:06
Module: create
Создаем карточку и реквизиты Поручителя
#0: KPLab\API\V2\Controller\Sellers->setAction
	
#1: ReflectionMethod->invokeArgs
	/home/bitrix/www/bitrix/modules/main/lib/engine/autowire/binder.php:207
#2: Bitrix\Main\Engine\AutoWire\Binder->invoke
	/home/bitrix/www/bitrix/modules/main/lib/engine/action.php:117
#3: Bitrix\Main\Engine\Action->runWithSourceParametersList
	/home/bitrix/www/bitrix/modules/main/lib/engine/controller.php:425
#4: Bitrix\Main\Engine\Controller->run
	/home/bitrix/www/bitrix/modules/main/lib/httpapplication.php:140
#5: Bitrix\Main\HttpApplication->runController
	/home/bitrix/www/bitrix/modules/main/include/routing_index.php:135
----------
Host: crm.sodeistvie.su:443
Date: 2024-12-22 20:10:52
Module: create
Создаем карточку и реквизиты Поручителя
#0: KPLab\API\V2\Controller\Sellers->setAction
	
#1: ReflectionMethod->invokeArgs
	/home/bitrix/www/bitrix/modules/main/lib/engine/autowire/binder.php:207
#2: Bitrix\Main\Engine\AutoWire\Binder->invoke
	/home/bitrix/www/bitrix/modules/main/lib/engine/action.php:117
#3: Bitrix\Main\Engine\Action->runWithSourceParametersList
	/home/bitrix/www/bitrix/modules/main/lib/engine/controller.php:425
#4: Bitrix\Main\Engine\Controller->run
	/home/bitrix/www/bitrix/modules/main/lib/httpapplication.php:140
#5: Bitrix\Main\HttpApplication->runController
	/home/bitrix/www/bitrix/modules/main/include/routing_index.php:135
----------
Host: crm.sodeistvie.su:443
Date: 2024-12-23 11:23:49
Module: create
Создаем карточку и реквизиты Поручителя
#0: KPLab\API\V2\Controller\Sellers->setAction
	
#1: ReflectionMethod->invokeArgs
	/home/bitrix/www/bitrix/modules/main/lib/engine/autowire/binder.php:207
#2: Bitrix\Main\Engine\AutoWire\Binder->invoke
	/home/bitrix/www/bitrix/modules/main/lib/engine/action.php:117
#3: Bitrix\Main\Engine\Action->runWithSourceParametersList
	/home/bitrix/www/bitrix/modules/main/lib/engine/controller.php:425
#4: Bitrix\Main\Engine\Controller->run
	/home/bitrix/www/bitrix/modules/main/lib/httpapplication.php:140
#5: Bitrix\Main\HttpApplication->runController
	/home/bitrix/www/bitrix/modules/main/include/routing_index.php:135
----------
Host: crm.sodeistvie.su:443
Date: 2024-12-23 14:18:14
Module: create
Создаем карточку и реквизиты Поручителя
#0: KPLab\API\V2\Controller\Sellers->setAction
	
#1: ReflectionMethod->invokeArgs
	/home/bitrix/www/bitrix/modules/main/lib/engine/autowire/binder.php:207
#2: Bitrix\Main\Engine\AutoWire\Binder->invoke
	/home/bitrix/www/bitrix/modules/main/lib/engine/action.php:117
#3: Bitrix\Main\Engine\Action->runWithSourceParametersList
	/home/bitrix/www/bitrix/modules/main/lib/engine/controller.php:425
#4: Bitrix\Main\Engine\Controller->run
	/home/bitrix/www/bitrix/modules/main/lib/httpapplication.php:140
#5: Bitrix\Main\HttpApplication->runController
	/home/bitrix/www/bitrix/modules/main/include/routing_index.php:135
----------
Host: crm.sodeistvie.su:443
Date: 2024-12-23 17:19:23
Module: create
Создаем карточку и реквизиты Поручителя
#0: KPLab\API\V2\Controller\Sellers->setAction
	
#1: ReflectionMethod->invokeArgs
	/home/bitrix/www/bitrix/modules/main/lib/engine/autowire/binder.php:207
#2: Bitrix\Main\Engine\AutoWire\Binder->invoke
	/home/bitrix/www/bitrix/modules/main/lib/engine/action.php:117
#3: Bitrix\Main\Engine\Action->runWithSourceParametersList
	/home/bitrix/www/bitrix/modules/main/lib/engine/controller.php:425
#4: Bitrix\Main\Engine\Controller->run
	/home/bitrix/www/bitrix/modules/main/lib/httpapplication.php:140
#5: Bitrix\Main\HttpApplication->runController
	/home/bitrix/www/bitrix/modules/main/include/routing_index.php:135
----------
Host: crm.sodeistvie.su:443
Date: 2024-12-23 17:50:39
Module: create
Создаем карточку и реквизиты Поручителя
#0: KPLab\API\V2\Controller\Sellers->setAction
	
#1: ReflectionMethod->invokeArgs
	/home/bitrix/www/bitrix/modules/main/lib/engine/autowire/binder.php:207
#2: Bitrix\Main\Engine\AutoWire\Binder->invoke
	/home/bitrix/www/bitrix/modules/main/lib/engine/action.php:117
#3: Bitrix\Main\Engine\Action->runWithSourceParametersList
	/home/bitrix/www/bitrix/modules/main/lib/engine/controller.php:425
#4: Bitrix\Main\Engine\Controller->run
	/home/bitrix/www/bitrix/modules/main/lib/httpapplication.php:140
#5: Bitrix\Main\HttpApplication->runController
	/home/bitrix/www/bitrix/modules/main/include/routing_index.php:135
----------
Host: crm.sodeistvie.su:443
Date: 2024-12-24 18:42:29
Module: create
Создаем карточку и реквизиты Поручителя
#0: KPLab\API\V2\Controller\Sellers->setAction
	
#1: ReflectionMethod->invokeArgs
	/home/bitrix/www/bitrix/modules/main/lib/engine/autowire/binder.php:207
#2: Bitrix\Main\Engine\AutoWire\Binder->invoke
	/home/bitrix/www/bitrix/modules/main/lib/engine/action.php:117
#3: Bitrix\Main\Engine\Action->runWithSourceParametersList
	/home/bitrix/www/bitrix/modules/main/lib/engine/controller.php:425
#4: Bitrix\Main\Engine\Controller->run
	/home/bitrix/www/bitrix/modules/main/lib/httpapplication.php:140
#5: Bitrix\Main\HttpApplication->runController
	/home/bitrix/www/bitrix/modules/main/include/routing_index.php:135
----------
Host: crm.sodeistvie.su:443
Date: 2024-12-25 14:20:56
Module: create
Создаем карточку и реквизиты Поручителя
#0: KPLab\API\V2\Controller\Sellers->setAction
	
#1: ReflectionMethod->invokeArgs
	/home/bitrix/www/bitrix/modules/main/lib/engine/autowire/binder.php:207
#2: Bitrix\Main\Engine\AutoWire\Binder->invoke
	/home/bitrix/www/bitrix/modules/main/lib/engine/action.php:117
#3: Bitrix\Main\Engine\Action->runWithSourceParametersList
	/home/bitrix/www/bitrix/modules/main/lib/engine/controller.php:425
#4: Bitrix\Main\Engine\Controller->run
	/home/bitrix/www/bitrix/modules/main/lib/httpapplication.php:140
#5: Bitrix\Main\HttpApplication->runController
	/home/bitrix/www/bitrix/modules/main/include/routing_index.php:135
----------
Host: crm.sodeistvie.su:443
Date: 2024-12-25 15:36:54
Module: create
Создаем карточку и реквизиты Поручителя
#0: KPLab\API\V2\Controller\Sellers->setAction
	
#1: ReflectionMethod->invokeArgs
	/home/bitrix/www/bitrix/modules/main/lib/engine/autowire/binder.php:207
#2: Bitrix\Main\Engine\AutoWire\Binder->invoke
	/home/bitrix/www/bitrix/modules/main/lib/engine/action.php:117
#3: Bitrix\Main\Engine\Action->runWithSourceParametersList
	/home/bitrix/www/bitrix/modules/main/lib/engine/controller.php:425
#4: Bitrix\Main\Engine\Controller->run
	/home/bitrix/www/bitrix/modules/main/lib/httpapplication.php:140
#5: Bitrix\Main\HttpApplication->runController
	/home/bitrix/www/bitrix/modules/main/include/routing_index.php:135
----------
Host: crm.sodeistvie.su:443
Date: 2024-12-26 12:08:56
Module: create
Создаем карточку и реквизиты Поручителя
#0: KPLab\API\V2\Controller\Sellers->setAction
	
#1: ReflectionMethod->invokeArgs
	/home/bitrix/www/bitrix/modules/main/lib/engine/autowire/binder.php:207
#2: Bitrix\Main\Engine\AutoWire\Binder->invoke
	/home/bitrix/www/bitrix/modules/main/lib/engine/action.php:117
#3: Bitrix\Main\Engine\Action->runWithSourceParametersList
	/home/bitrix/www/bitrix/modules/main/lib/engine/controller.php:425
#4: Bitrix\Main\Engine\Controller->run
	/home/bitrix/www/bitrix/modules/main/lib/httpapplication.php:140
#5: Bitrix\Main\HttpApplication->runController
	/home/bitrix/www/bitrix/modules/main/include/routing_index.php:135
----------
Host: crm.sodeistvie.su:443
Date: 2024-12-26 12:37:35
Module: create
Создаем карточку и реквизиты Поручителя
#0: KPLab\API\V2\Controller\Sellers->setAction
	
#1: ReflectionMethod->invokeArgs
	/home/bitrix/www/bitrix/modules/main/lib/engine/autowire/binder.php:207
#2: Bitrix\Main\Engine\AutoWire\Binder->invoke
	/home/bitrix/www/bitrix/modules/main/lib/engine/action.php:117
#3: Bitrix\Main\Engine\Action->runWithSourceParametersList
	/home/bitrix/www/bitrix/modules/main/lib/engine/controller.php:425
#4: Bitrix\Main\Engine\Controller->run
	/home/bitrix/www/bitrix/modules/main/lib/httpapplication.php:140
#5: Bitrix\Main\HttpApplication->runController
	/home/bitrix/www/bitrix/modules/main/include/routing_index.php:135
----------
Host: crm.sodeistvie.su:443
Date: 2024-12-26 13:38:46
Module: create
Создаем карточку и реквизиты Поручителя
#0: KPLab\API\V2\Controller\Sellers->setAction
	
#1: ReflectionMethod->invokeArgs
	/home/bitrix/www/bitrix/modules/main/lib/engine/autowire/binder.php:207
#2: Bitrix\Main\Engine\AutoWire\Binder->invoke
	/home/bitrix/www/bitrix/modules/main/lib/engine/action.php:117
#3: Bitrix\Main\Engine\Action->runWithSourceParametersList
	/home/bitrix/www/bitrix/modules/main/lib/engine/controller.php:425
#4: Bitrix\Main\Engine\Controller->run
	/home/bitrix/www/bitrix/modules/main/lib/httpapplication.php:140
#5: Bitrix\Main\HttpApplication->runController
	/home/bitrix/www/bitrix/modules/main/include/routing_index.php:135
----------
Host: crm.sodeistvie.su:443
Date: 2024-12-26 14:36:37
Module: create
Создаем карточку и реквизиты Поручителя
#0: KPLab\API\V2\Controller\Sellers->setAction
	
#1: ReflectionMethod->invokeArgs
	/home/bitrix/www/bitrix/modules/main/lib/engine/autowire/binder.php:207
#2: Bitrix\Main\Engine\AutoWire\Binder->invoke
	/home/bitrix/www/bitrix/modules/main/lib/engine/action.php:117
#3: Bitrix\Main\Engine\Action->runWithSourceParametersList
	/home/bitrix/www/bitrix/modules/main/lib/engine/controller.php:425
#4: Bitrix\Main\Engine\Controller->run
	/home/bitrix/www/bitrix/modules/main/lib/httpapplication.php:141
#5: Bitrix\Main\HttpApplication->runController
	/home/bitrix/www/bitrix/modules/main/include/routing_index.php:135
----------
Host: crm.sodeistvie.su:443
Date: 2024-12-27 12:02:19
Module: create
Создаем карточку и реквизиты Поручителя
#0: KPLab\API\V2\Controller\Sellers->setAction
	
#1: ReflectionMethod->invokeArgs
	/home/bitrix/www/bitrix/modules/main/lib/engine/autowire/binder.php:207
#2: Bitrix\Main\Engine\AutoWire\Binder->invoke
	/home/bitrix/www/bitrix/modules/main/lib/engine/action.php:117
#3: Bitrix\Main\Engine\Action->runWithSourceParametersList
	/home/bitrix/www/bitrix/modules/main/lib/engine/controller.php:425
#4: Bitrix\Main\Engine\Controller->run
	/home/bitrix/www/bitrix/modules/main/lib/httpapplication.php:141
#5: Bitrix\Main\HttpApplication->runController
	/home/bitrix/www/bitrix/modules/main/include/routing_index.php:135
----------
Host: crm.sodeistvie.su:443
Date: 2024-12-27 14:38:47
Module: create
Создаем карточку и реквизиты Поручителя
#0: KPLab\API\V2\Controller\Sellers->setAction
	
#1: ReflectionMethod->invokeArgs
	/home/bitrix/www/bitrix/modules/main/lib/engine/autowire/binder.php:207
#2: Bitrix\Main\Engine\AutoWire\Binder->invoke
	/home/bitrix/www/bitrix/modules/main/lib/engine/action.php:117
#3: Bitrix\Main\Engine\Action->runWithSourceParametersList
	/home/bitrix/www/bitrix/modules/main/lib/engine/controller.php:425
#4: Bitrix\Main\Engine\Controller->run
	/home/bitrix/www/bitrix/modules/main/lib/httpapplication.php:141
#5: Bitrix\Main\HttpApplication->runController
	/home/bitrix/www/bitrix/modules/main/include/routing_index.php:135
----------
Host: crm.sodeistvie.su:443
Date: 2024-12-27 15:19:54
Module: create
Создаем карточку и реквизиты Поручителя
#0: KPLab\API\V2\Controller\Sellers->setAction
	
#1: ReflectionMethod->invokeArgs
	/home/bitrix/www/bitrix/modules/main/lib/engine/autowire/binder.php:207
#2: Bitrix\Main\Engine\AutoWire\Binder->invoke
	/home/bitrix/www/bitrix/modules/main/lib/engine/action.php:117
#3: Bitrix\Main\Engine\Action->runWithSourceParametersList
	/home/bitrix/www/bitrix/modules/main/lib/engine/controller.php:425
#4: Bitrix\Main\Engine\Controller->run
	/home/bitrix/www/bitrix/modules/main/lib/httpapplication.php:141
#5: Bitrix\Main\HttpApplication->runController
	/home/bitrix/www/bitrix/modules/main/include/routing_index.php:135
----------
Host: crm.sodeistvie.su:443
Date: 2024-12-27 16:20:11
Module: create
Создаем карточку и реквизиты Поручителя
#0: KPLab\API\V2\Controller\Sellers->setAction
	
#1: ReflectionMethod->invokeArgs
	/home/bitrix/www/bitrix/modules/main/lib/engine/autowire/binder.php:207
#2: Bitrix\Main\Engine\AutoWire\Binder->invoke
	/home/bitrix/www/bitrix/modules/main/lib/engine/action.php:117
#3: Bitrix\Main\Engine\Action->runWithSourceParametersList
	/home/bitrix/www/bitrix/modules/main/lib/engine/controller.php:425
#4: Bitrix\Main\Engine\Controller->run
	/home/bitrix/www/bitrix/modules/main/lib/httpapplication.php:141
#5: Bitrix\Main\HttpApplication->runController
	/home/bitrix/www/bitrix/modules/main/include/routing_index.php:135
----------
Host: crm.sodeistvie.su:443
Date: 2024-12-27 16:53:21
Module: create
Создаем карточку и реквизиты Поручителя
#0: KPLab\API\V2\Controller\Sellers->setAction
	
#1: ReflectionMethod->invokeArgs
	/home/bitrix/www/bitrix/modules/main/lib/engine/autowire/binder.php:207
#2: Bitrix\Main\Engine\AutoWire\Binder->invoke
	/home/bitrix/www/bitrix/modules/main/lib/engine/action.php:117
#3: Bitrix\Main\Engine\Action->runWithSourceParametersList
	/home/bitrix/www/bitrix/modules/main/lib/engine/controller.php:425
#4: Bitrix\Main\Engine\Controller->run
	/home/bitrix/www/bitrix/modules/main/lib/httpapplication.php:141
#5: Bitrix\Main\HttpApplication->runController
	/home/bitrix/www/bitrix/modules/main/include/routing_index.php:135
----------
Host: crm.sodeistvie.su:443
Date: 2024-12-28 18:50:54
Module: create
Создаем карточку и реквизиты Поручителя
#0: KPLab\API\V2\Controller\Sellers->setAction
	
#1: ReflectionMethod->invokeArgs
	/home/bitrix/www/bitrix/modules/main/lib/engine/autowire/binder.php:207
#2: Bitrix\Main\Engine\AutoWire\Binder->invoke
	/home/bitrix/www/bitrix/modules/main/lib/engine/action.php:117
#3: Bitrix\Main\Engine\Action->runWithSourceParametersList
	/home/bitrix/www/bitrix/modules/main/lib/engine/controller.php:425
#4: Bitrix\Main\Engine\Controller->run
	/home/bitrix/www/bitrix/modules/main/lib/httpapplication.php:141
#5: Bitrix\Main\HttpApplication->runController
	/home/bitrix/www/bitrix/modules/main/include/routing_index.php:135
----------
Host: crm.sodeistvie.su:443
Date: 2025-01-01 12:39:32
Module: create
Создаем карточку и реквизиты Поручителя
#0: KPLab\API\V2\Controller\Sellers->setAction
	
#1: ReflectionMethod->invokeArgs
	/home/bitrix/www/bitrix/modules/main/lib/engine/autowire/binder.php:207
#2: Bitrix\Main\Engine\AutoWire\Binder->invoke
	/home/bitrix/www/bitrix/modules/main/lib/engine/action.php:117
#3: Bitrix\Main\Engine\Action->runWithSourceParametersList
	/home/bitrix/www/bitrix/modules/main/lib/engine/controller.php:425
#4: Bitrix\Main\Engine\Controller->run
	/home/bitrix/www/bitrix/modules/main/lib/httpapplication.php:141
#5: Bitrix\Main\HttpApplication->runController
	/home/bitrix/www/bitrix/modules/main/include/routing_index.php:135
----------
Host: crm.sodeistvie.su:443
Date: 2025-01-03 21:48:07
Module: create
Создаем карточку и реквизиты Поручителя
#0: KPLab\API\V2\Controller\Sellers->setAction
	
#1: ReflectionMethod->invokeArgs
	/home/bitrix/www/bitrix/modules/main/lib/engine/autowire/binder.php:207
#2: Bitrix\Main\Engine\AutoWire\Binder->invoke
	/home/bitrix/www/bitrix/modules/main/lib/engine/action.php:117
#3: Bitrix\Main\Engine\Action->runWithSourceParametersList
	/home/bitrix/www/bitrix/modules/main/lib/engine/controller.php:425
#4: Bitrix\Main\Engine\Controller->run
	/home/bitrix/www/bitrix/modules/main/lib/httpapplication.php:141
#5: Bitrix\Main\HttpApplication->runController
	/home/bitrix/www/bitrix/modules/main/include/routing_index.php:135
----------
Host: crm.sodeistvie.su:443
Date: 2025-01-04 08:16:33
Module: create
Создаем карточку и реквизиты Поручителя
#0: KPLab\API\V2\Controller\Sellers->setAction
	
#1: ReflectionMethod->invokeArgs
	/home/bitrix/www/bitrix/modules/main/lib/engine/autowire/binder.php:207
#2: Bitrix\Main\Engine\AutoWire\Binder->invoke
	/home/bitrix/www/bitrix/modules/main/lib/engine/action.php:117
#3: Bitrix\Main\Engine\Action->runWithSourceParametersList
	/home/bitrix/www/bitrix/modules/main/lib/engine/controller.php:425
#4: Bitrix\Main\Engine\Controller->run
	/home/bitrix/www/bitrix/modules/main/lib/httpapplication.php:141
#5: Bitrix\Main\HttpApplication->runController
	/home/bitrix/www/bitrix/modules/main/include/routing_index.php:135
----------
Host: crm.sodeistvie.su:443
Date: 2025-01-06 21:27:27
Module: create
Создаем карточку и реквизиты Поручителя
#0: KPLab\API\V2\Controller\Sellers->setAction
	
#1: ReflectionMethod->invokeArgs
	/home/bitrix/www/bitrix/modules/main/lib/engine/autowire/binder.php:207
#2: Bitrix\Main\Engine\AutoWire\Binder->invoke
	/home/bitrix/www/bitrix/modules/main/lib/engine/action.php:117
#3: Bitrix\Main\Engine\Action->runWithSourceParametersList
	/home/bitrix/www/bitrix/modules/main/lib/engine/controller.php:425
#4: Bitrix\Main\Engine\Controller->run
	/home/bitrix/www/bitrix/modules/main/lib/httpapplication.php:141
#5: Bitrix\Main\HttpApplication->runController
	/home/bitrix/www/bitrix/modules/main/include/routing_index.php:135
----------
Host: crm.sodeistvie.su:443
Date: 2025-01-07 13:30:00
Module: create
Создаем карточку и реквизиты Поручителя
#0: KPLab\API\V2\Controller\Sellers->setAction
	
#1: ReflectionMethod->invokeArgs
	/home/bitrix/www/bitrix/modules/main/lib/engine/autowire/binder.php:207
#2: Bitrix\Main\Engine\AutoWire\Binder->invoke
	/home/bitrix/www/bitrix/modules/main/lib/engine/action.php:117
#3: Bitrix\Main\Engine\Action->runWithSourceParametersList
	/home/bitrix/www/bitrix/modules/main/lib/engine/controller.php:425
#4: Bitrix\Main\Engine\Controller->run
	/home/bitrix/www/bitrix/modules/main/lib/httpapplication.php:141
#5: Bitrix\Main\HttpApplication->runController
	/home/bitrix/www/bitrix/modules/main/include/routing_index.php:135
----------
Host: crm.sodeistvie.su:443
Date: 2025-01-08 16:33:58
Module: create
Создаем карточку и реквизиты Поручителя
#0: KPLab\API\V2\Controller\Sellers->setAction
	
#1: ReflectionMethod->invokeArgs
	/home/bitrix/www/bitrix/modules/main/lib/engine/autowire/binder.php:207
#2: Bitrix\Main\Engine\AutoWire\Binder->invoke
	/home/bitrix/www/bitrix/modules/main/lib/engine/action.php:117
#3: Bitrix\Main\Engine\Action->runWithSourceParametersList
	/home/bitrix/www/bitrix/modules/main/lib/engine/controller.php:425
#4: Bitrix\Main\Engine\Controller->run
	/home/bitrix/www/bitrix/modules/main/lib/httpapplication.php:141
#5: Bitrix\Main\HttpApplication->runController
	/home/bitrix/www/bitrix/modules/main/include/routing_index.php:135
----------
Host: crm.sodeistvie.su:443
Date: 2025-01-09 14:23:34
Module: create
Создаем карточку и реквизиты Поручителя
#0: KPLab\API\V2\Controller\Sellers->setAction
	
#1: ReflectionMethod->invokeArgs
	/home/bitrix/www/bitrix/modules/main/lib/engine/autowire/binder.php:207
#2: Bitrix\Main\Engine\AutoWire\Binder->invoke
	/home/bitrix/www/bitrix/modules/main/lib/engine/action.php:117
#3: Bitrix\Main\Engine\Action->runWithSourceParametersList
	/home/bitrix/www/bitrix/modules/main/lib/engine/controller.php:425
#4: Bitrix\Main\Engine\Controller->run
	/home/bitrix/www/bitrix/modules/main/lib/httpapplication.php:141
#5: Bitrix\Main\HttpApplication->runController
	/home/bitrix/www/bitrix/modules/main/include/routing_index.php:135
----------
Host: crm.sodeistvie.su:443
Date: 2025-01-09 18:09:19
Module: create
Создаем карточку и реквизиты Поручителя
#0: KPLab\API\V2\Controller\Sellers->setAction
	
#1: ReflectionMethod->invokeArgs
	/home/bitrix/www/bitrix/modules/main/lib/engine/autowire/binder.php:207
#2: Bitrix\Main\Engine\AutoWire\Binder->invoke
	/home/bitrix/www/bitrix/modules/main/lib/engine/action.php:117
#3: Bitrix\Main\Engine\Action->runWithSourceParametersList
	/home/bitrix/www/bitrix/modules/main/lib/engine/controller.php:425
#4: Bitrix\Main\Engine\Controller->run
	/home/bitrix/www/bitrix/modules/main/lib/httpapplication.php:141
#5: Bitrix\Main\HttpApplication->runController
	/home/bitrix/www/bitrix/modules/main/include/routing_index.php:135
----------
Host: crm.sodeistvie.su:443
Date: 2025-01-10 21:42:27
Module: create
Создаем карточку и реквизиты Поручителя
#0: KPLab\API\V2\Controller\Sellers->setAction
	
#1: ReflectionMethod->invokeArgs
	/home/bitrix/www/bitrix/modules/main/lib/engine/autowire/binder.php:207
#2: Bitrix\Main\Engine\AutoWire\Binder->invoke
	/home/bitrix/www/bitrix/modules/main/lib/engine/action.php:117
#3: Bitrix\Main\Engine\Action->runWithSourceParametersList
	/home/bitrix/www/bitrix/modules/main/lib/engine/controller.php:425
#4: Bitrix\Main\Engine\Controller->run
	/home/bitrix/www/bitrix/modules/main/lib/httpapplication.php:141
#5: Bitrix\Main\HttpApplication->runController
	/home/bitrix/www/bitrix/modules/main/include/routing_index.php:135
----------
Host: crm.sodeistvie.su:443
Date: 2025-01-12 17:34:45
Module: create
Создаем карточку и реквизиты Поручителя
#0: KPLab\API\V2\Controller\Sellers->setAction
	
#1: ReflectionMethod->invokeArgs
	/home/bitrix/www/bitrix/modules/main/lib/engine/autowire/binder.php:207
#2: Bitrix\Main\Engine\AutoWire\Binder->invoke
	/home/bitrix/www/bitrix/modules/main/lib/engine/action.php:117
#3: Bitrix\Main\Engine\Action->runWithSourceParametersList
	/home/bitrix/www/bitrix/modules/main/lib/engine/controller.php:425
#4: Bitrix\Main\Engine\Controller->run
	/home/bitrix/www/bitrix/modules/main/lib/httpapplication.php:141
#5: Bitrix\Main\HttpApplication->runController
	/home/bitrix/www/bitrix/modules/main/include/routing_index.php:135
----------
Host: crm.sodeistvie.su:443
Date: 2025-01-12 22:46:17
Module: create
Создаем карточку и реквизиты Поручителя
#0: KPLab\API\V2\Controller\Sellers->setAction
	
#1: ReflectionMethod->invokeArgs
	/home/bitrix/www/bitrix/modules/main/lib/engine/autowire/binder.php:207
#2: Bitrix\Main\Engine\AutoWire\Binder->invoke
	/home/bitrix/www/bitrix/modules/main/lib/engine/action.php:117
#3: Bitrix\Main\Engine\Action->runWithSourceParametersList
	/home/bitrix/www/bitrix/modules/main/lib/engine/controller.php:425
#4: Bitrix\Main\Engine\Controller->run
	/home/bitrix/www/bitrix/modules/main/lib/httpapplication.php:141
#5: Bitrix\Main\HttpApplication->runController
	/home/bitrix/www/bitrix/modules/main/include/routing_index.php:135
----------
Host: crm.sodeistvie.su:443
Date: 2025-01-13 04:01:16
Module: create
Создаем карточку и реквизиты Поручителя
#0: KPLab\API\V2\Controller\Sellers->setAction
	
#1: ReflectionMethod->invokeArgs
	/home/bitrix/www/bitrix/modules/main/lib/engine/autowire/binder.php:207
#2: Bitrix\Main\Engine\AutoWire\Binder->invoke
	/home/bitrix/www/bitrix/modules/main/lib/engine/action.php:117
#3: Bitrix\Main\Engine\Action->runWithSourceParametersList
	/home/bitrix/www/bitrix/modules/main/lib/engine/controller.php:425
#4: Bitrix\Main\Engine\Controller->run
	/home/bitrix/www/bitrix/modules/main/lib/httpapplication.php:141
#5: Bitrix\Main\HttpApplication->runController
	/home/bitrix/www/bitrix/modules/main/include/routing_index.php:135
----------
Host: crm.sodeistvie.su:443
Date: 2025-01-13 15:23:33
Module: create
Создаем карточку и реквизиты Поручителя
#0: KPLab\API\V2\Controller\Sellers->setAction
	
#1: ReflectionMethod->invokeArgs
	/home/bitrix/www/bitrix/modules/main/lib/engine/autowire/binder.php:207
#2: Bitrix\Main\Engine\AutoWire\Binder->invoke
	/home/bitrix/www/bitrix/modules/main/lib/engine/action.php:117
#3: Bitrix\Main\Engine\Action->runWithSourceParametersList
	/home/bitrix/www/bitrix/modules/main/lib/engine/controller.php:425
#4: Bitrix\Main\Engine\Controller->run
	/home/bitrix/www/bitrix/modules/main/lib/httpapplication.php:141
#5: Bitrix\Main\HttpApplication->runController
	/home/bitrix/www/bitrix/modules/main/include/routing_index.php:135
----------
Host: crm.sodeistvie.su:443
Date: 2025-01-13 22:18:41
Module: create
Создаем карточку и реквизиты Поручителя
#0: KPLab\API\V2\Controller\Sellers->setAction
	
#1: ReflectionMethod->invokeArgs
	/home/bitrix/www/bitrix/modules/main/lib/engine/autowire/binder.php:207
#2: Bitrix\Main\Engine\AutoWire\Binder->invoke
	/home/bitrix/www/bitrix/modules/main/lib/engine/action.php:117
#3: Bitrix\Main\Engine\Action->runWithSourceParametersList
	/home/bitrix/www/bitrix/modules/main/lib/engine/controller.php:425
#4: Bitrix\Main\Engine\Controller->run
	/home/bitrix/www/bitrix/modules/main/lib/httpapplication.php:141
#5: Bitrix\Main\HttpApplication->runController
	/home/bitrix/www/bitrix/modules/main/include/routing_index.php:135
----------
Host: crm.sodeistvie.su:443
Date: 2025-01-14 16:29:48
Module: create
Создаем карточку и реквизиты Поручителя
#0: KPLab\API\V2\Controller\Sellers->setAction
	
#1: ReflectionMethod->invokeArgs
	/home/bitrix/www/bitrix/modules/main/lib/engine/autowire/binder.php:207
#2: Bitrix\Main\Engine\AutoWire\Binder->invoke
	/home/bitrix/www/bitrix/modules/main/lib/engine/action.php:117
#3: Bitrix\Main\Engine\Action->runWithSourceParametersList
	/home/bitrix/www/bitrix/modules/main/lib/engine/controller.php:425
#4: Bitrix\Main\Engine\Controller->run
	/home/bitrix/www/bitrix/modules/main/lib/httpapplication.php:141
#5: Bitrix\Main\HttpApplication->runController
	/home/bitrix/www/bitrix/modules/main/include/routing_index.php:135
----------
Host: crm.sodeistvie.su:443
Date: 2025-01-14 17:47:09
Module: create
Создаем карточку и реквизиты Поручителя
#0: KPLab\API\V2\Controller\Sellers->setAction
	
#1: ReflectionMethod->invokeArgs
	/home/bitrix/www/bitrix/modules/main/lib/engine/autowire/binder.php:207
#2: Bitrix\Main\Engine\AutoWire\Binder->invoke
	/home/bitrix/www/bitrix/modules/main/lib/engine/action.php:117
#3: Bitrix\Main\Engine\Action->runWithSourceParametersList
	/home/bitrix/www/bitrix/modules/main/lib/engine/controller.php:425
#4: Bitrix\Main\Engine\Controller->run
	/home/bitrix/www/bitrix/modules/main/lib/httpapplication.php:141
#5: Bitrix\Main\HttpApplication->runController
	/home/bitrix/www/bitrix/modules/main/include/routing_index.php:135
----------
Host: crm.sodeistvie.su:443
Date: 2025-01-14 18:24:02
Module: create
Создаем карточку и реквизиты Поручителя
#0: KPLab\API\V2\Controller\Sellers->setAction
	
#1: ReflectionMethod->invokeArgs
	/home/bitrix/www/bitrix/modules/main/lib/engine/autowire/binder.php:207
#2: Bitrix\Main\Engine\AutoWire\Binder->invoke
	/home/bitrix/www/bitrix/modules/main/lib/engine/action.php:117
#3: Bitrix\Main\Engine\Action->runWithSourceParametersList
	/home/bitrix/www/bitrix/modules/main/lib/engine/controller.php:425
#4: Bitrix\Main\Engine\Controller->run
	/home/bitrix/www/bitrix/modules/main/lib/httpapplication.php:141
#5: Bitrix\Main\HttpApplication->runController
	/home/bitrix/www/bitrix/modules/main/include/routing_index.php:135
----------
Host: crm.sodeistvie.su:443
Date: 2025-01-15 04:48:42
Module: create
Создаем карточку и реквизиты Поручителя
#0: KPLab\API\V2\Controller\Sellers->setAction
	
#1: ReflectionMethod->invokeArgs
	/home/bitrix/www/bitrix/modules/main/lib/engine/autowire/binder.php:207
#2: Bitrix\Main\Engine\AutoWire\Binder->invoke
	/home/bitrix/www/bitrix/modules/main/lib/engine/action.php:117
#3: Bitrix\Main\Engine\Action->runWithSourceParametersList
	/home/bitrix/www/bitrix/modules/main/lib/engine/controller.php:425
#4: Bitrix\Main\Engine\Controller->run
	/home/bitrix/www/bitrix/modules/main/lib/httpapplication.php:141
#5: Bitrix\Main\HttpApplication->runController
	/home/bitrix/www/bitrix/modules/main/include/routing_index.php:135
----------
Host: crm.sodeistvie.su:443
Date: 2025-01-15 15:15:19
Module: create
Создаем карточку и реквизиты Поручителя
#0: KPLab\API\V2\Controller\Sellers->setAction
	
#1: ReflectionMethod->invokeArgs
	/home/bitrix/www/bitrix/modules/main/lib/engine/autowire/binder.php:207
#2: Bitrix\Main\Engine\AutoWire\Binder->invoke
	/home/bitrix/www/bitrix/modules/main/lib/engine/action.php:117
#3: Bitrix\Main\Engine\Action->runWithSourceParametersList
	/home/bitrix/www/bitrix/modules/main/lib/engine/controller.php:425
#4: Bitrix\Main\Engine\Controller->run
	/home/bitrix/www/bitrix/modules/main/lib/httpapplication.php:141
#5: Bitrix\Main\HttpApplication->runController
	/home/bitrix/www/bitrix/modules/main/include/routing_index.php:135
----------
Host: crm.sodeistvie.su:443
Date: 2025-01-15 17:16:26
Module: create
Создаем карточку и реквизиты Поручителя
#0: KPLab\API\V2\Controller\Sellers->setAction
	
#1: ReflectionMethod->invokeArgs
	/home/bitrix/www/bitrix/modules/main/lib/engine/autowire/binder.php:207
#2: Bitrix\Main\Engine\AutoWire\Binder->invoke
	/home/bitrix/www/bitrix/modules/main/lib/engine/action.php:117
#3: Bitrix\Main\Engine\Action->runWithSourceParametersList
	/home/bitrix/www/bitrix/modules/main/lib/engine/controller.php:425
#4: Bitrix\Main\Engine\Controller->run
	/home/bitrix/www/bitrix/modules/main/lib/httpapplication.php:141
#5: Bitrix\Main\HttpApplication->runController
	/home/bitrix/www/bitrix/modules/main/include/routing_index.php:135
----------
Host: crm.sodeistvie.su:443
Date: 2025-01-15 17:27:32
Module: create
Создаем карточку и реквизиты Поручителя
#0: KPLab\API\V2\Controller\Sellers->setAction
	
#1: ReflectionMethod->invokeArgs
	/home/bitrix/www/bitrix/modules/main/lib/engine/autowire/binder.php:207
#2: Bitrix\Main\Engine\AutoWire\Binder->invoke
	/home/bitrix/www/bitrix/modules/main/lib/engine/action.php:117
#3: Bitrix\Main\Engine\Action->runWithSourceParametersList
	/home/bitrix/www/bitrix/modules/main/lib/engine/controller.php:425
#4: Bitrix\Main\Engine\Controller->run
	/home/bitrix/www/bitrix/modules/main/lib/httpapplication.php:141
#5: Bitrix\Main\HttpApplication->runController
	/home/bitrix/www/bitrix/modules/main/include/routing_index.php:135
----------
Host: crm.sodeistvie.su:443
Date: 2025-01-15 18:42:17
Module: create
Создаем карточку и реквизиты Поручителя
#0: KPLab\API\V2\Controller\Sellers->setAction
	
#1: ReflectionMethod->invokeArgs
	/home/bitrix/www/bitrix/modules/main/lib/engine/autowire/binder.php:207
#2: Bitrix\Main\Engine\AutoWire\Binder->invoke
	/home/bitrix/www/bitrix/modules/main/lib/engine/action.php:117
#3: Bitrix\Main\Engine\Action->runWithSourceParametersList
	/home/bitrix/www/bitrix/modules/main/lib/engine/controller.php:425
#4: Bitrix\Main\Engine\Controller->run
	/home/bitrix/www/bitrix/modules/main/lib/httpapplication.php:141
#5: Bitrix\Main\HttpApplication->runController
	/home/bitrix/www/bitrix/modules/main/include/routing_index.php:135
----------
Host: crm.sodeistvie.su:443
Date: 2025-01-15 21:25:53
Module: create
Создаем карточку и реквизиты Поручителя
#0: KPLab\API\V2\Controller\Sellers->setAction
	
#1: ReflectionMethod->invokeArgs
	/home/bitrix/www/bitrix/modules/main/lib/engine/autowire/binder.php:207
#2: Bitrix\Main\Engine\AutoWire\Binder->invoke
	/home/bitrix/www/bitrix/modules/main/lib/engine/action.php:117
#3: Bitrix\Main\Engine\Action->runWithSourceParametersList
	/home/bitrix/www/bitrix/modules/main/lib/engine/controller.php:425
#4: Bitrix\Main\Engine\Controller->run
	/home/bitrix/www/bitrix/modules/main/lib/httpapplication.php:141
#5: Bitrix\Main\HttpApplication->runController
	/home/bitrix/www/bitrix/modules/main/include/routing_index.php:135
----------
Host: crm.sodeistvie.su:443
Date: 2025-01-16 08:31:42
Module: create
Создаем карточку и реквизиты Поручителя
#0: KPLab\API\V2\Controller\Sellers->setAction
	
#1: ReflectionMethod->invokeArgs
	/home/bitrix/www/bitrix/modules/main/lib/engine/autowire/binder.php:207
#2: Bitrix\Main\Engine\AutoWire\Binder->invoke
	/home/bitrix/www/bitrix/modules/main/lib/engine/action.php:117
#3: Bitrix\Main\Engine\Action->runWithSourceParametersList
	/home/bitrix/www/bitrix/modules/main/lib/engine/controller.php:425
#4: Bitrix\Main\Engine\Controller->run
	/home/bitrix/www/bitrix/modules/main/lib/httpapplication.php:141
#5: Bitrix\Main\HttpApplication->runController
	/home/bitrix/www/bitrix/modules/main/include/routing_index.php:135
----------
Host: crm.sodeistvie.su:443
Date: 2025-01-16 18:31:22
Module: create
Создаем карточку и реквизиты Поручителя
#0: KPLab\API\V2\Controller\Sellers->setAction
	
#1: ReflectionMethod->invokeArgs
	/home/bitrix/www/bitrix/modules/main/lib/engine/autowire/binder.php:207
#2: Bitrix\Main\Engine\AutoWire\Binder->invoke
	/home/bitrix/www/bitrix/modules/main/lib/engine/action.php:117
#3: Bitrix\Main\Engine\Action->runWithSourceParametersList
	/home/bitrix/www/bitrix/modules/main/lib/engine/controller.php:425
#4: Bitrix\Main\Engine\Controller->run
	/home/bitrix/www/bitrix/modules/main/lib/httpapplication.php:141
#5: Bitrix\Main\HttpApplication->runController
	/home/bitrix/www/bitrix/modules/main/include/routing_index.php:135
----------
Host: crm.sodeistvie.su:443
Date: 2025-01-17 13:07:56
Module: create
Создаем карточку и реквизиты Поручителя
#0: KPLab\API\V2\Controller\Sellers->setAction
	
#1: ReflectionMethod->invokeArgs
	/home/bitrix/www/bitrix/modules/main/lib/engine/autowire/binder.php:207
#2: Bitrix\Main\Engine\AutoWire\Binder->invoke
	/home/bitrix/www/bitrix/modules/main/lib/engine/action.php:117
#3: Bitrix\Main\Engine\Action->runWithSourceParametersList
	/home/bitrix/www/bitrix/modules/main/lib/engine/controller.php:425
#4: Bitrix\Main\Engine\Controller->run
	/home/bitrix/www/bitrix/modules/main/lib/httpapplication.php:141
#5: Bitrix\Main\HttpApplication->runController
	/home/bitrix/www/bitrix/modules/main/include/routing_index.php:135
----------
Host: crm.sodeistvie.su:443
Date: 2025-01-17 13:27:34
Module: create
Создаем карточку и реквизиты Поручителя
#0: KPLab\API\V2\Controller\Sellers->setAction
	
#1: ReflectionMethod->invokeArgs
	/home/bitrix/www/bitrix/modules/main/lib/engine/autowire/binder.php:207
#2: Bitrix\Main\Engine\AutoWire\Binder->invoke
	/home/bitrix/www/bitrix/modules/main/lib/engine/action.php:117
#3: Bitrix\Main\Engine\Action->runWithSourceParametersList
	/home/bitrix/www/bitrix/modules/main/lib/engine/controller.php:425
#4: Bitrix\Main\Engine\Controller->run
	/home/bitrix/www/bitrix/modules/main/lib/httpapplication.php:141
#5: Bitrix\Main\HttpApplication->runController
	/home/bitrix/www/bitrix/modules/main/include/routing_index.php:135
----------
Host: crm.seller-capital.ru:443
Date: 2025-01-20 17:48:31
Module: create
Создаем карточку и реквизиты Поручителя
#0: KPLab\API\V2\Controller\Sellers->setAction
	
#1: ReflectionMethod->invokeArgs
	/home/bitrix/www/bitrix/modules/main/lib/engine/autowire/binder.php:207
#2: Bitrix\Main\Engine\AutoWire\Binder->invoke
	/home/bitrix/www/bitrix/modules/main/lib/engine/action.php:117
#3: Bitrix\Main\Engine\Action->runWithSourceParametersList
	/home/bitrix/www/bitrix/modules/main/lib/engine/controller.php:425
#4: Bitrix\Main\Engine\Controller->run
	/home/bitrix/www/bitrix/modules/main/lib/httpapplication.php:141
#5: Bitrix\Main\HttpApplication->runController
	/home/bitrix/www/bitrix/modules/main/include/routing_index.php:135
----------
Host: crm.seller-capital.ru:443
Date: 2025-01-20 18:00:29
Module: create
Создаем карточку и реквизиты Поручителя
#0: KPLab\API\V2\Controller\Sellers->setAction
	
#1: ReflectionMethod->invokeArgs
	/home/bitrix/www/bitrix/modules/main/lib/engine/autowire/binder.php:207
#2: Bitrix\Main\Engine\AutoWire\Binder->invoke
	/home/bitrix/www/bitrix/modules/main/lib/engine/action.php:117
#3: Bitrix\Main\Engine\Action->runWithSourceParametersList
	/home/bitrix/www/bitrix/modules/main/lib/engine/controller.php:425
#4: Bitrix\Main\Engine\Controller->run
	/home/bitrix/www/bitrix/modules/main/lib/httpapplication.php:141
#5: Bitrix\Main\HttpApplication->runController
	/home/bitrix/www/bitrix/modules/main/include/routing_index.php:135
----------
Host: crm.seller-capital.ru:443
Date: 2025-01-20 18:21:05
Module: create
Создаем карточку и реквизиты Поручителя
#0: KPLab\API\V2\Controller\Sellers->setAction
	
#1: ReflectionMethod->invokeArgs
	/home/bitrix/www/bitrix/modules/main/lib/engine/autowire/binder.php:207
#2: Bitrix\Main\Engine\AutoWire\Binder->invoke
	/home/bitrix/www/bitrix/modules/main/lib/engine/action.php:117
#3: Bitrix\Main\Engine\Action->runWithSourceParametersList
	/home/bitrix/www/bitrix/modules/main/lib/engine/controller.php:425
#4: Bitrix\Main\Engine\Controller->run
	/home/bitrix/www/bitrix/modules/main/lib/httpapplication.php:141
#5: Bitrix\Main\HttpApplication->runController
	/home/bitrix/www/bitrix/modules/main/include/routing_index.php:135
----------
Host: crm.seller-capital.ru:443
Date: 2025-01-21 00:16:55
Module: create
Создаем карточку и реквизиты Поручителя
#0: KPLab\API\V2\Controller\Sellers->setAction
	
#1: ReflectionMethod->invokeArgs
	/home/bitrix/www/bitrix/modules/main/lib/engine/autowire/binder.php:207
#2: Bitrix\Main\Engine\AutoWire\Binder->invoke
	/home/bitrix/www/bitrix/modules/main/lib/engine/action.php:117
#3: Bitrix\Main\Engine\Action->runWithSourceParametersList
	/home/bitrix/www/bitrix/modules/main/lib/engine/controller.php:425
#4: Bitrix\Main\Engine\Controller->run
	/home/bitrix/www/bitrix/modules/main/lib/httpapplication.php:141
#5: Bitrix\Main\HttpApplication->runController
	/home/bitrix/www/bitrix/modules/main/include/routing_index.php:135
----------
Host: crm.seller-capital.ru:443
Date: 2025-01-22 15:34:10
Module: create
Создаем карточку и реквизиты Поручителя
#0: KPLab\API\V2\Controller\Sellers->setAction
	
#1: ReflectionMethod->invokeArgs
	/home/bitrix/www/bitrix/modules/main/lib/engine/autowire/binder.php:207
#2: Bitrix\Main\Engine\AutoWire\Binder->invoke
	/home/bitrix/www/bitrix/modules/main/lib/engine/action.php:117
#3: Bitrix\Main\Engine\Action->runWithSourceParametersList
	/home/bitrix/www/bitrix/modules/main/lib/engine/controller.php:425
#4: Bitrix\Main\Engine\Controller->run
	/home/bitrix/www/bitrix/modules/main/lib/httpapplication.php:141
#5: Bitrix\Main\HttpApplication->runController
	/home/bitrix/www/bitrix/modules/main/include/routing_index.php:135
----------
Host: crm.seller-capital.ru:443
Date: 2025-01-23 01:10:18
Module: create
Создаем карточку и реквизиты Поручителя
#0: KPLab\API\V2\Controller\Sellers->setAction
	
#1: ReflectionMethod->invokeArgs
	/home/bitrix/www/bitrix/modules/main/lib/engine/autowire/binder.php:207
#2: Bitrix\Main\Engine\AutoWire\Binder->invoke
	/home/bitrix/www/bitrix/modules/main/lib/engine/action.php:117
#3: Bitrix\Main\Engine\Action->runWithSourceParametersList
	/home/bitrix/www/bitrix/modules/main/lib/engine/controller.php:425
#4: Bitrix\Main\Engine\Controller->run
	/home/bitrix/www/bitrix/modules/main/lib/httpapplication.php:141
#5: Bitrix\Main\HttpApplication->runController
	/home/bitrix/www/bitrix/modules/main/include/routing_index.php:135
----------
Host: crm.seller-capital.ru:443
Date: 2025-01-23 09:45:08
Module: create
Создаем карточку и реквизиты Поручителя
#0: KPLab\API\V2\Controller\Sellers->setAction
	
#1: ReflectionMethod->invokeArgs
	/home/bitrix/www/bitrix/modules/main/lib/engine/autowire/binder.php:207
#2: Bitrix\Main\Engine\AutoWire\Binder->invoke
	/home/bitrix/www/bitrix/modules/main/lib/engine/action.php:117
#3: Bitrix\Main\Engine\Action->runWithSourceParametersList
	/home/bitrix/www/bitrix/modules/main/lib/engine/controller.php:425
#4: Bitrix\Main\Engine\Controller->run
	/home/bitrix/www/bitrix/modules/main/lib/httpapplication.php:141
#5: Bitrix\Main\HttpApplication->runController
	/home/bitrix/www/bitrix/modules/main/include/routing_index.php:135
----------
Host: crm.seller-capital.ru:443
Date: 2025-01-23 14:49:03
Module: create
Создаем карточку и реквизиты Поручителя
#0: KPLab\API\V2\Controller\Sellers->setAction
	
#1: ReflectionMethod->invokeArgs
	/home/bitrix/www/bitrix/modules/main/lib/engine/autowire/binder.php:207
#2: Bitrix\Main\Engine\AutoWire\Binder->invoke
	/home/bitrix/www/bitrix/modules/main/lib/engine/action.php:117
#3: Bitrix\Main\Engine\Action->runWithSourceParametersList
	/home/bitrix/www/bitrix/modules/main/lib/engine/controller.php:425
#4: Bitrix\Main\Engine\Controller->run
	/home/bitrix/www/bitrix/modules/main/lib/httpapplication.php:141
#5: Bitrix\Main\HttpApplication->runController
	/home/bitrix/www/bitrix/modules/main/include/routing_index.php:135
----------
Host: crm.seller-capital.ru:443
Date: 2025-01-23 14:51:18
Module: create
Создаем карточку и реквизиты Поручителя
#0: KPLab\API\V2\Controller\Sellers->setAction
	
#1: ReflectionMethod->invokeArgs
	/home/bitrix/www/bitrix/modules/main/lib/engine/autowire/binder.php:207
#2: Bitrix\Main\Engine\AutoWire\Binder->invoke
	/home/bitrix/www/bitrix/modules/main/lib/engine/action.php:117
#3: Bitrix\Main\Engine\Action->runWithSourceParametersList
	/home/bitrix/www/bitrix/modules/main/lib/engine/controller.php:425
#4: Bitrix\Main\Engine\Controller->run
	/home/bitrix/www/bitrix/modules/main/lib/httpapplication.php:141
#5: Bitrix\Main\HttpApplication->runController
	/home/bitrix/www/bitrix/modules/main/include/routing_index.php:135
----------
Host: crm.seller-capital.ru:443
Date: 2025-01-23 14:55:54
Module: create
Создаем карточку и реквизиты Поручителя
#0: KPLab\API\V2\Controller\Sellers->setAction
	
#1: ReflectionMethod->invokeArgs
	/home/bitrix/www/bitrix/modules/main/lib/engine/autowire/binder.php:207
#2: Bitrix\Main\Engine\AutoWire\Binder->invoke
	/home/bitrix/www/bitrix/modules/main/lib/engine/action.php:117
#3: Bitrix\Main\Engine\Action->runWithSourceParametersList
	/home/bitrix/www/bitrix/modules/main/lib/engine/controller.php:425
#4: Bitrix\Main\Engine\Controller->run
	/home/bitrix/www/bitrix/modules/main/lib/httpapplication.php:141
#5: Bitrix\Main\HttpApplication->runController
	/home/bitrix/www/bitrix/modules/main/include/routing_index.php:135
----------
Host: crm.seller-capital.ru:443
Date: 2025-01-23 15:42:11
Module: create
Создаем карточку и реквизиты Поручителя
#0: KPLab\API\V2\Controller\Sellers->setAction
	
#1: ReflectionMethod->invokeArgs
	/home/bitrix/www/bitrix/modules/main/lib/engine/autowire/binder.php:207
#2: Bitrix\Main\Engine\AutoWire\Binder->invoke
	/home/bitrix/www/bitrix/modules/main/lib/engine/action.php:117
#3: Bitrix\Main\Engine\Action->runWithSourceParametersList
	/home/bitrix/www/bitrix/modules/main/lib/engine/controller.php:425
#4: Bitrix\Main\Engine\Controller->run
	/home/bitrix/www/bitrix/modules/main/lib/httpapplication.php:141
#5: Bitrix\Main\HttpApplication->runController
	/home/bitrix/www/bitrix/modules/main/include/routing_index.php:135
----------
Host: crm.seller-capital.ru:443
Date: 2025-01-23 16:15:33
Module: create
Создаем карточку и реквизиты Поручителя
#0: KPLab\API\V2\Controller\Sellers->setAction
	
#1: ReflectionMethod->invokeArgs
	/home/bitrix/www/bitrix/modules/main/lib/engine/autowire/binder.php:207
#2: Bitrix\Main\Engine\AutoWire\Binder->invoke
	/home/bitrix/www/bitrix/modules/main/lib/engine/action.php:117
#3: Bitrix\Main\Engine\Action->runWithSourceParametersList
	/home/bitrix/www/bitrix/modules/main/lib/engine/controller.php:425
#4: Bitrix\Main\Engine\Controller->run
	/home/bitrix/www/bitrix/modules/main/lib/httpapplication.php:141
#5: Bitrix\Main\HttpApplication->runController
	/home/bitrix/www/bitrix/modules/main/include/routing_index.php:135
----------
Host: crm.seller-capital.ru:443
Date: 2025-01-23 16:33:58
Module: create
Создаем карточку и реквизиты Поручителя
#0: KPLab\API\V2\Controller\Sellers->setAction
	
#1: ReflectionMethod->invokeArgs
	/home/bitrix/www/bitrix/modules/main/lib/engine/autowire/binder.php:207
#2: Bitrix\Main\Engine\AutoWire\Binder->invoke
	/home/bitrix/www/bitrix/modules/main/lib/engine/action.php:117
#3: Bitrix\Main\Engine\Action->runWithSourceParametersList
	/home/bitrix/www/bitrix/modules/main/lib/engine/controller.php:425
#4: Bitrix\Main\Engine\Controller->run
	/home/bitrix/www/bitrix/modules/main/lib/httpapplication.php:141
#5: Bitrix\Main\HttpApplication->runController
	/home/bitrix/www/bitrix/modules/main/include/routing_index.php:135
----------
Host: crm.seller-capital.ru:443
Date: 2025-01-23 16:50:42
Module: create
Создаем карточку и реквизиты Поручителя
#0: KPLab\API\V2\Controller\Sellers->setAction
	
#1: ReflectionMethod->invokeArgs
	/home/bitrix/www/bitrix/modules/main/lib/engine/autowire/binder.php:207
#2: Bitrix\Main\Engine\AutoWire\Binder->invoke
	/home/bitrix/www/bitrix/modules/main/lib/engine/action.php:117
#3: Bitrix\Main\Engine\Action->runWithSourceParametersList
	/home/bitrix/www/bitrix/modules/main/lib/engine/controller.php:425
#4: Bitrix\Main\Engine\Controller->run
	/home/bitrix/www/bitrix/modules/main/lib/httpapplication.php:141
#5: Bitrix\Main\HttpApplication->runController
	/home/bitrix/www/bitrix/modules/main/include/routing_index.php:135
----------
Host: crm.seller-capital.ru:443
Date: 2025-01-23 17:04:24
Module: create
Создаем карточку и реквизиты Поручителя
#0: KPLab\API\V2\Controller\Sellers->setAction
	
#1: ReflectionMethod->invokeArgs
	/home/bitrix/www/bitrix/modules/main/lib/engine/autowire/binder.php:207
#2: Bitrix\Main\Engine\AutoWire\Binder->invoke
	/home/bitrix/www/bitrix/modules/main/lib/engine/action.php:117
#3: Bitrix\Main\Engine\Action->runWithSourceParametersList
	/home/bitrix/www/bitrix/modules/main/lib/engine/controller.php:425
#4: Bitrix\Main\Engine\Controller->run
	/home/bitrix/www/bitrix/modules/main/lib/httpapplication.php:141
#5: Bitrix\Main\HttpApplication->runController
	/home/bitrix/www/bitrix/modules/main/include/routing_index.php:135
----------
Host: crm.seller-capital.ru:443
Date: 2025-01-23 17:21:56
Module: create
Создаем карточку и реквизиты Поручителя
#0: KPLab\API\V2\Controller\Sellers->setAction
	
#1: ReflectionMethod->invokeArgs
	/home/bitrix/www/bitrix/modules/main/lib/engine/autowire/binder.php:207
#2: Bitrix\Main\Engine\AutoWire\Binder->invoke
	/home/bitrix/www/bitrix/modules/main/lib/engine/action.php:117
#3: Bitrix\Main\Engine\Action->runWithSourceParametersList
	/home/bitrix/www/bitrix/modules/main/lib/engine/controller.php:425
#4: Bitrix\Main\Engine\Controller->run
	/home/bitrix/www/bitrix/modules/main/lib/httpapplication.php:141
#5: Bitrix\Main\HttpApplication->runController
	/home/bitrix/www/bitrix/modules/main/include/routing_index.php:135
----------
Host: crm.seller-capital.ru:443
Date: 2025-01-23 19:19:28
Module: create
Создаем карточку и реквизиты Поручителя
#0: KPLab\API\V2\Controller\Sellers->setAction
	
#1: ReflectionMethod->invokeArgs
	/home/bitrix/www/bitrix/modules/main/lib/engine/autowire/binder.php:207
#2: Bitrix\Main\Engine\AutoWire\Binder->invoke
	/home/bitrix/www/bitrix/modules/main/lib/engine/action.php:117
#3: Bitrix\Main\Engine\Action->runWithSourceParametersList
	/home/bitrix/www/bitrix/modules/main/lib/engine/controller.php:425
#4: Bitrix\Main\Engine\Controller->run
	/home/bitrix/www/bitrix/modules/main/lib/httpapplication.php:141
#5: Bitrix\Main\HttpApplication->runController
	/home/bitrix/www/bitrix/modules/main/include/routing_index.php:135
----------
