currentValues: Array
(
    [RQ_LAST_NAME] => {{Фамилия созаемщика}}
    [RQ_FIRST_NAME] => {{Имя созаемщика}}
    [RQ_SECOND_NAME] => {{Отчество созаемщика}}
    [RQ_IDENT_DOC] => Паспорт гражданина Российской Федерации
    [RQ_IDENT_DOC_SER] => {{Серия паспорта созаемщика}}
    [RQ_IDENT_DOC_NUM] => {{Номер паспорта созаемщика}}
    [RQ_IDENT_DOC_ISSUED_BY] => {{Кем выдан паспорт созаемщика}}
    [RQ_IDENT_DOC_DATE] => {{Дата выдачи паспорта созаемщика > string}}
    [RQ_IDENT_DOC_DEP_CODE] => {{Код подразделения паспорта созаемщика}}
    [RQ_ADDR] => 
    [RQ_SIGNATURE] => 
    [RQ_STAMP] => 
    [UF_CRM_1684476607] => 
    [UF_CRM_1647929611] => {{Место рождения созаемщика}}
    [UF_CRM_1684493639] => {{Дата рождения созаемщика > string}}
    [RQ_INN] => 
    [UF_CRM_1692611956] => {{Пол созаемщика (текст)}}
    [UF_CRM_1697782220] => 
    [UF_CRM_1697782233] => 
)
currentValues: Array
(
    [RQ_LAST_NAME] => {{Фамилия заемщика}}
    [RQ_FIRST_NAME] => {{Имя заемщика}}
    [RQ_SECOND_NAME] => {{Отчество заемщика}}
    [RQ_IDENT_DOC] => Паспорт гражданина Российской Федерации
    [RQ_IDENT_DOC_SER] => {{Серия паспорта заемщика}}
    [RQ_IDENT_DOC_NUM] => {{Номер паспорта заемщика}}
    [RQ_IDENT_DOC_ISSUED_BY] => {{Кем выдан паспорт заемщика}}
    [RQ_IDENT_DOC_DATE] => {{Дата выдачи паспорта заемщика > string}}
    [RQ_IDENT_DOC_DEP_CODE] => {{Код подразделения заемщик}}
    [RQ_ADDR] => 
    [RQ_SIGNATURE] => 
    [RQ_STAMP] => 
    [UF_CRM_1684476607] => {{СНИЛС заемщика (вручную)}}
    [UF_CRM_1647929611] => {{Место рождения заемщика}}
    [UF_CRM_1684493639] => {{Дата рождения заемщика > string}}
    [RQ_INN] => {{ИНН заемщика (вручную)}}
    [UF_CRM_1692611956] => {{Пол (текст)}}
    [UF_CRM_1697782220] => 
    [UF_CRM_1697782233] => 
)
currentValues: Array
(
    [RQ_LAST_NAME] => {{Фамилия заемщика}}
    [RQ_FIRST_NAME] => {{Имя заемщика}}
    [RQ_SECOND_NAME] => {{Отчество заемщика}}
    [RQ_IDENT_DOC] => Паспорт гражданина Российской Федерации
    [RQ_IDENT_DOC_SER] => {{Серия паспорта заемщика}}
    [RQ_IDENT_DOC_NUM] => {{Номер паспорта заемщика}}
    [RQ_IDENT_DOC_ISSUED_BY] => {{Кем выдан паспорт заемщика}}
    [RQ_IDENT_DOC_DATE] => {{Дата выдачи паспорта заемщика > string}}
    [RQ_IDENT_DOC_DEP_CODE] => {{Код подразделения заемщик}}
    [RQ_ADDR] => 
    [RQ_SIGNATURE] => 
    [RQ_STAMP] => 
    [UF_CRM_1684476607] => {{СНИЛС заемщика (вручную)}}
    [UF_CRM_1647929611] => {{Место рождения заемщика}}
    [UF_CRM_1684493639] => {{Дата рождения заемщика > string}}
    [RQ_INN] => {{ИНН заемщика (вручную)}}
    [UF_CRM_1692611956] => {{Пол (текст)}}
    [UF_CRM_1697782220] => 
    [UF_CRM_1697782233] => 
)
currentValues: Array
(
    [RQ_LAST_NAME] => {{Фамилия созаемщика}}
    [RQ_FIRST_NAME] => {{Имя созаемщика}}
    [RQ_SECOND_NAME] => {{Отчество созаемщика}}
    [RQ_IDENT_DOC] => Паспорт гражданина Российской Федерации
    [RQ_IDENT_DOC_SER] => {{Серия паспорта созаемщика}}
    [RQ_IDENT_DOC_NUM] => {{Номер паспорта созаемщика}}
    [RQ_IDENT_DOC_ISSUED_BY] => {{Кем выдан паспорт созаемщика}}
    [RQ_IDENT_DOC_DATE] => {{Дата выдачи паспорта созаемщика > string}}
    [RQ_IDENT_DOC_DEP_CODE] => {{Код подразделения паспорта созаемщика}}
    [RQ_ADDR] => 
    [RQ_SIGNATURE] => 
    [RQ_STAMP] => 
    [UF_CRM_1684476607] => 
    [UF_CRM_1647929611] => {{Место рождения созаемщика}}
    [UF_CRM_1684493639] => {{Дата рождения созаемщика > string}}
    [RQ_INN] => 
    [UF_CRM_1692611956] => {{Пол созаемщика (текст)}}
    [UF_CRM_1697782220] => 
    [UF_CRM_1697782233] => 
)
currentValues: Array
(
    [RQ_LAST_NAME] => {{Фамилия поручителя 1}}
    [RQ_FIRST_NAME] => {{Имя поручителя 1}}
    [RQ_SECOND_NAME] => {{Отчество поручителя 1}}
    [RQ_IDENT_DOC] => Паспорт гражданина Российской Федерации
    [RQ_IDENT_DOC_SER] => {{Серия паспорта поручителя 1}}
    [RQ_IDENT_DOC_NUM] => {{Номер паспорта поручителя 1}}
    [RQ_IDENT_DOC_ISSUED_BY] => {{Кем выдан паспорт поручителя 1}}
    [RQ_IDENT_DOC_DATE] => {{Дата выдачи паспорта поручителя 1 > string}}
    [RQ_IDENT_DOC_DEP_CODE] => {{Код подразделения поручителя}}
    [RQ_ADDR] => 
    [RQ_SIGNATURE] => 
    [RQ_STAMP] => 
    [UF_CRM_1684476607] => 
    [UF_CRM_1647929611] => {{Место рождения поручителя 1}}
    [UF_CRM_1684493639] => {{Дата рождения поручителя 1 > string}}
    [RQ_INN] => 
    [UF_CRM_1692611956] => {{Пол поручителя 1 (текст)}}
    [UF_CRM_1697782220] => 
    [UF_CRM_1697782233] => 
)
currentValues: Array
(
    [RQ_LAST_NAME] => {{Фамилия поручителя 2}}
    [RQ_FIRST_NAME] => {{Имя поручителя 2}}
    [RQ_SECOND_NAME] => {{Отчество поручителя 2}}
    [RQ_IDENT_DOC] => Паспорт гражданина Российской Федерации
    [RQ_IDENT_DOC_SER] => {{Серия паспорта поручителя 2}}
    [RQ_IDENT_DOC_NUM] => {{Номер паспорта поручителя 2}}
    [RQ_IDENT_DOC_ISSUED_BY] => {{Кем выдан паспорт поручителя 2}}
    [RQ_IDENT_DOC_DATE] => {{Дата выдачи паспорта поручителя 2 > string}}
    [RQ_IDENT_DOC_DEP_CODE] => {{Код подразделения паспорта поручителя 2}}
    [RQ_ADDR] => 
    [RQ_SIGNATURE] => 
    [RQ_STAMP] => 
    [UF_CRM_1684476607] => 
    [UF_CRM_1647929611] => {{Место рождения поручителя 2}}
    [UF_CRM_1684493639] => {{Дата рождения поручителя 2 > string}}
    [RQ_INN] => 
    [UF_CRM_1692611956] => {{Пол поручителя 2 (текст)}}
    [UF_CRM_1697782220] => 
    [UF_CRM_1697782233] => 
)
currentValues: Array
(
    [RQ_LAST_NAME] => {{Фамилия поручителя 3}}
    [RQ_FIRST_NAME] => {{Имя поручителя 3}}
    [RQ_SECOND_NAME] => {{Отчество поручителя 3}}
    [RQ_IDENT_DOC] => Паспорт гражданина Российской Федерации
    [RQ_IDENT_DOC_SER] => {{Серия паспорта поручителя 3}}
    [RQ_IDENT_DOC_NUM] => {{Номер паспорта поручителя 3}}
    [RQ_IDENT_DOC_ISSUED_BY] => {{Кем выдан паспорт поручителя 3}}
    [RQ_IDENT_DOC_DATE] => {{Дата выдачи паспорта поручителя 3 > string}}
    [RQ_IDENT_DOC_DEP_CODE] => {{Код подразделения поручителя 3}}
    [RQ_ADDR] => 
    [RQ_SIGNATURE] => 
    [RQ_STAMP] => 
    [UF_CRM_1684476607] => 
    [UF_CRM_1647929611] => {{Место рождения поручителя 3}}
    [UF_CRM_1684493639] => {{Дата рождения поручителя 3 > string}}
    [RQ_INN] => 
    [UF_CRM_1692611956] => {{Пол поручителя 3 (текст)}}
    [UF_CRM_1697782220] => 
    [UF_CRM_1697782233] => 
)
currentValues: Array
(
    [RQ_LAST_NAME] => {{Фамилия продавца 1}}
    [RQ_FIRST_NAME] => {{Имя продавца}}
    [RQ_SECOND_NAME] => {{Отчество продавца}}
    [RQ_IDENT_DOC] => Паспорт гражданина Российской Федерации
    [RQ_IDENT_DOC_SER] => {{Серия паспорта продавца}}
    [RQ_IDENT_DOC_NUM] => {{Номер паспорта продавца}}
    [RQ_IDENT_DOC_ISSUED_BY] => {{Кем выдан паспорт продавца}}
    [RQ_IDENT_DOC_DATE] => {{Дата выдачи паспорта продавца > string}}
    [RQ_IDENT_DOC_DEP_CODE] => {{Код подразделения паспорта продавца}}
    [RQ_ADDR] => 
    [RQ_SIGNATURE] => 
    [RQ_STAMP] => 
    [UF_CRM_1684476607] => 
    [UF_CRM_1647929611] => {{Место рождения продавца}}
    [UF_CRM_1684493639] => {{Дата рождения продавца > string}}
    [RQ_INN] => 
    [UF_CRM_1692611956] => {{Пол продавца (текст)}}
    [UF_CRM_1697782220] => 
    [UF_CRM_1697782233] => 
)
currentValues: Array
(
    [RQ_LAST_NAME] => {{Фамилия продавца 2}}
    [RQ_FIRST_NAME] => {{Имя продавца 2}}
    [RQ_SECOND_NAME] => {{Отчество продавца 2}}
    [RQ_IDENT_DOC] => Паспорт гражданина Российской Федерации
    [RQ_IDENT_DOC_SER] => {{Серия паспорта продавца 2}}
    [RQ_IDENT_DOC_NUM] => {{Номер паспорта продавца 2}}
    [RQ_IDENT_DOC_ISSUED_BY] => {{Кем выдан паспорт продавца 2}}
    [RQ_IDENT_DOC_DATE] => {{Дата выдачи паспорта продавца 2 > string}}
    [RQ_IDENT_DOC_DEP_CODE] => {{Код подразделения паспорта продавца 2}}
    [RQ_ADDR] => 
    [RQ_SIGNATURE] => 
    [RQ_STAMP] => 
    [UF_CRM_1684476607] => 
    [UF_CRM_1647929611] => {{Место рождения продавца 2}}
    [UF_CRM_1684493639] => {{Дата рождения продавца 2 > string}}
    [RQ_INN] => 
    [UF_CRM_1692611956] => {{Пол продавца 2 (текст)}}
    [UF_CRM_1697782220] => 
    [UF_CRM_1697782233] => 
)
currentValues: Array
(
    [RQ_LAST_NAME] => {{Фамилия продавца 3}}
    [RQ_FIRST_NAME] => {{Имя продавца 3}}
    [RQ_SECOND_NAME] => {{Отчество продавца 3}}
    [RQ_IDENT_DOC] => Паспорт гражданина Российской Федерации
    [RQ_IDENT_DOC_SER] => {{Серия паспорта продавца 3}}
    [RQ_IDENT_DOC_NUM] => {{Номер паспорта продавца 3}}
    [RQ_IDENT_DOC_ISSUED_BY] => {{Кем выдан паспорт продавца 3}}
    [RQ_IDENT_DOC_DATE] => {{Дата выдачи паспорта продавца 3 > string}}
    [RQ_IDENT_DOC_DEP_CODE] => {{Код подразделения паспорта продавца 3}}
    [RQ_ADDR] => 
    [RQ_SIGNATURE] => 
    [RQ_STAMP] => 
    [UF_CRM_1684476607] => 
    [UF_CRM_1647929611] => {{Место рождения продавца 3}}
    [UF_CRM_1684493639] => {{Дата рождения продавца 3 > string}}
    [RQ_INN] => 
    [UF_CRM_1692611956] => {{Пол продавца 3 (текст)}}
    [UF_CRM_1697782220] => 
    [UF_CRM_1697782233] => 
)
currentValues: Array
(
    [RQ_LAST_NAME] => {{Фамилия заемщика}}
    [RQ_FIRST_NAME] => {{Имя заемщика}}
    [RQ_SECOND_NAME] => {{Отчество заемщика}}
    [RQ_IDENT_DOC] => Паспорт гражданина Российской Федерации
    [RQ_IDENT_DOC_SER] => {{Серия паспорта заемщика}}
    [RQ_IDENT_DOC_NUM] => {{Номер паспорта заемщика}}
    [RQ_IDENT_DOC_ISSUED_BY] => {{Кем выдан паспорт заемщика}}
    [RQ_IDENT_DOC_DATE] => {{Дата выдачи паспорта заемщика > string}}
    [RQ_IDENT_DOC_DEP_CODE] => {{Код подразделения заемщик}}
    [RQ_ADDR] => 
    [RQ_SIGNATURE] => 
    [RQ_STAMP] => 
    [UF_CRM_1684476607] => {{СНИЛС заемщика (вручную)}}
    [UF_CRM_1647929611] => {{Место рождения заемщика}}
    [UF_CRM_1684493639] => {{Дата рождения заемщика > string}}
    [RQ_INN] => {{ИНН заемщика (вручную)}}
    [UF_CRM_1692611956] => {{Пол (текст)}}
    [UF_CRM_1697782220] => 
    [UF_CRM_1697782233] => 
    [UF_CRM_1692611897] => {{Пол (текст)}}
)
currentValues: Array
(
)
currentValues: Array
(
)
currentValues: Array
(
    [RQ_LAST_NAME] => {{Фамилия заемщика}}
    [RQ_FIRST_NAME] => {{Имя заемщика}}
    [RQ_SECOND_NAME] => {{Отчество заемщика}}
    [RQ_IDENT_DOC] => Паспорт гражданина Российской Федерации
    [RQ_IDENT_DOC_SER] => {{Серия паспорта заемщика}}
    [RQ_IDENT_DOC_NUM] => {{Номер паспорта заемщика}}
    [RQ_IDENT_DOC_ISSUED_BY] => {{Кем выдан паспорт заемщика}}
    [RQ_IDENT_DOC_DATE] => {{Дата выдачи паспорта заемщика > string}}
    [RQ_IDENT_DOC_DEP_CODE] => {{Код подразделения заемщик}}
    [RQ_ADDR] => 
    [RQ_SIGNATURE] => 
    [RQ_STAMP] => 
    [UF_CRM_1684476607] => {{СНИЛС заемщика (вручную)}}
    [UF_CRM_1647929611] => {{Место рождения заемщика}}
    [UF_CRM_1684493639] => {{Дата рождения заемщика > string}}
    [RQ_INN] => {{ИНН заемщика (вручную)}}
    [UF_CRM_1692611956] => {{Пол (текст)}}
    [UF_CRM_1697782220] => 
    [UF_CRM_1697782233] => 
    [UF_CRM_1692611897] => {{Пол (текст)}}
)
currentValues: Array
(
    [RQ_LAST_NAME] => {{Фамилия заемщика}}
    [RQ_FIRST_NAME] => {{Имя заемщика}}
    [RQ_SECOND_NAME] => {{Отчество заемщика}}
    [RQ_IDENT_DOC] => Паспорт гражданина Российской Федерации
    [RQ_IDENT_DOC_SER] => {{Серия паспорта заемщика}}
    [RQ_IDENT_DOC_NUM] => {{Номер паспорта заемщика}}
    [RQ_IDENT_DOC_ISSUED_BY] => {{Кем выдан паспорт заемщика}}
    [RQ_IDENT_DOC_DATE] => {{Дата выдачи паспорта заемщика > string}}
    [RQ_IDENT_DOC_DEP_CODE] => {{Код подразделения заемщик}}
    [RQ_ADDR] => 
    [RQ_SIGNATURE] => 
    [RQ_STAMP] => 
    [UF_CRM_1684476607] => {{СНИЛС заемщика (вручную)}}
    [UF_CRM_1647929611] => {{Место рождения заемщика}}
    [UF_CRM_1684493639] => {{Дата рождения заемщика > string}}
    [RQ_INN] => {{ИНН заемщика (вручную)}}
    [UF_CRM_1692611956] => {{Пол (текст)}}
    [UF_CRM_1697782220] => 
    [UF_CRM_1697782233] => 
    [UF_CRM_1692611897] => {{Пол (текст)}}
)
currentValues: Array
(
    [RQ_LAST_NAME] => {{Фамилия заемщика}}
    [RQ_FIRST_NAME] => {{Имя заемщика}}
    [RQ_SECOND_NAME] => {{Отчество заемщика}}
    [RQ_IDENT_DOC] => Паспорт гражданина Российской Федерации
    [RQ_IDENT_DOC_SER] => {{Серия паспорта заемщика}}
    [RQ_IDENT_DOC_NUM] => {{Номер паспорта заемщика}}
    [RQ_IDENT_DOC_ISSUED_BY] => {{Кем выдан паспорт заемщика}}
    [RQ_IDENT_DOC_DATE] => {{Дата выдачи паспорта заемщика > string}}
    [RQ_IDENT_DOC_DEP_CODE] => {{Код подразделения заемщик}}
    [RQ_ADDR] => 
    [RQ_SIGNATURE] => 
    [RQ_STAMP] => 
    [UF_CRM_1684476607] => {{СНИЛС заемщика (вручную)}}
    [UF_CRM_1647929611] => {{Место рождения заемщика}}
    [UF_CRM_1684493639] => {{Дата рождения заемщика > string}}
    [RQ_INN] => {{ИНН заемщика (вручную)}}
    [UF_CRM_1692611956] => {{Пол (текст)}}
    [UF_CRM_1697782220] => 
    [UF_CRM_1697782233] => 
    [UF_CRM_1692611897] => {{Пол (текст)}}
)
currentValues: Array
(
    [RQ_LAST_NAME] => {{Фамилия заемщика}}
    [RQ_FIRST_NAME] => {{Имя заемщика}}
    [RQ_SECOND_NAME] => {{Отчество заемщика}}
    [RQ_IDENT_DOC] => Паспорт гражданина Российской Федерации
    [RQ_IDENT_DOC_SER] => {{Серия паспорта заемщика}}
    [RQ_IDENT_DOC_NUM] => {{Номер паспорта заемщика}}
    [RQ_IDENT_DOC_ISSUED_BY] => {{Кем выдан паспорт заемщика}}
    [RQ_IDENT_DOC_DATE] => {{Дата выдачи паспорта заемщика > string}}
    [RQ_IDENT_DOC_DEP_CODE] => {{Код подразделения заемщик}}
    [RQ_ADDR] => 
    [RQ_SIGNATURE] => 
    [RQ_STAMP] => 
    [UF_CRM_1684476607] => {{СНИЛС заемщика (вручную)}}
    [UF_CRM_1647929611] => {{Место рождения заемщика}}
    [UF_CRM_1684493639] => {{Дата рождения заемщика > string}}
    [RQ_INN] => {{ИНН заемщика (вручную)}}
    [UF_CRM_1692611956] => {{Пол (текст)}}
    [UF_CRM_1697782220] => 
    [UF_CRM_1697782233] => 
    [UF_CRM_1692611897] => {{Пол (текст)}}
)
currentValues: Array
(
)
currentValues: Array
(
    [RQ_INN] => 
    [RQ_COMPANY_NAME] => 
    [RQ_COMPANY_FULL_NAME] => 
    [RQ_OGRN] => 
    [RQ_KPP] => 
    [RQ_COMPANY_REG_DATE] => 
    [RQ_OKPO] => 
    [RQ_OKTMO] => 
    [RQ_DIRECTOR] => 
    [RQ_ACCOUNTANT] => 
    [RQ_ADDR] => 
    [RQ_SIGNATURE] => 
    [RQ_STAMP] => 
    [UF_CRM_1688964741] => 
    [UF_CRM_1697782220] => 
    [UF_CRM_1697782233] => 
)
currentValues: Array
(
    [RQ_INN] => 
    [RQ_COMPANY_NAME] => 
    [RQ_COMPANY_FULL_NAME] => 
    [RQ_OGRN] => 
    [RQ_KPP] => 
    [RQ_COMPANY_REG_DATE] => 
    [RQ_OKPO] => 
    [RQ_OKTMO] => 
    [RQ_DIRECTOR] => 
    [RQ_ACCOUNTANT] => 
    [RQ_ADDR] => 
    [RQ_SIGNATURE] => 
    [RQ_STAMP] => 
    [UF_CRM_1688964741] => 
    [UF_CRM_1697782220] => 
    [UF_CRM_1697782233] => 
)
currentValues: Array
(
    [RQ_INN] => 
    [RQ_COMPANY_NAME] => 
    [RQ_COMPANY_FULL_NAME] => 
    [RQ_OGRN] => 
    [RQ_KPP] => 
    [RQ_COMPANY_REG_DATE] => 
    [RQ_OKPO] => 
    [RQ_OKTMO] => 
    [RQ_DIRECTOR] => 
    [RQ_ACCOUNTANT] => 
    [RQ_ADDR] => 
    [RQ_SIGNATURE] => 
    [RQ_STAMP] => 
    [UF_CRM_1688964741] => 
    [UF_CRM_1697782220] => 
    [UF_CRM_1697782233] => 
)
currentValues: Array
(
)
currentValues: Array
(
    [RQ_LAST_NAME] => {{Фамилия продавца 1}}
    [RQ_FIRST_NAME] => {{Имя продавца}}
    [RQ_SECOND_NAME] => {{Отчество продавца}}
    [RQ_IDENT_DOC] => Паспорт гражданина Российской Федерации
    [RQ_IDENT_DOC_SER] => {{Серия паспорта продавца}}
    [RQ_IDENT_DOC_NUM] => {{Номер паспорта продавца}}
    [RQ_IDENT_DOC_ISSUED_BY] => {{Кем выдан паспорт продавца}}
    [RQ_IDENT_DOC_DATE] => {{Дата выдачи паспорта продавца > string}}
    [RQ_IDENT_DOC_DEP_CODE] => {{Код подразделения паспорта продавца}}
    [RQ_ADDR] => 
    [RQ_SIGNATURE] => 
    [RQ_STAMP] => 
    [UF_CRM_1684476607] => 
    [UF_CRM_1647929611] => {{Место рождения продавца}}
    [UF_CRM_1684493639] => {{Дата рождения продавца > string}}
    [RQ_INN] => 
    [UF_CRM_1692611956] => {{Пол продавца (текст)}}
    [UF_CRM_1697782220] => 
    [UF_CRM_1697782233] => 
    [UF_CRM_1692611897] => {{Пол продавца (текст)}}
)
currentValues: Array
(
    [RQ_LAST_NAME] => {{Фамилия продавца 1}}
    [RQ_FIRST_NAME] => {{Имя продавца}}
    [RQ_SECOND_NAME] => {{Отчество продавца}}
    [RQ_IDENT_DOC] => Паспорт гражданина Российской Федерации
    [RQ_IDENT_DOC_SER] => {{Серия паспорта продавца}}
    [RQ_IDENT_DOC_NUM] => {{Номер паспорта продавца}}
    [RQ_IDENT_DOC_ISSUED_BY] => {{Кем выдан паспорт продавца}}
    [RQ_IDENT_DOC_DATE] => {{Дата выдачи паспорта продавца > string}}
    [RQ_IDENT_DOC_DEP_CODE] => {{Код подразделения паспорта продавца}}
    [RQ_ADDR] => 
    [RQ_SIGNATURE] => 
    [RQ_STAMP] => 
    [UF_CRM_1684476607] => 
    [UF_CRM_1647929611] => {{Место рождения продавца}}
    [UF_CRM_1684493639] => {{Дата рождения продавца > string}}
    [RQ_INN] => 
    [UF_CRM_1692611956] => {{Пол продавца (текст)}}
    [UF_CRM_1697782220] => 
    [UF_CRM_1697782233] => 
    [UF_CRM_1692611897] => {{Пол продавца (текст)}}
)
currentValues: Array
(
    [RQ_LAST_NAME] => {{Фамилия заемщика}}
    [RQ_FIRST_NAME] => {{Имя заемщика}}
    [RQ_SECOND_NAME] => {{Отчество заемщика}}
    [RQ_IDENT_DOC] => Паспорт Гражданина Российской Федерации
    [RQ_IDENT_DOC_SER] => {{Серия паспорта продавца}}
    [RQ_IDENT_DOC_NUM] => {{Номер паспорта продавца}}
    [RQ_IDENT_DOC_ISSUED_BY] => {{Кем выдан паспорт продавца}}
    [RQ_IDENT_DOC_DATE] => {{Дата выдачи паспорта продавца}}
    [RQ_IDENT_DOC_DEP_CODE] => {{Код подразделения паспорта продавца}}
    [RQ_ADDR] => 
    [RQ_SIGNATURE] => 
    [RQ_STAMP] => 
    [UF_CRM_1684476607] => 
    [UF_CRM_1647929611] => {{Место рождения продавца}}
    [UF_CRM_1684493639] => {{Дата рождения продавца}}
    [RQ_INN] => 
    [UF_CRM_1692611956] => {{Пол продавца}}
    [UF_CRM_1697782220] => 
    [UF_CRM_1697782233] => 
    [UF_CRM_1692611897] => {{Пол продавца}}
    [UF_CRM_DIRECT_CHECKOUT] => 
)
currentValues: Array
(
)
currentValues: Array
(
)
currentValues: Array
(
)
currentValues: Array
(
    [RQ_INN] => 
    [RQ_COMPANY_NAME] => 
    [RQ_COMPANY_FULL_NAME] => 
    [RQ_OGRN] => 
    [RQ_KPP] => 
    [RQ_COMPANY_REG_DATE] => 
    [RQ_OKPO] => 
    [RQ_OKTMO] => 
    [RQ_DIRECTOR] => 
    [RQ_ACCOUNTANT] => 
    [RQ_ADDR] => {{Адрес офиса}}
    [RQ_SIGNATURE] => 
    [RQ_STAMP] => 
    [UF_CRM_1688964741] => 
    [UF_CRM_1697782220] => 
    [UF_CRM_1697782233] => 
    [UF_CRM_DIRECT_CHECKOUT] => 
)
currentValues: Array
(
)
currentValues: Array
(
    [RQ_INN] => 
    [RQ_COMPANY_NAME] => 
    [RQ_COMPANY_FULL_NAME] => 
    [RQ_OGRN] => 
    [RQ_KPP] => 
    [RQ_COMPANY_REG_DATE] => 
    [RQ_OKPO] => 
    [RQ_OKTMO] => 
    [RQ_DIRECTOR] => 
    [RQ_ACCOUNTANT] => 
    [RQ_ADDR] => 
    [RQ_SIGNATURE] => 
    [RQ_STAMP] => 
    [UF_CRM_1688964741] => 
    [UF_CRM_1697782220] => 
    [UF_CRM_1697782233] => 
    [UF_CRM_DIRECT_CHECKOUT] => 
)
currentValues: Array
(
    [RQ_INN] => 
    [RQ_COMPANY_NAME] => 
    [RQ_COMPANY_FULL_NAME] => 
    [RQ_OGRN] => 
    [RQ_KPP] => 
    [RQ_COMPANY_REG_DATE] => 
    [RQ_OKPO] => 
    [RQ_OKTMO] => 
    [RQ_DIRECTOR] => 
    [RQ_ACCOUNTANT] => 
    [RQ_ADDR] => 
    [RQ_SIGNATURE] => 
    [RQ_STAMP] => 
    [UF_CRM_1688964741] => 
    [UF_CRM_1697782220] => 
    [UF_CRM_1697782233] => 
    [UF_CRM_DIRECT_CHECKOUT] => 
)
currentValues: Array
(
    [RQ_INN] => 
    [RQ_COMPANY_NAME] => 
    [RQ_COMPANY_FULL_NAME] => 
    [RQ_OGRN] => 
    [RQ_KPP] => 
    [RQ_COMPANY_REG_DATE] => 
    [RQ_OKPO] => 
    [RQ_OKTMO] => 
    [RQ_DIRECTOR] => 
    [RQ_ACCOUNTANT] => 
    [RQ_ADDR] => 
    [RQ_SIGNATURE] => 
    [RQ_STAMP] => 
    [UF_CRM_1688964741] => 
    [UF_CRM_1697782220] => 
    [UF_CRM_1697782233] => 
    [UF_CRM_DIRECT_CHECKOUT] => 
)
currentValues: Array
(
    [RQ_INN] => 
    [RQ_COMPANY_NAME] => 
    [RQ_COMPANY_FULL_NAME] => 
    [RQ_OGRN] => 
    [RQ_KPP] => 
    [RQ_COMPANY_REG_DATE] => 
    [RQ_OKPO] => 
    [RQ_OKTMO] => 
    [RQ_DIRECTOR] => 
    [RQ_ACCOUNTANT] => 
    [RQ_ADDR] => 
    [RQ_SIGNATURE] => 
    [RQ_STAMP] => 
    [UF_CRM_1688964741] => 
    [UF_CRM_1697782220] => 
    [UF_CRM_1697782233] => 
    [UF_CRM_DIRECT_CHECKOUT] => 
)
currentValues: Array
(
    [RQ_INN] => 
    [RQ_COMPANY_NAME] => 
    [RQ_COMPANY_FULL_NAME] => 
    [RQ_OGRN] => 
    [RQ_KPP] => 
    [RQ_COMPANY_REG_DATE] => 
    [RQ_OKPO] => 
    [RQ_OKTMO] => 
    [RQ_DIRECTOR] => 
    [RQ_ACCOUNTANT] => 
    [RQ_ADDR] => 
    [RQ_SIGNATURE] => 
    [RQ_STAMP] => 
    [UF_CRM_1688964741] => 
    [UF_CRM_1697782220] => 
    [UF_CRM_1697782233] => 
    [UF_CRM_DIRECT_CHECKOUT] => 
)
currentValues: Array
(
    [RQ_LAST_NAME] => 
    [RQ_FIRST_NAME] => 
    [RQ_SECOND_NAME] => 
    [RQ_INN] => {{ИНН ▲}}
    [RQ_OGRNIP] => 
    [RQ_OKPO] => 
    [RQ_OKVED] => 
    [RQ_ADDR] => 
    [RQ_SIGNATURE] => 
    [RQ_STAMP] => 
    [UF_CRM_1684476607] => 
    [UF_CRM_1647929611] => 
    [RQ_IDENT_DOC] => 
    [RQ_COMPANY_REG_DATE] => 
    [RQ_IDENT_DOC_SER] => 
    [RQ_IDENT_DOC_NUM] => 
    [RQ_IDENT_DOC_ISSUED_BY] => 
    [RQ_IDENT_DOC_DATE] => 
    [RQ_IDENT_DOC_DEP_CODE] => 
    [UF_CRM_1684493639] => 
    [UF_CRM_1688964741] => 
    [UF_CRM_1692611897] => 
    [UF_CRM_1697782220] => 
    [UF_CRM_1697782233] => 
)
currentValues: Array
(
    [RQ_LAST_NAME] => 
    [RQ_FIRST_NAME] => 
    [RQ_SECOND_NAME] => 
    [RQ_INN] => {{ИНН ▲}}
    [RQ_OGRNIP] => 
    [RQ_OKPO] => 
    [RQ_OKVED] => 
    [RQ_ADDR] => 
    [RQ_SIGNATURE] => 
    [RQ_STAMP] => 
    [UF_CRM_1684476607] => 
    [UF_CRM_1647929611] => 
    [RQ_IDENT_DOC] => 
    [RQ_COMPANY_REG_DATE] => 
    [RQ_IDENT_DOC_SER] => 
    [RQ_IDENT_DOC_NUM] => 
    [RQ_IDENT_DOC_ISSUED_BY] => 
    [RQ_IDENT_DOC_DATE] => 
    [RQ_IDENT_DOC_DEP_CODE] => 
    [UF_CRM_1684493639] => 
    [UF_CRM_1688964741] => 
    [UF_CRM_1692611897] => 
    [UF_CRM_1697782220] => 
    [UF_CRM_1697782233] => 
)
currentValues: Array
(
)
currentValues: Array
(
)
currentValues: Array
(
    [RQ_LAST_NAME] => {=A28106_72292_40597_46961:RQ_LAST_NAME}
    [RQ_FIRST_NAME] => 
    [RQ_SECOND_NAME] => 
    [RQ_IDENT_DOC] => 
    [RQ_IDENT_DOC_SER] => 
    [RQ_IDENT_DOC_NUM] => 
    [RQ_IDENT_DOC_ISSUED_BY] => 
    [RQ_IDENT_DOC_DATE] => 
    [RQ_IDENT_DOC_DEP_CODE] => 
    [RQ_ADDR] => 
    [RQ_SIGNATURE] => 
    [RQ_STAMP] => 
    [UF_CRM_1684476607] => 
    [UF_CRM_1647929611] => 
    [UF_CRM_1684493639] => 
    [RQ_INN] => 
    [UF_CRM_1692611956] => 
    [UF_CRM_1697782220] => 
    [UF_CRM_1697782233] => 
    [UF_CRM_1692611897] => 
    [UF_CRM_DIRECT_CHECKOUT] => 
)
currentValues: Array
(
    [RQ_LAST_NAME] => {=A28106_72292_40597_46961:RQ_FIRST_NAME}{=A28106_72292_40597_46961:RQ_LAST_NAME}
    [RQ_FIRST_NAME] => 
    [RQ_SECOND_NAME] => 
    [RQ_IDENT_DOC] => 
    [RQ_IDENT_DOC_SER] => 
    [RQ_IDENT_DOC_NUM] => 
    [RQ_IDENT_DOC_ISSUED_BY] => 
    [RQ_IDENT_DOC_DATE] => 
    [RQ_IDENT_DOC_DEP_CODE] => 
    [RQ_ADDR] => 
    [RQ_SIGNATURE] => 
    [RQ_STAMP] => 
    [UF_CRM_1684476607] => 
    [UF_CRM_1647929611] => 
    [UF_CRM_1684493639] => 
    [RQ_INN] => 
    [UF_CRM_1692611956] => 
    [UF_CRM_1697782220] => 
    [UF_CRM_1697782233] => 
    [UF_CRM_1692611897] => 
    [UF_CRM_DIRECT_CHECKOUT] => 
)
currentValues: Array
(
)
currentValues: Array
(
    [RQ_LAST_NAME] => {=A28106_72292_40597_46961:RQ_FIRST_NAME}{=A28106_72292_40597_46961:RQ_LAST_NAME}
    [RQ_FIRST_NAME] => 
    [RQ_SECOND_NAME] => 
    [RQ_IDENT_DOC] => 
    [RQ_IDENT_DOC_SER] => 
    [RQ_IDENT_DOC_NUM] => 
    [RQ_IDENT_DOC_ISSUED_BY] => 
    [RQ_IDENT_DOC_DATE] => 
    [RQ_IDENT_DOC_DEP_CODE] => 
    [RQ_ADDR] => 
    [RQ_SIGNATURE] => 
    [RQ_STAMP] => 
    [UF_CRM_1684476607] => 
    [UF_CRM_1647929611] => 
    [UF_CRM_1684493639] => 
    [RQ_INN] => 
    [UF_CRM_1692611956] => 
    [UF_CRM_1697782220] => 
    [UF_CRM_1697782233] => 
    [UF_CRM_1692611897] => 
    [UF_CRM_DIRECT_CHECKOUT] => 
)
currentValues: Array
(
    [RQ_LAST_NAME] => {=A28106_72292_40597_46961:RQ_FIRST_NAME}{=A28106_72292_40597_46961:RQ_LAST_NAME}
    [RQ_FIRST_NAME] => 
    [RQ_SECOND_NAME] => 
    [RQ_IDENT_DOC] => 
    [RQ_IDENT_DOC_SER] => 
    [RQ_IDENT_DOC_NUM] => 
    [RQ_IDENT_DOC_ISSUED_BY] => 
    [RQ_IDENT_DOC_DATE] => 
    [RQ_IDENT_DOC_DEP_CODE] => 
    [RQ_ADDR] => 
    [RQ_SIGNATURE] => 
    [RQ_STAMP] => 
    [UF_CRM_1684476607] => 
    [UF_CRM_1647929611] => 
    [UF_CRM_1684493639] => 
    [RQ_INN] => 
    [UF_CRM_1692611956] => 
    [UF_CRM_1697782220] => 
    [UF_CRM_1697782233] => 
    [UF_CRM_1692611897] => 
    [UF_CRM_DIRECT_CHECKOUT] => 
)
currentValues: Array
(
)
currentValues: Array
(
    [RQ_LAST_NAME] => 
    [RQ_FIRST_NAME] => 
    [RQ_SECOND_NAME] => 
    [RQ_INN] => {{ИНН ▲}}
    [RQ_OGRNIP] => 
    [RQ_OKPO] => 
    [RQ_OKVED] => 
    [RQ_ADDR] => 
    [RQ_SIGNATURE] => 
    [RQ_STAMP] => 
    [UF_CRM_1684476607] => 
    [UF_CRM_1647929611] => 
    [RQ_IDENT_DOC] => 
    [RQ_COMPANY_REG_DATE] => 
    [RQ_IDENT_DOC_SER] => 
    [RQ_IDENT_DOC_NUM] => 
    [RQ_IDENT_DOC_ISSUED_BY] => 
    [RQ_IDENT_DOC_DATE] => 
    [RQ_IDENT_DOC_DEP_CODE] => 
    [UF_CRM_1684493639] => 
    [UF_CRM_1688964741] => 
    [UF_CRM_1692611897] => 
    [UF_CRM_1697782220] => 
    [UF_CRM_1697782233] => 
)
currentValues: Array
(
    [RQ_LAST_NAME] => {=A28106_72292_40597_46961:RQ_LAST_NAME}
    [RQ_FIRST_NAME] => 
    [RQ_SECOND_NAME] => 
    [RQ_IDENT_DOC] => 
    [RQ_IDENT_DOC_SER] => 
    [RQ_IDENT_DOC_NUM] => 
    [RQ_IDENT_DOC_ISSUED_BY] => 
    [RQ_IDENT_DOC_DATE] => 
    [RQ_IDENT_DOC_DEP_CODE] => 
    [RQ_ADDR] => 
    [RQ_SIGNATURE] => 
    [RQ_STAMP] => 
    [UF_CRM_1684476607] => 
    [UF_CRM_1647929611] => 
    [UF_CRM_1684493639] => 
    [RQ_INN] => 
    [UF_CRM_1692611956] => 
    [UF_CRM_1697782220] => 
    [UF_CRM_1697782233] => 
    [UF_CRM_1692611897] => 
    [UF_CRM_DIRECT_CHECKOUT] => 
)
currentValues: Array
(
    [RQ_LAST_NAME] => {=A28106_72292_40597_46961:RQ_LAST_NAME}
    [RQ_FIRST_NAME] => {=A28106_72292_40597_46961:RQ_FIRST_NAME}
    [RQ_SECOND_NAME] => 
    [RQ_IDENT_DOC] => 
    [RQ_IDENT_DOC_SER] => 
    [RQ_IDENT_DOC_NUM] => 
    [RQ_IDENT_DOC_ISSUED_BY] => 
    [RQ_IDENT_DOC_DATE] => 
    [RQ_IDENT_DOC_DEP_CODE] => 
    [RQ_ADDR] => 
    [RQ_SIGNATURE] => 
    [RQ_STAMP] => 
    [UF_CRM_1684476607] => 
    [UF_CRM_1647929611] => 
    [UF_CRM_1684493639] => 
    [RQ_INN] => 
    [UF_CRM_1692611956] => 
    [UF_CRM_1697782220] => 
    [UF_CRM_1697782233] => 
    [UF_CRM_1692611897] => 
    [UF_CRM_DIRECT_CHECKOUT] => 
)
currentValues: Array
(
    [RQ_LAST_NAME] => {=A28106_72292_40597_46961:RQ_LAST_NAME}
    [RQ_FIRST_NAME] => {=A28106_72292_40597_46961:RQ_FIRST_NAME}
    [RQ_SECOND_NAME] => {=A28106_72292_40597_46961:RQ_SECOND_NAME}
    [RQ_IDENT_DOC] => {=A28106_72292_40597_46961:RQ_IDENT_DOC}
    [RQ_IDENT_DOC_SER] => 
    [RQ_IDENT_DOC_NUM] => 
    [RQ_IDENT_DOC_ISSUED_BY] => 
    [RQ_IDENT_DOC_DATE] => 
    [RQ_IDENT_DOC_DEP_CODE] => 
    [RQ_ADDR] => 
    [RQ_SIGNATURE] => 
    [RQ_STAMP] => 
    [UF_CRM_1684476607] => 
    [UF_CRM_1647929611] => 
    [UF_CRM_1684493639] => 
    [RQ_INN] => 
    [UF_CRM_1692611956] => 
    [UF_CRM_1697782220] => 
    [UF_CRM_1697782233] => 
    [UF_CRM_1692611897] => 
    [UF_CRM_DIRECT_CHECKOUT] => 
)
currentValues: Array
(
    [RQ_LAST_NAME] => {=A28106_72292_40597_46961:RQ_LAST_NAME}
    [RQ_FIRST_NAME] => {=A28106_72292_40597_46961:RQ_FIRST_NAME}
    [RQ_SECOND_NAME] => {=A28106_72292_40597_46961:RQ_SECOND_NAME}
    [RQ_IDENT_DOC] => {=A28106_72292_40597_46961:RQ_IDENT_DOC}
    [RQ_IDENT_DOC_SER] => 
    [RQ_IDENT_DOC_NUM] => 
    [RQ_IDENT_DOC_ISSUED_BY] => 
    [RQ_IDENT_DOC_DATE] => 
    [RQ_IDENT_DOC_DEP_CODE] => 
    [RQ_ADDR] => 
    [RQ_SIGNATURE] => 
    [RQ_STAMP] => 
    [UF_CRM_1684476607] => 
    [UF_CRM_1647929611] => 
    [UF_CRM_1684493639] => 
    [RQ_INN] => 
    [UF_CRM_1692611956] => 
    [UF_CRM_1697782220] => 
    [UF_CRM_1697782233] => 
    [UF_CRM_1692611897] => 
    [UF_CRM_DIRECT_CHECKOUT] => 
)
currentValues: Array
(
    [RQ_LAST_NAME] => {=A28106_72292_40597_46961:RQ_LAST_NAME}
    [RQ_FIRST_NAME] => {=A28106_72292_40597_46961:RQ_FIRST_NAME}
    [RQ_SECOND_NAME] => {=A28106_72292_40597_46961:RQ_SECOND_NAME}
    [RQ_IDENT_DOC] => {=A28106_72292_40597_46961:RQ_IDENT_DOC}
    [RQ_IDENT_DOC_SER] => {=A28106_72292_40597_46961:RQ_IDENT_DOC_SER}
    [RQ_IDENT_DOC_NUM] => {=A28106_72292_40597_46961:RQ_IDENT_DOC_NUM}
    [RQ_IDENT_DOC_ISSUED_BY] => {=A28106_72292_40597_46961:RQ_IDENT_DOC_ISSUED_BY}
    [RQ_IDENT_DOC_DATE] => {=A28106_72292_40597_46961:RQ_IDENT_DOC_DATE}
    [RQ_IDENT_DOC_DEP_CODE] => {=A28106_72292_40597_46961:RQ_IDENT_DOC_DEP_CODE}
    [RQ_ADDR] => 
    [RQ_SIGNATURE] => 
    [RQ_STAMP] => 
    [UF_CRM_1684476607] => 
    [UF_CRM_1647929611] => {=A28106_72292_40597_46961:UF_CRM_1647929611}
    [UF_CRM_1684493639] => {=A28106_72292_40597_46961:UF_CRM_1684493639}
    [RQ_INN] => {=A28106_72292_40597_46961:RQ_INN}
    [UF_CRM_1692611956] => 
    [UF_CRM_1697782220] => 
    [UF_CRM_1697782233] => 
    [UF_CRM_1692611897] => 
    [UF_CRM_DIRECT_CHECKOUT] => 
)
currentValues: Array
(
    [RQ_LAST_NAME] => {{Фамилия поручителя 1}}
    [RQ_FIRST_NAME] => {{Имя поручителя 1}}
    [RQ_SECOND_NAME] => {{Отчество поручителя 1}}
    [RQ_IDENT_DOC] => Паспорт гражданина Российской Федерации
    [RQ_IDENT_DOC_SER] => {{Серия паспорта поручителя 1}}
    [RQ_IDENT_DOC_NUM] => {{Номер паспорта поручителя 1}}
    [RQ_IDENT_DOC_ISSUED_BY] => {{Кем выдан паспорт поручителя 1}}
    [RQ_IDENT_DOC_DATE] => {{Дата выдачи паспорта поручителя 1 > string}}
    [RQ_IDENT_DOC_DEP_CODE] => {{Код подразделения поручителя}}
    [RQ_ADDR] => 
    [RQ_SIGNATURE] => 
    [RQ_STAMP] => 
    [UF_CRM_1684476607] => 
    [UF_CRM_1647929611] => {{Место рождения поручителя 1}}
    [UF_CRM_1684493639] => {{Дата рождения поручителя 1 > string}}
    [RQ_INN] => 
    [UF_CRM_1692611956] => {{Пол поручителя 1 (текст)}}
    [UF_CRM_1697782220] => 
    [UF_CRM_1697782233] => 
    [UF_CRM_1692611897] => {{Пол поручителя 1 (текст)}}
)
currentValues: Array
(
    [RQ_LAST_NAME] => {{Фамилия продавца 1}}
    [RQ_FIRST_NAME] => {{Имя продавца}}
    [RQ_SECOND_NAME] => {{Отчество продавца}}
    [RQ_IDENT_DOC] => Паспорт гражданина Российской Федерации
    [RQ_IDENT_DOC_SER] => {{Серия паспорта продавца}}
    [RQ_IDENT_DOC_NUM] => {{Номер паспорта продавца}}
    [RQ_IDENT_DOC_ISSUED_BY] => {{Кем выдан паспорт продавца}}
    [RQ_IDENT_DOC_DATE] => {{Дата выдачи паспорта продавца > string}}
    [RQ_IDENT_DOC_DEP_CODE] => {{Код подразделения паспорта продавца}}
    [RQ_ADDR] => 
    [RQ_SIGNATURE] => 
    [RQ_STAMP] => 
    [UF_CRM_1684476607] => 
    [UF_CRM_1647929611] => {{Место рождения продавца}}
    [UF_CRM_1684493639] => {{Дата рождения продавца > string}}
    [RQ_INN] => 
    [UF_CRM_1692611956] => {{Пол продавца (текст)}}
    [UF_CRM_1697782220] => 
    [UF_CRM_1697782233] => 
    [UF_CRM_1692611897] => {{Пол продавца (текст)}}
)
currentValues: Array
(
    [RQ_LAST_NAME] => {{Фамилия продавца 1}}
    [RQ_FIRST_NAME] => {{Имя продавца}}
    [RQ_SECOND_NAME] => {{Отчество продавца}}
    [RQ_IDENT_DOC] => Паспорт гражданина Российской Федерации
    [RQ_IDENT_DOC_SER] => {{Серия паспорта продавца}}
    [RQ_IDENT_DOC_NUM] => {{Номер паспорта продавца}}
    [RQ_IDENT_DOC_ISSUED_BY] => {{Кем выдан паспорт продавца}}
    [RQ_IDENT_DOC_DATE] => {{Дата выдачи паспорта продавца > string}}
    [RQ_IDENT_DOC_DEP_CODE] => {{Код подразделения паспорта продавца}}
    [RQ_ADDR] => 
    [RQ_SIGNATURE] => 
    [RQ_STAMP] => 
    [UF_CRM_1684476607] => 
    [UF_CRM_1647929611] => {{Место рождения продавца}}
    [UF_CRM_1684493639] => {{Дата рождения продавца > string}}
    [RQ_INN] => 
    [UF_CRM_1692611956] => {{Пол продавца (текст)}}
    [UF_CRM_1697782220] => 
    [UF_CRM_1697782233] => 
    [UF_CRM_1692611897] => {{Пол продавца (текст)}}
    [UF_CRM_DIRECT_CHECKOUT] => 
)
currentValues: Array
(
    [RQ_LAST_NAME] => {{Фамилия продавца 1}}
    [RQ_FIRST_NAME] => {{Имя продавца}}
    [RQ_SECOND_NAME] => {{Отчество продавца}}
    [RQ_IDENT_DOC] => Паспорт гражданина Российской Федерации
    [RQ_IDENT_DOC_SER] => {{Серия паспорта продавца}}
    [RQ_IDENT_DOC_NUM] => {{Номер паспорта продавца}}
    [RQ_IDENT_DOC_ISSUED_BY] => {{Кем выдан паспорт продавца}}
    [RQ_IDENT_DOC_DATE] => {{Дата выдачи паспорта продавца > string}}
    [RQ_IDENT_DOC_DEP_CODE] => {{Код подразделения паспорта продавца}}
    [RQ_ADDR] => 
    [RQ_SIGNATURE] => 
    [RQ_STAMP] => 
    [UF_CRM_1684476607] => 
    [UF_CRM_1647929611] => {{Место рождения продавца}}
    [UF_CRM_1684493639] => {{Дата рождения продавца > string}}
    [RQ_INN] => 
    [UF_CRM_1692611956] => {{Пол продавца (текст)}}
    [UF_CRM_1697782220] => 
    [UF_CRM_1697782233] => 
    [UF_CRM_1692611897] => {{Пол продавца (текст)}}
    [UF_CRM_DIRECT_CHECKOUT] => 
)
currentValues: Array
(
    [RQ_LAST_NAME] => {{Фамилия продавца 1}}
    [RQ_FIRST_NAME] => {{Имя продавца}}
    [RQ_SECOND_NAME] => {{Отчество продавца}}
    [RQ_IDENT_DOC] => Паспорт гражданина Российской Федерации
    [RQ_IDENT_DOC_SER] => {{Серия паспорта продавца}}
    [RQ_IDENT_DOC_NUM] => {{Номер паспорта продавца}}
    [RQ_IDENT_DOC_ISSUED_BY] => {{Кем выдан паспорт продавца}}
    [RQ_IDENT_DOC_DATE] => {{Дата выдачи паспорта продавца > string}}
    [RQ_IDENT_DOC_DEP_CODE] => {{Код подразделения паспорта продавца}}
    [RQ_ADDR] => 
    [RQ_SIGNATURE] => 
    [RQ_STAMP] => 
    [UF_CRM_1684476607] => 
    [UF_CRM_1647929611] => {{Место рождения продавца}}
    [UF_CRM_1684493639] => {{Дата рождения продавца > string}}
    [RQ_INN] => 
    [UF_CRM_1692611956] => {{Пол продавца (текст)}}
    [UF_CRM_1697782220] => 
    [UF_CRM_1697782233] => 
    [UF_CRM_1692611897] => {{Пол продавца (текст)}}
    [UF_CRM_DIRECT_CHECKOUT] => 
)
currentValues: Array
(
    [RQ_INN] => 
    [RQ_COMPANY_NAME] => 
    [RQ_COMPANY_FULL_NAME] => 
    [RQ_OGRN] => 
    [RQ_KPP] => 
    [RQ_COMPANY_REG_DATE] => 
    [RQ_OKPO] => 
    [RQ_OKTMO] => 
    [RQ_DIRECTOR] => 
    [RQ_ACCOUNTANT] => 
    [RQ_ADDR] => 
    [RQ_SIGNATURE] => 
    [RQ_STAMP] => 
    [UF_CRM_1688964741] => 
    [UF_CRM_1697782220] => 
    [UF_CRM_1697782233] => 
    [UF_CRM_DIRECT_CHECKOUT] => 
)
currentValues: Array
(
    [RQ_LAST_NAME] => 
    [RQ_FIRST_NAME] => 
    [RQ_SECOND_NAME] => 
    [RQ_INN] => {{ИНН ▲}}
    [RQ_OGRNIP] => 
    [RQ_OKPO] => 
    [RQ_OKVED] => 
    [RQ_ADDR] => 
    [RQ_SIGNATURE] => 
    [RQ_STAMP] => 
    [UF_CRM_1684476607] => 
    [UF_CRM_1647929611] => 
    [RQ_IDENT_DOC] => 
    [RQ_COMPANY_REG_DATE] => 
    [RQ_IDENT_DOC_SER] => 
    [RQ_IDENT_DOC_NUM] => 
    [RQ_IDENT_DOC_ISSUED_BY] => 
    [RQ_IDENT_DOC_DATE] => 
    [RQ_IDENT_DOC_DEP_CODE] => 
    [UF_CRM_1684493639] => 
    [UF_CRM_1688964741] => 
    [UF_CRM_1692611897] => 
    [UF_CRM_1697782220] => 
    [UF_CRM_1697782233] => 
)
currentValues: Array
(
    [RQ_LAST_NAME] => 
    [RQ_FIRST_NAME] => 
    [RQ_SECOND_NAME] => 
    [RQ_INN] => {{ИНН ▲}}
    [RQ_OGRNIP] => 
    [RQ_OKPO] => 
    [RQ_OKVED] => 
    [RQ_ADDR] => 
    [RQ_SIGNATURE] => 
    [RQ_STAMP] => 
    [UF_CRM_1684476607] => 
    [UF_CRM_1647929611] => 
    [RQ_IDENT_DOC] => 
    [RQ_COMPANY_REG_DATE] => 
    [RQ_IDENT_DOC_SER] => 
    [RQ_IDENT_DOC_NUM] => 
    [RQ_IDENT_DOC_ISSUED_BY] => 
    [RQ_IDENT_DOC_DATE] => 
    [RQ_IDENT_DOC_DEP_CODE] => 
    [UF_CRM_1684493639] => 
    [UF_CRM_1688964741] => 
    [UF_CRM_1692611897] => 
    [UF_CRM_1697782220] => 
    [UF_CRM_1697782233] => 
)
currentValues: Array
(
    [RQ_LAST_NAME] => 
    [RQ_FIRST_NAME] => 
    [RQ_SECOND_NAME] => 
    [RQ_INN] => {{ИНН ▲}}
    [RQ_OGRNIP] => 
    [RQ_OKPO] => 
    [RQ_OKVED] => 
    [RQ_ADDR] => 
    [RQ_SIGNATURE] => 
    [RQ_STAMP] => 
    [UF_CRM_1684476607] => 
    [UF_CRM_1647929611] => 
    [RQ_IDENT_DOC] => 
    [RQ_COMPANY_REG_DATE] => 
    [RQ_IDENT_DOC_SER] => 
    [RQ_IDENT_DOC_NUM] => 
    [RQ_IDENT_DOC_ISSUED_BY] => 
    [RQ_IDENT_DOC_DATE] => 
    [RQ_IDENT_DOC_DEP_CODE] => 
    [UF_CRM_1684493639] => 
    [UF_CRM_1688964741] => 
    [UF_CRM_1692611897] => 
    [UF_CRM_1697782220] => 
    [UF_CRM_1697782233] => 
)
currentValues: Array
(
    [RQ_LAST_NAME] => 
    [RQ_FIRST_NAME] => 
    [RQ_SECOND_NAME] => 
    [RQ_INN] => {{ИНН ▲}}
    [RQ_OGRNIP] => 
    [RQ_OKPO] => 
    [RQ_OKVED] => 
    [RQ_ADDR] => 
    [RQ_SIGNATURE] => 
    [RQ_STAMP] => 
    [UF_CRM_1684476607] => 
    [UF_CRM_1647929611] => 
    [RQ_IDENT_DOC] => 
    [RQ_COMPANY_REG_DATE] => 
    [RQ_IDENT_DOC_SER] => 
    [RQ_IDENT_DOC_NUM] => 
    [RQ_IDENT_DOC_ISSUED_BY] => 
    [RQ_IDENT_DOC_DATE] => 
    [RQ_IDENT_DOC_DEP_CODE] => 
    [UF_CRM_1684493639] => 
    [UF_CRM_1688964741] => 
    [UF_CRM_1692611897] => 
    [UF_CRM_1697782220] => 
    [UF_CRM_1697782233] => 
)
currentValues: Array
(
    [RQ_LAST_NAME] => 
    [RQ_FIRST_NAME] => 
    [RQ_SECOND_NAME] => 
    [RQ_INN] => {{ИНН ▲}}
    [RQ_OGRNIP] => 
    [RQ_OKPO] => 
    [RQ_OKVED] => 
    [RQ_ADDR] => 
    [RQ_SIGNATURE] => 
    [RQ_STAMP] => 
    [UF_CRM_1684476607] => 
    [UF_CRM_1647929611] => 
    [RQ_IDENT_DOC] => 
    [RQ_COMPANY_REG_DATE] => 
    [RQ_IDENT_DOC_SER] => 
    [RQ_IDENT_DOC_NUM] => 
    [RQ_IDENT_DOC_ISSUED_BY] => 
    [RQ_IDENT_DOC_DATE] => 
    [RQ_IDENT_DOC_DEP_CODE] => 
    [UF_CRM_1684493639] => 
    [UF_CRM_1688964741] => 
    [UF_CRM_1692611897] => 
    [UF_CRM_1697782220] => 
    [UF_CRM_1697782233] => 
)
currentValues: Array
(
    [RQ_INN] => 
    [RQ_COMPANY_NAME] => 
    [RQ_COMPANY_FULL_NAME] => 
    [RQ_OGRN] => 
    [RQ_KPP] => 
    [RQ_COMPANY_REG_DATE] => 
    [RQ_OKPO] => 
    [RQ_OKTMO] => 
    [RQ_DIRECTOR] => 
    [RQ_ACCOUNTANT] => 
    [RQ_ADDR] => 
    [RQ_SIGNATURE] => 
    [RQ_STAMP] => 
    [UF_CRM_1688964741] => 
    [UF_CRM_1697782220] => 
    [UF_CRM_1697782233] => 
    [UF_CRM_DIRECT_CHECKOUT] => 
)
currentValues: Array
(
    [RQ_LAST_NAME] => {{Фамилия заемщика}}
    [RQ_FIRST_NAME] => {{Имя заемщика}}
    [RQ_SECOND_NAME] => {{Отчество заемщика}}
    [RQ_IDENT_DOC] => Паспорт гражданина Российской Федерации
    [RQ_IDENT_DOC_SER] => {{Серия паспорта заемщика}}
    [RQ_IDENT_DOC_NUM] => {{Номер паспорта заемщика}}
    [RQ_IDENT_DOC_ISSUED_BY] => {{Кем выдан паспорт заемщика}}
    [RQ_IDENT_DOC_DATE] => {{Дата выдачи паспорта заемщика > string}}
    [RQ_IDENT_DOC_DEP_CODE] => {{Код подразделения заемщик}}
    [RQ_ADDR] => 
    [RQ_SIGNATURE] => 
    [RQ_STAMP] => 
    [UF_CRM_1684476607] => {{СНИЛС заемщика (вручную)}}
    [UF_CRM_1647929611] => {{Место рождения заемщика}}
    [UF_CRM_1684493639] => {{Дата рождения заемщика > string}}
    [RQ_INN] => {{ИНН заемщика (вручную)}}
    [UF_CRM_1692611956] => {{Пол (текст)}}
    [UF_CRM_1697782220] => 
    [UF_CRM_1697782233] => 
    [UF_CRM_1692611897] => {{Пол (текст)}}
)
currentValues: Array
(
    [RQ_INN] => {{ИНН ▲}}
    [RQ_COMPANY_NAME] => 
    [RQ_COMPANY_FULL_NAME] => 
    [RQ_OGRN] => 
    [RQ_KPP] => 
    [RQ_COMPANY_REG_DATE] => 
    [RQ_OKPO] => 
    [RQ_OKTMO] => 
    [RQ_DIRECTOR] => 
    [RQ_ACCOUNTANT] => 
    [RQ_ADDR] => 
    [RQ_SIGNATURE] => 
    [RQ_STAMP] => 
    [UF_CRM_1688964741] => 
    [UF_CRM_1697782220] => 
    [UF_CRM_1697782233] => 
)
currentValues: Array
(
    [RQ_LAST_NAME] => 
    [RQ_FIRST_NAME] => 
    [RQ_SECOND_NAME] => 
    [RQ_INN] => {{ИНН ▲}}
    [RQ_OGRNIP] => 
    [RQ_OKPO] => 
    [RQ_OKVED] => 
    [RQ_ADDR] => 
    [RQ_SIGNATURE] => 
    [RQ_STAMP] => 
    [UF_CRM_1684476607] => 
    [UF_CRM_1647929611] => 
    [RQ_IDENT_DOC] => 
    [RQ_COMPANY_REG_DATE] => 
    [RQ_IDENT_DOC_SER] => 
    [RQ_IDENT_DOC_NUM] => 
    [RQ_IDENT_DOC_ISSUED_BY] => 
    [RQ_IDENT_DOC_DATE] => 
    [RQ_IDENT_DOC_DEP_CODE] => 
    [UF_CRM_1684493639] => 
    [UF_CRM_1688964741] => 
    [UF_CRM_1692611897] => 
    [UF_CRM_1697782220] => 
    [UF_CRM_1697782233] => 
    [UF_CRM_DIRECT_CHECKOUT] => 
)
currentValues: Array
(
    [RQ_LAST_NAME] => 
    [RQ_FIRST_NAME] => 
    [RQ_SECOND_NAME] => 
    [RQ_INN] => {{ИНН ▲}}
    [RQ_OGRNIP] => 
    [RQ_OKPO] => 
    [RQ_OKVED] => 
    [RQ_ADDR] => 
    [RQ_SIGNATURE] => 
    [RQ_STAMP] => 
    [UF_CRM_1684476607] => 
    [UF_CRM_1647929611] => 
    [RQ_IDENT_DOC] => 
    [RQ_COMPANY_REG_DATE] => 
    [RQ_IDENT_DOC_SER] => 
    [RQ_IDENT_DOC_NUM] => 
    [RQ_IDENT_DOC_ISSUED_BY] => 
    [RQ_IDENT_DOC_DATE] => 
    [RQ_IDENT_DOC_DEP_CODE] => 
    [UF_CRM_1684493639] => 
    [UF_CRM_1688964741] => 
    [UF_CRM_1692611897] => 
    [UF_CRM_1697782220] => 
    [UF_CRM_1697782233] => 
    [UF_CRM_DIRECT_CHECKOUT] => 
)
currentValues: Array
(
)
currentValues: Array
(
)
currentValues: Array
(
)
currentValues: Array
(
)
currentValues: Array
(
    [RQ_LAST_NAME] => {{Фамилия заемщика}}
    [RQ_FIRST_NAME] => {{Имя заемщика}}
    [RQ_SECOND_NAME] => {{Отчество заемщика}}
    [RQ_IDENT_DOC] => Паспорт гражданина Российской Федерации
    [RQ_IDENT_DOC_SER] => {{Серия паспорта заемщика}}
    [RQ_IDENT_DOC_NUM] => {{Номер паспорта заемщика}}
    [RQ_IDENT_DOC_ISSUED_BY] => {{Кем выдан паспорт заемщика}}
    [RQ_IDENT_DOC_DATE] => {{Дата выдачи паспорта заемщика > string}}
    [RQ_IDENT_DOC_DEP_CODE] => {{Код подразделения заемщик}}
    [RQ_ADDR] => 
    [RQ_SIGNATURE] => 
    [RQ_STAMP] => 
    [UF_CRM_1684476607] => {{СНИЛС заемщика (вручную)}}
    [UF_CRM_1647929611] => {{Место рождения заемщика}}
    [UF_CRM_1684493639] => {{Дата рождения заемщика > string}}
    [RQ_INN] => {{ИНН заемщика (вручную)}}
    [UF_CRM_1692611956] => {{Пол (текст)}}
    [UF_CRM_1697782220] => 
    [UF_CRM_1697782233] => 
    [UF_CRM_1692611897] => {{Пол (текст)}}
)
currentValues: Array
(
)
currentValues: Array
(
)
currentValues: Array
(
    [RQ_LAST_NAME] => {{Фамилия}}
    [RQ_FIRST_NAME] => {{Имя}}
    [RQ_SECOND_NAME] => {{Отчество}}
    [RQ_IDENT_DOC] => Паспорт гражданина Российской Федерации
    [RQ_IDENT_DOC_SER] => {{Серия паспорта}}
    [RQ_IDENT_DOC_NUM] => {{Номер паспорта}}
    [RQ_IDENT_DOC_ISSUED_BY] => {{Кем выдан}}
    [RQ_IDENT_DOC_DATE] => {{Дата выдачи}}
    [RQ_IDENT_DOC_DEP_CODE] => {{Код подразделения}}
    [RQ_ADDR] => 
    [RQ_SIGNATURE] => 
    [RQ_STAMP] => 
    [UF_CRM_1684476607] => 
    [UF_CRM_1647929611] => {{Место рождения}}
    [UF_CRM_1684493639] => {{Дата рождения}}
    [RQ_INN] => 
    [UF_CRM_1692611956] => 
    [UF_CRM_1697782220] => 
    [UF_CRM_1697782233] => 
    [UF_CRM_1692611897] => 
    [UF_CRM_DIRECT_CHECKOUT] => 
)
currentValues: Array
(
    [RQ_LAST_NAME] => {{Фамилия}}
    [RQ_FIRST_NAME] => {{Имя}}
    [RQ_SECOND_NAME] => {{Отчество}}
    [RQ_IDENT_DOC] => Паспорт гражданина Российской Федерации
    [RQ_IDENT_DOC_SER] => {{Серия паспорта}}
    [RQ_IDENT_DOC_NUM] => {{Номер паспорта}}
    [RQ_IDENT_DOC_ISSUED_BY] => {{Кем выдан}}
    [RQ_IDENT_DOC_DATE] => {{Дата выдачи}}
    [RQ_IDENT_DOC_DEP_CODE] => {{Код подразделения}}
    [RQ_ADDR] => 
    [RQ_SIGNATURE] => 
    [RQ_STAMP] => 
    [UF_CRM_1684476607] => 
    [UF_CRM_1647929611] => {{Место рождения}}
    [UF_CRM_1684493639] => {{Дата рождения}}
    [RQ_INN] => 
    [UF_CRM_1692611956] => 
    [UF_CRM_1697782220] => 
    [UF_CRM_1697782233] => 
    [UF_CRM_1692611897] => 
    [UF_CRM_DIRECT_CHECKOUT] => 
)
currentValues: Array
(
    [RQ_LAST_NAME] => {{Фамилия}}
    [RQ_FIRST_NAME] => {{Имя}}
    [RQ_SECOND_NAME] => {{Отчество}}
    [RQ_IDENT_DOC] => Паспорт гражданина Российской Федерации
    [RQ_IDENT_DOC_SER] => {{Серия паспорта}}
    [RQ_IDENT_DOC_NUM] => {{Номер паспорта}}
    [RQ_IDENT_DOC_ISSUED_BY] => {{Кем выдан}}
    [RQ_IDENT_DOC_DATE] => {{Дата выдачи}}
    [RQ_IDENT_DOC_DEP_CODE] => {{Код подразделения}}
    [RQ_ADDR] => 
    [RQ_SIGNATURE] => 
    [RQ_STAMP] => 
    [UF_CRM_1684476607] => 
    [UF_CRM_1647929611] => {{Место рождения}}
    [UF_CRM_1684493639] => {{Дата рождения}}
    [RQ_INN] => 
    [UF_CRM_1692611956] => 
    [UF_CRM_1697782220] => 
    [UF_CRM_1697782233] => 
    [UF_CRM_1692611897] => 
    [UF_CRM_DIRECT_CHECKOUT] => 
)
currentValues: Array
(
    [RQ_LAST_NAME] => {{Фамилия}}
    [RQ_FIRST_NAME] => {{Имя}}
    [RQ_SECOND_NAME] => {{Отчество}}
    [RQ_IDENT_DOC] => Паспорт гражданина Российской Федерации
    [RQ_IDENT_DOC_SER] => {{Серия паспорта}}
    [RQ_IDENT_DOC_NUM] => {{Номер паспорта}}
    [RQ_IDENT_DOC_ISSUED_BY] => {{Кем выдан}}
    [RQ_IDENT_DOC_DATE] => {{Дата выдачи}}
    [RQ_IDENT_DOC_DEP_CODE] => {{Код подразделения}}
    [RQ_ADDR] => 
    [RQ_SIGNATURE] => 
    [RQ_STAMP] => 
    [UF_CRM_1684476607] => 
    [UF_CRM_1647929611] => {{Место рождения}}
    [UF_CRM_1684493639] => {{Дата рождения}}
    [RQ_INN] => 
    [UF_CRM_1692611956] => 
    [UF_CRM_1697782220] => 
    [UF_CRM_1697782233] => 
    [UF_CRM_1692611897] => 
    [UF_CRM_DIRECT_CHECKOUT] => 
)
currentValues: Array
(
    [RQ_LAST_NAME] => {{Фамилия}}
    [RQ_FIRST_NAME] => {{Имя}}
    [RQ_SECOND_NAME] => {{Отчество}}
    [RQ_IDENT_DOC] => Паспорт гражданина Российской Федерации
    [RQ_IDENT_DOC_SER] => {{Серия паспорта}}
    [RQ_IDENT_DOC_NUM] => {{Номер паспорта}}
    [RQ_IDENT_DOC_ISSUED_BY] => {{Кем выдан}}
    [RQ_IDENT_DOC_DATE] => {{Дата выдачи}}
    [RQ_IDENT_DOC_DEP_CODE] => {{Код подразделения}}
    [RQ_ADDR] => 
    [RQ_SIGNATURE] => 
    [RQ_STAMP] => 
    [UF_CRM_1684476607] => 
    [UF_CRM_1647929611] => {{Место рождения}}
    [UF_CRM_1684493639] => {{Дата рождения}}
    [RQ_INN] => 
    [UF_CRM_1692611956] => 
    [UF_CRM_1697782220] => 
    [UF_CRM_1697782233] => 
    [UF_CRM_1692611897] => 
    [UF_CRM_DIRECT_CHECKOUT] => 
)
currentValues: Array
(
    [RQ_LAST_NAME] => {{Фамилия}}
    [RQ_FIRST_NAME] => {{Имя}}
    [RQ_SECOND_NAME] => {{Отчество}}
    [RQ_IDENT_DOC] => Паспорт гражданина Российской Федерации
    [RQ_IDENT_DOC_SER] => {{Серия паспорта}}
    [RQ_IDENT_DOC_NUM] => {{Номер паспорта}}
    [RQ_IDENT_DOC_ISSUED_BY] => {{Кем выдан}}
    [RQ_IDENT_DOC_DATE] => {{Дата выдачи}}
    [RQ_IDENT_DOC_DEP_CODE] => {{Код подразделения}}
    [RQ_ADDR] => 
    [RQ_SIGNATURE] => 
    [RQ_STAMP] => 
    [UF_CRM_1684476607] => 
    [UF_CRM_1647929611] => {{Место рождения}}
    [UF_CRM_1684493639] => {{Дата рождения}}
    [RQ_INN] => 
    [UF_CRM_1692611956] => 
    [UF_CRM_1697782220] => 
    [UF_CRM_1697782233] => 
    [UF_CRM_1692611897] => 
    [UF_CRM_DIRECT_CHECKOUT] => 
)
currentValues: Array
(
    [RQ_LAST_NAME] => {{Фамилия заемщика}}
    [RQ_FIRST_NAME] => {{Имя заемщика}}
    [RQ_SECOND_NAME] => {{Отчество заемщика}}
    [RQ_IDENT_DOC] => Паспорт гражданина Российской Федерации
    [RQ_IDENT_DOC_SER] => {{Серия паспорта заемщика}}
    [RQ_IDENT_DOC_NUM] => {{Номер паспорта заемщика}}
    [RQ_IDENT_DOC_ISSUED_BY] => {{Кем выдан паспорт заемщика}}
    [RQ_IDENT_DOC_DATE] => {{Дата выдачи паспорта заемщика > string}}
    [RQ_IDENT_DOC_DEP_CODE] => {{Код подразделения заемщик}}
    [RQ_ADDR] => 
    [RQ_SIGNATURE] => 
    [RQ_STAMP] => 
    [UF_CRM_1684476607] => {{СНИЛС заемщика (вручную)}}
    [UF_CRM_1647929611] => {{Место рождения заемщика}}
    [UF_CRM_1684493639] => {{Дата рождения заемщика > string}}
    [RQ_INN] => {{ИНН заемщика (вручную)}}
    [UF_CRM_1692611956] => {{Пол (текст)}}
    [UF_CRM_1697782220] => 
    [UF_CRM_1697782233] => 
    [UF_CRM_1692611897] => {{Пол (текст)}}
)
currentValues: Array
(
    [RQ_LAST_NAME] => {{Фамилия}}
    [RQ_FIRST_NAME] => {{Имя}}
    [RQ_SECOND_NAME] => {{Отчество}}
    [RQ_IDENT_DOC] => Паспорт гражданина Российской Федерации
    [RQ_IDENT_DOC_SER] => {{Серия паспорта}}
    [RQ_IDENT_DOC_NUM] => {{Номер паспорта}}
    [RQ_IDENT_DOC_ISSUED_BY] => {{Кем выдан}}
    [RQ_IDENT_DOC_DATE] => {{Дата выдачи}}
    [RQ_IDENT_DOC_DEP_CODE] => {{Код подразделения}}
    [RQ_ADDR] => 
    [RQ_SIGNATURE] => 
    [RQ_STAMP] => 
    [UF_CRM_1684476607] => 
    [UF_CRM_1647929611] => {{Место рождения}}
    [UF_CRM_1684493639] => {{Дата рождения}}
    [RQ_INN] => 
    [UF_CRM_1692611956] => 
    [UF_CRM_1697782220] => 
    [UF_CRM_1697782233] => 
    [UF_CRM_1692611897] => 
    [UF_CRM_DIRECT_CHECKOUT] => 
)
currentValues: Array
(
    [RQ_LAST_NAME] => {{Фамилия}}
    [RQ_FIRST_NAME] => {{Имя}}
    [RQ_SECOND_NAME] => {{Отчество}}
    [RQ_IDENT_DOC] => Паспорт гражданина Российской Федерации
    [RQ_IDENT_DOC_SER] => {{Серия паспорта}}
    [RQ_IDENT_DOC_NUM] => {{Номер паспорта}}
    [RQ_IDENT_DOC_ISSUED_BY] => {{Кем выдан}}
    [RQ_IDENT_DOC_DATE] => {{Дата выдачи > string}}
    [RQ_IDENT_DOC_DEP_CODE] => {{Код подразделения}}
    [RQ_ADDR] => 
    [RQ_SIGNATURE] => 
    [RQ_STAMP] => 
    [UF_CRM_1684476607] => 
    [UF_CRM_1647929611] => {{Место рождения}}
    [UF_CRM_1684493639] => {{Дата рождения > string}}
    [RQ_INN] => 
    [UF_CRM_1692611956] => 
    [UF_CRM_1697782220] => 
    [UF_CRM_1697782233] => 
    [UF_CRM_1692611897] => 
    [UF_CRM_DIRECT_CHECKOUT] => 
)
currentValues: Array
(
    [RQ_LAST_NAME] => {{Фамилия}}
    [RQ_FIRST_NAME] => {{Имя}}
    [RQ_SECOND_NAME] => {{Отчество}}
    [RQ_IDENT_DOC] => Паспорт гражданина Российской Федерации
    [RQ_IDENT_DOC_SER] => {{Серия паспорта}}
    [RQ_IDENT_DOC_NUM] => {{Номер паспорта}}
    [RQ_IDENT_DOC_ISSUED_BY] => {{Кем выдан}}
    [RQ_IDENT_DOC_DATE] => {{Дата выдачи > string}}
    [RQ_IDENT_DOC_DEP_CODE] => {{Код подразделения}}
    [RQ_ADDR] => 
    [RQ_SIGNATURE] => 
    [RQ_STAMP] => 
    [UF_CRM_1684476607] => 
    [UF_CRM_1647929611] => {{Место рождения}}
    [UF_CRM_1684493639] => {{Дата рождения > string}}
    [RQ_INN] => 
    [UF_CRM_1692611956] => 
    [UF_CRM_1697782220] => 
    [UF_CRM_1697782233] => 
    [UF_CRM_1692611897] => 
    [UF_CRM_DIRECT_CHECKOUT] => 
)
currentValues: Array
(
    [RQ_LAST_NAME] => {{Фамилия}}
    [RQ_FIRST_NAME] => {{Имя}}
    [RQ_SECOND_NAME] => {{Отчество}}
    [RQ_IDENT_DOC] => Паспорт гражданина Российской Федерации
    [RQ_IDENT_DOC_SER] => {{Серия паспорта}}
    [RQ_IDENT_DOC_NUM] => {{Номер паспорта}}
    [RQ_IDENT_DOC_ISSUED_BY] => {{Кем выдан}}
    [RQ_IDENT_DOC_DATE] => {{Дата выдачи > string}}
    [RQ_IDENT_DOC_DEP_CODE] => {{Код подразделения}}
    [RQ_ADDR] => 
    [RQ_SIGNATURE] => 
    [RQ_STAMP] => 
    [UF_CRM_1684476607] => 
    [UF_CRM_1647929611] => {{Место рождения}}
    [UF_CRM_1684493639] => {{Дата рождения > string}}
    [RQ_INN] => 
    [UF_CRM_1692611956] => 
    [UF_CRM_1697782220] => 
    [UF_CRM_1697782233] => 
    [UF_CRM_1692611897] => 
    [UF_CRM_DIRECT_CHECKOUT] => 
)
currentValues: Array
(
    [RQ_INN] => 
    [RQ_COMPANY_NAME] => 
    [RQ_COMPANY_FULL_NAME] => 
    [RQ_OGRN] => 
    [RQ_KPP] => 
    [RQ_COMPANY_REG_DATE] => 
    [RQ_OKPO] => 
    [RQ_OKTMO] => 
    [RQ_DIRECTOR] => 
    [RQ_ACCOUNTANT] => 
    [RQ_ADDR] => 
    [RQ_SIGNATURE] => 
    [RQ_STAMP] => 
    [UF_CRM_1688964741] => 
    [UF_CRM_1697782220] => 
    [UF_CRM_1697782233] => 
    [UF_CRM_DIRECT_CHECKOUT] => 
)
currentValues: Array
(
    [RQ_LAST_NAME] => {{Фамилия}}
    [RQ_FIRST_NAME] => {{Имя}}
    [RQ_SECOND_NAME] => {{Отчество}}
    [RQ_IDENT_DOC] => Паспорт гражданина Российской Федерации
    [RQ_IDENT_DOC_SER] => {{Серия паспорта}}
    [RQ_IDENT_DOC_NUM] => {{Номер паспорта}}
    [RQ_IDENT_DOC_ISSUED_BY] => {{Кем выдан}}
    [RQ_IDENT_DOC_DATE] => {{Дата выдачи > string}}
    [RQ_IDENT_DOC_DEP_CODE] => {{Код подразделения}}
    [RQ_ADDR] => 
    [RQ_SIGNATURE] => 
    [RQ_STAMP] => 
    [UF_CRM_1684476607] => 
    [UF_CRM_1647929611] => {{Место рождения}}
    [UF_CRM_1684493639] => {{Дата рождения > string}}
    [RQ_INN] => 
    [UF_CRM_1692611956] => 
    [UF_CRM_1697782220] => 
    [UF_CRM_1697782233] => 
    [UF_CRM_1692611897] => 
    [UF_CRM_DIRECT_CHECKOUT] => 
)
currentValues: Array
(
    [RQ_LAST_NAME] => {{Фамилия}}
    [RQ_FIRST_NAME] => {{Имя}}
    [RQ_SECOND_NAME] => {{Отчество}}
    [RQ_IDENT_DOC] => Паспорт гражданина Российской Федерации
    [RQ_IDENT_DOC_SER] => {{Серия паспорта}}
    [RQ_IDENT_DOC_NUM] => {{Номер паспорта}}
    [RQ_IDENT_DOC_ISSUED_BY] => {{Кем выдан}}
    [RQ_IDENT_DOC_DATE] => {{Дата выдачи > string}}
    [RQ_IDENT_DOC_DEP_CODE] => {{Код подразделения}}
    [RQ_ADDR] => 
    [RQ_SIGNATURE] => 
    [RQ_STAMP] => 
    [UF_CRM_1684476607] => 
    [UF_CRM_1647929611] => {{Место рождения}}
    [UF_CRM_1684493639] => {{Дата рождения > string}}
    [RQ_INN] => 
    [UF_CRM_1692611956] => 
    [UF_CRM_1697782220] => 
    [UF_CRM_1697782233] => 
    [UF_CRM_1692611897] => 
    [UF_CRM_DIRECT_CHECKOUT] => 
)
currentValues: Array
(
    [RQ_LAST_NAME] => {{Фамилия}}
    [RQ_FIRST_NAME] => {{Имя}}
    [RQ_SECOND_NAME] => {{Отчество}}
    [RQ_IDENT_DOC] => Паспорт гражданина Российской Федерации
    [RQ_IDENT_DOC_SER] => {{Серия паспорта}}
    [RQ_IDENT_DOC_NUM] => {{Номер паспорта}}
    [RQ_IDENT_DOC_ISSUED_BY] => {{Кем выдан}}
    [RQ_IDENT_DOC_DATE] => {{Дата выдачи > string}}
    [RQ_IDENT_DOC_DEP_CODE] => {{Код подразделения}}
    [RQ_ADDR] => 
    [RQ_SIGNATURE] => 
    [RQ_STAMP] => 
    [UF_CRM_1684476607] => 
    [UF_CRM_1647929611] => {{Место рождения}}
    [UF_CRM_1684493639] => {{Дата рождения > string}}
    [RQ_INN] => 
    [UF_CRM_1692611956] => 
    [UF_CRM_1697782220] => 
    [UF_CRM_1697782233] => 
    [UF_CRM_1692611897] => 
    [UF_CRM_DIRECT_CHECKOUT] => 
)
currentValues: Array
(
)
currentValues: Array
(
)
currentValues: Array
(
)
currentValues: Array
(
    [RQ_INN] => {{ИНН}}
    [RQ_COMPANY_NAME] => {{Сокращенное название компании}}
    [RQ_COMPANY_FULL_NAME] => {{Полное наименование компании}}
    [RQ_OGRN] => {{ОГРН}}
    [RQ_KPP] => 
    [RQ_COMPANY_REG_DATE] => 
    [RQ_OKPO] => 
    [RQ_OKTMO] => 
    [RQ_DIRECTOR] => 
    [RQ_ACCOUNTANT] => 
    [RQ_ADDR] => 
    [RQ_SIGNATURE] => 
    [RQ_STAMP] => 
    [UF_CRM_1688964741] => 
    [UF_CRM_1697782220] => 
    [UF_CRM_1697782233] => 
    [UF_CRM_DIRECT_CHECKOUT] => 
)
currentValues: Array
(
    [RQ_INN] => {{ИНН}}
    [RQ_COMPANY_NAME] => {{Сокращенное название компании}}
    [RQ_COMPANY_FULL_NAME] => {{Полное наименование компании}}
    [RQ_OGRN] => {{ОГРН}}
    [RQ_KPP] => 
    [RQ_COMPANY_REG_DATE] => 
    [RQ_OKPO] => 
    [RQ_OKTMO] => 
    [RQ_DIRECTOR] => 
    [RQ_ACCOUNTANT] => 
    [RQ_ADDR] => 
    [RQ_SIGNATURE] => 
    [RQ_STAMP] => 
    [UF_CRM_1688964741] => 
    [UF_CRM_1697782220] => 
    [UF_CRM_1697782233] => 
    [UF_CRM_DIRECT_CHECKOUT] => 
)
currentValues: Array
(
    [RQ_LAST_NAME] => {{Фамилия}}
    [RQ_FIRST_NAME] => {{Имя}}
    [RQ_SECOND_NAME] => {{Отчество}}
    [RQ_INN] => 
    [RQ_OGRNIP] => 
    [RQ_OKPO] => 
    [RQ_OKVED] => 
    [RQ_ADDR] => 
    [RQ_SIGNATURE] => 
    [RQ_STAMP] => 
    [UF_CRM_1684476607] => 
    [UF_CRM_1647929611] => {{Место рождения}}
    [RQ_IDENT_DOC] => Паспорт гражданина Российской Федерации
    [RQ_COMPANY_REG_DATE] => 
    [RQ_IDENT_DOC_SER] => {{Серия паспорта}}
    [RQ_IDENT_DOC_NUM] => {{Номер паспорта}}
    [RQ_IDENT_DOC_ISSUED_BY] => {{Кем выдан}}
    [RQ_IDENT_DOC_DATE] => {{Дата выдачи}}
    [RQ_IDENT_DOC_DEP_CODE] => {{Код подразделения}}
    [UF_CRM_1684493639] => {{Дата рождения}}
    [UF_CRM_1688964741] => 
    [UF_CRM_1692611897] => 
    [UF_CRM_1697782220] => 
    [UF_CRM_1697782233] => 
    [UF_CRM_DIRECT_CHECKOUT] => 
)
currentValues: Array
(
    [RQ_LAST_NAME] => {{Фамилия}}
    [RQ_FIRST_NAME] => {{Имя}}
    [RQ_SECOND_NAME] => {{Отчество}}
    [RQ_IDENT_DOC] => Паспорт гражданина Российской Федерации
    [RQ_IDENT_DOC_SER] => {{Серия паспорта}}
    [RQ_IDENT_DOC_NUM] => {{Номер паспорта}}
    [RQ_IDENT_DOC_ISSUED_BY] => {{Кем выдан}}
    [RQ_IDENT_DOC_DATE] => {{Дата выдачи > string}}
    [RQ_IDENT_DOC_DEP_CODE] => {{Код подразделения}}
    [RQ_ADDR] => 
    [RQ_SIGNATURE] => 
    [RQ_STAMP] => 
    [UF_CRM_1684476607] => 
    [UF_CRM_1647929611] => {{Место рождения}}
    [UF_CRM_1684493639] => {{Дата рождения > string}}
    [RQ_INN] => 
    [UF_CRM_1692611956] => 
    [UF_CRM_1697782220] => 
    [UF_CRM_1697782233] => 
    [UF_CRM_1692611897] => 
    [UF_CRM_DIRECT_CHECKOUT] => 
)
currentValues: Array
(
    [RQ_LAST_NAME] => {{Фамилия}}
    [RQ_FIRST_NAME] => {{Имя}}
    [RQ_SECOND_NAME] => {{Отчество}}
    [RQ_INN] => 
    [RQ_OGRNIP] => 
    [RQ_OKPO] => 
    [RQ_OKVED] => 
    [RQ_ADDR] => 
    [RQ_SIGNATURE] => 
    [RQ_STAMP] => 
    [UF_CRM_1684476607] => 
    [UF_CRM_1647929611] => {{Место рождения}}
    [RQ_IDENT_DOC] => Паспорт гражданина Российской Федерации
    [RQ_COMPANY_REG_DATE] => 
    [RQ_IDENT_DOC_SER] => {{Серия паспорта}}
    [RQ_IDENT_DOC_NUM] => {{Номер паспорта}}
    [RQ_IDENT_DOC_ISSUED_BY] => {{Кем выдан}}
    [RQ_IDENT_DOC_DATE] => {{Дата выдачи}}
    [RQ_IDENT_DOC_DEP_CODE] => {{Код подразделения}}
    [UF_CRM_1684493639] => {{Дата рождения}}
    [UF_CRM_1688964741] => 
    [UF_CRM_1692611897] => 
    [UF_CRM_1697782220] => 
    [UF_CRM_1697782233] => Y
    [UF_CRM_DIRECT_CHECKOUT] => 
)
currentValues: Array
(
    [RQ_INN] => {{ИНН}}
    [RQ_COMPANY_NAME] => {{Сокращенное название компании}}
    [RQ_COMPANY_FULL_NAME] => {{Полное наименование компании}}
    [RQ_OGRN] => {{ОГРН}}
    [RQ_KPP] => 
    [RQ_COMPANY_REG_DATE] => 
    [RQ_OKPO] => 
    [RQ_OKTMO] => 
    [RQ_DIRECTOR] => 
    [RQ_ACCOUNTANT] => 
    [RQ_ADDR] => 
    [RQ_SIGNATURE] => 
    [RQ_STAMP] => 
    [UF_CRM_1688964741] => 
    [UF_CRM_1697782220] => 
    [UF_CRM_1697782233] => 
    [UF_CRM_DIRECT_CHECKOUT] => 
)
currentValues: Array
(
    [RQ_LAST_NAME] => {{Фамилия}}
    [RQ_FIRST_NAME] => {{Имя}}
    [RQ_SECOND_NAME] => {{Отчество}}
    [RQ_INN] => 
    [RQ_OGRNIP] => 
    [RQ_OKPO] => 
    [RQ_OKVED] => 
    [RQ_ADDR] => 
    [RQ_SIGNATURE] => 
    [RQ_STAMP] => 
    [UF_CRM_1684476607] => 
    [UF_CRM_1647929611] => {{Место рождения}}
    [RQ_IDENT_DOC] => Паспорт гражданина Российской Федерации
    [RQ_COMPANY_REG_DATE] => 
    [RQ_IDENT_DOC_SER] => {{Серия паспорта}}
    [RQ_IDENT_DOC_NUM] => {{Номер паспорта}}
    [RQ_IDENT_DOC_ISSUED_BY] => {{Кем выдан}}
    [RQ_IDENT_DOC_DATE] => {{Дата выдачи}}
    [RQ_IDENT_DOC_DEP_CODE] => {{Код подразделения}}
    [UF_CRM_1684493639] => {{Дата рождения}}
    [UF_CRM_1688964741] => 
    [UF_CRM_1692611897] => 
    [UF_CRM_1697782220] => 
    [UF_CRM_1697782233] => Y
    [UF_CRM_DIRECT_CHECKOUT] => 
)
currentValues: Array
(
    [RQ_LAST_NAME] => {{Фамилия}}
    [RQ_FIRST_NAME] => {{Имя}}
    [RQ_SECOND_NAME] => {{Отчество}}
    [RQ_INN] => 
    [RQ_OGRNIP] => 
    [RQ_OKPO] => 
    [RQ_OKVED] => 
    [RQ_ADDR] => 
    [RQ_SIGNATURE] => 
    [RQ_STAMP] => 
    [UF_CRM_1684476607] => 
    [UF_CRM_1647929611] => {{Место рождения}}
    [RQ_IDENT_DOC] => Паспорт гражданина Российской Федерации
    [RQ_COMPANY_REG_DATE] => 
    [RQ_IDENT_DOC_SER] => {{Серия паспорта}}
    [RQ_IDENT_DOC_NUM] => {{Номер паспорта}}
    [RQ_IDENT_DOC_ISSUED_BY] => {{Кем выдан}}
    [RQ_IDENT_DOC_DATE] => {{Дата выдачи}}
    [RQ_IDENT_DOC_DEP_CODE] => {{Код подразделения}}
    [UF_CRM_1684493639] => {{Дата рождения}}
    [UF_CRM_1688964741] => 
    [UF_CRM_1692611897] => 
    [UF_CRM_1697782220] => 
    [UF_CRM_1697782233] => Y
    [UF_CRM_DIRECT_CHECKOUT] => 
)
currentValues: Array
(
    [RQ_LAST_NAME] => {{Фамилия}}
    [RQ_FIRST_NAME] => {{Имя}}
    [RQ_SECOND_NAME] => {{Отчество}}
    [RQ_INN] => 
    [RQ_OGRNIP] => 
    [RQ_OKPO] => 
    [RQ_OKVED] => 
    [RQ_ADDR] => 
    [RQ_SIGNATURE] => 
    [RQ_STAMP] => 
    [UF_CRM_1684476607] => 
    [UF_CRM_1647929611] => {{Место рождения}}
    [RQ_IDENT_DOC] => Паспорт гражданина Российской Федерации
    [RQ_COMPANY_REG_DATE] => 
    [RQ_IDENT_DOC_SER] => {{Серия паспорта}}
    [RQ_IDENT_DOC_NUM] => {{Номер паспорта}}
    [RQ_IDENT_DOC_ISSUED_BY] => {{Кем выдан}}
    [RQ_IDENT_DOC_DATE] => {{Дата выдачи > string}}
    [RQ_IDENT_DOC_DEP_CODE] => {{Код подразделения}}
    [UF_CRM_1684493639] => {{Дата рождения > string}}
    [UF_CRM_1688964741] => 
    [UF_CRM_1692611897] => 
    [UF_CRM_1697782220] => 
    [UF_CRM_1697782233] => Y
    [UF_CRM_DIRECT_CHECKOUT] => 
)
currentValues: Array
(
    [RQ_LAST_NAME] => {{Фамилия}}
    [RQ_FIRST_NAME] => {{Имя}}
    [RQ_SECOND_NAME] => {{Отчество}}
    [RQ_INN] => 
    [RQ_OGRNIP] => 
    [RQ_OKPO] => 
    [RQ_OKVED] => 
    [RQ_ADDR] => 
    [RQ_SIGNATURE] => 
    [RQ_STAMP] => 
    [UF_CRM_1684476607] => 
    [UF_CRM_1647929611] => {{Место рождения}}
    [RQ_IDENT_DOC] => Паспорт гражданина Российской Федерации
    [RQ_COMPANY_REG_DATE] => 
    [RQ_IDENT_DOC_SER] => {{Серия паспорта}}
    [RQ_IDENT_DOC_NUM] => {{Номер паспорта}}
    [RQ_IDENT_DOC_ISSUED_BY] => {{Кем выдан}}
    [RQ_IDENT_DOC_DATE] => {{Дата выдачи > string}}
    [RQ_IDENT_DOC_DEP_CODE] => {{Код подразделения}}
    [UF_CRM_1684493639] => {{Дата рождения > string}}
    [UF_CRM_1688964741] => 
    [UF_CRM_1692611897] => 
    [UF_CRM_1697782220] => 
    [UF_CRM_1697782233] => Y
    [UF_CRM_DIRECT_CHECKOUT] => 
)
currentValues: Array
(
    [RQ_LAST_NAME] => {{Фамилия заемщика}}
    [RQ_FIRST_NAME] => {{Имя заемщика}}
    [RQ_SECOND_NAME] => {{Отчество заемщика}}
    [RQ_IDENT_DOC] => Паспорт гражданина Российской Федерации
    [RQ_IDENT_DOC_SER] => {{Серия паспорта заемщика}}
    [RQ_IDENT_DOC_NUM] => {{Номер паспорта заемщика}}
    [RQ_IDENT_DOC_ISSUED_BY] => {{Кем выдан паспорт заемщика}}
    [RQ_IDENT_DOC_DATE] => {{Дата выдачи паспорта заемщика > string}}
    [RQ_IDENT_DOC_DEP_CODE] => {{Код подразделения заемщик}}
    [RQ_ADDR] => 
    [RQ_SIGNATURE] => 
    [RQ_STAMP] => 
    [UF_CRM_1684476607] => {{СНИЛС заемщика (вручную)}}
    [UF_CRM_1647929611] => {{Место рождения заемщика}}
    [UF_CRM_1684493639] => {{Дата рождения заемщика > string}}
    [RQ_INN] => {{ИНН заемщика (вручную)}}
    [UF_CRM_1692611956] => {{Пол (текст)}}
    [UF_CRM_1697782220] => 
    [UF_CRM_1697782233] => 
    [UF_CRM_1692611897] => {{Пол (текст)}}
)
currentValues: Array
(
    [RQ_LAST_NAME] => {{Фамилия заемщика}}
    [RQ_FIRST_NAME] => {{Имя заемщика}}
    [RQ_SECOND_NAME] => {{Отчество заемщика}}
    [RQ_IDENT_DOC] => Паспорт гражданина Российской Федерации
    [RQ_IDENT_DOC_SER] => {{Серия паспорта заемщика}}
    [RQ_IDENT_DOC_NUM] => {{Номер паспорта заемщика}}
    [RQ_IDENT_DOC_ISSUED_BY] => {{Кем выдан паспорт заемщика}}
    [RQ_IDENT_DOC_DATE] => {{Дата выдачи паспорта заемщика > string}}
    [RQ_IDENT_DOC_DEP_CODE] => {{Код подразделения заемщик}}
    [RQ_ADDR] => 
    [RQ_SIGNATURE] => 
    [RQ_STAMP] => 
    [UF_CRM_1684476607] => {{СНИЛС заемщика (вручную)}}
    [UF_CRM_1647929611] => {{Место рождения заемщика}}
    [UF_CRM_1684493639] => {{Дата рождения заемщика > string}}
    [RQ_INN] => {{ИНН заемщика (вручную)}}
    [UF_CRM_1692611956] => {{Пол (текст)}}
    [UF_CRM_1697782220] => 
    [UF_CRM_1697782233] => 
    [UF_CRM_1692611897] => {{Пол (текст)}}
    [UF_CRM_DIRECT_CHECKOUT] => 
)
currentValues: Array
(
    [RQ_LAST_NAME] => {{Фамилия заемщика}}
    [RQ_FIRST_NAME] => {{Имя заемщика}}
    [RQ_SECOND_NAME] => {{Отчество заемщика}}
    [RQ_IDENT_DOC] => Паспорт гражданина Российской Федерации
    [RQ_IDENT_DOC_SER] => {{Серия паспорта заемщика}}
    [RQ_IDENT_DOC_NUM] => {{Номер паспорта заемщика}}
    [RQ_IDENT_DOC_ISSUED_BY] => {{Кем выдан паспорт заемщика}}
    [RQ_IDENT_DOC_DATE] => {{Дата выдачи паспорта заемщика > string}}
    [RQ_IDENT_DOC_DEP_CODE] => {{Код подразделения заемщик}}
    [RQ_ADDR] => 
    [RQ_SIGNATURE] => 
    [RQ_STAMP] => 
    [UF_CRM_1684476607] => {{СНИЛС заемщика (вручную)}}
    [UF_CRM_1647929611] => {{Место рождения заемщика}}
    [UF_CRM_1684493639] => {{Дата рождения заемщика > string}}
    [RQ_INN] => {{ИНН заемщика (вручную)}}
    [UF_CRM_1692611956] => {{Пол (текст)}}
    [UF_CRM_1697782220] => 
    [UF_CRM_1697782233] => 
    [UF_CRM_1692611897] => {{Пол (текст)}}
    [UF_CRM_DIRECT_CHECKOUT] => 
)
currentValues: Array
(
    [RQ_LAST_NAME] => {{Фамилия заемщика}}
    [RQ_FIRST_NAME] => {{Имя заемщика}}
    [RQ_SECOND_NAME] => {{Отчество заемщика}}
    [RQ_IDENT_DOC] => Паспорт гражданина Российской Федерации
    [RQ_IDENT_DOC_SER] => {{Серия паспорта заемщика}}
    [RQ_IDENT_DOC_NUM] => {{Номер паспорта заемщика}}
    [RQ_IDENT_DOC_ISSUED_BY] => {{Кем выдан паспорт заемщика}}
    [RQ_IDENT_DOC_DATE] => {{Дата выдачи паспорта заемщика > string}}
    [RQ_IDENT_DOC_DEP_CODE] => {{Код подразделения заемщик}}
    [RQ_ADDR] => 
    [RQ_SIGNATURE] => 
    [RQ_STAMP] => 
    [UF_CRM_1684476607] => {{СНИЛС заемщика (вручную)}}
    [UF_CRM_1647929611] => {{Место рождения заемщика}}
    [UF_CRM_1684493639] => {{Дата рождения заемщика > string}}
    [RQ_INN] => {{ИНН заемщика (вручную)}}
    [UF_CRM_1692611956] => {{Пол (текст)}}
    [UF_CRM_1697782220] => 
    [UF_CRM_1697782233] => 
    [UF_CRM_1692611897] => {{Пол (текст)}}
    [UF_CRM_DIRECT_CHECKOUT] => 
)
currentValues: Array
(
    [RQ_LAST_NAME] => {{Фамилия заемщика}}
    [RQ_FIRST_NAME] => {{Имя заемщика}}
    [RQ_SECOND_NAME] => {{Отчество заемщика}}
    [RQ_IDENT_DOC] => Паспорт гражданина Российской Федерации
    [RQ_IDENT_DOC_SER] => {{Серия паспорта заемщика}}
    [RQ_IDENT_DOC_NUM] => {{Номер паспорта заемщика}}
    [RQ_IDENT_DOC_ISSUED_BY] => {{Кем выдан паспорт заемщика}}
    [RQ_IDENT_DOC_DATE] => {{Дата выдачи паспорта заемщика > string}}
    [RQ_IDENT_DOC_DEP_CODE] => {{Код подразделения заемщик}}
    [RQ_ADDR] => 
    [RQ_SIGNATURE] => 
    [RQ_STAMP] => 
    [UF_CRM_1684476607] => {{СНИЛС заемщика (вручную)}}
    [UF_CRM_1647929611] => {{Место рождения заемщика}}
    [UF_CRM_1684493639] => {{Дата рождения заемщика > string}}
    [RQ_INN] => {{ИНН заемщика (вручную)}}
    [UF_CRM_1692611956] => {{Пол (текст)}}
    [UF_CRM_1697782220] => 
    [UF_CRM_1697782233] => 
    [UF_CRM_1692611897] => {{Пол (текст)}}
    [UF_CRM_DIRECT_CHECKOUT] => 
)
currentValues: Array
(
    [RQ_LAST_NAME] => {{Фамилия созаемщика}}
    [RQ_FIRST_NAME] => {{Имя созаемщика}}
    [RQ_SECOND_NAME] => {{Отчество созаемщика}}
    [RQ_IDENT_DOC] => Паспорт гражданина Российской Федерации
    [RQ_IDENT_DOC_SER] => {{Серия паспорта созаемщика}}
    [RQ_IDENT_DOC_NUM] => {{Номер паспорта созаемщика}}
    [RQ_IDENT_DOC_ISSUED_BY] => {{Кем выдан паспорт созаемщика}}
    [RQ_IDENT_DOC_DATE] => {{Дата выдачи паспорта созаемщика > string}}
    [RQ_IDENT_DOC_DEP_CODE] => {{Код подразделения паспорта созаемщика}}
    [RQ_ADDR] => 
    [RQ_SIGNATURE] => 
    [RQ_STAMP] => 
    [UF_CRM_1684476607] => 
    [UF_CRM_1647929611] => {{Место рождения созаемщика}}
    [UF_CRM_1684493639] => {{Дата рождения созаемщика > string}}
    [RQ_INN] => 
    [UF_CRM_1692611956] => {{Пол созаемщика (текст)}}
    [UF_CRM_1697782220] => 
    [UF_CRM_1697782233] => 
    [UF_CRM_1692611897] => {{Пол созаемщика (текст)}}
)
currentValues: Array
(
    [RQ_LAST_NAME] => {{Фамилия поручителя 1}}
    [RQ_FIRST_NAME] => {{Имя поручителя 1}}
    [RQ_SECOND_NAME] => {{Отчество поручителя 1}}
    [RQ_IDENT_DOC] => Паспорт гражданина Российской Федерации
    [RQ_IDENT_DOC_SER] => {{Серия паспорта поручителя 1}}
    [RQ_IDENT_DOC_NUM] => {{Номер паспорта поручителя 1}}
    [RQ_IDENT_DOC_ISSUED_BY] => {{Кем выдан паспорт поручителя 1}}
    [RQ_IDENT_DOC_DATE] => {{Дата выдачи паспорта поручителя 1 > string}}
    [RQ_IDENT_DOC_DEP_CODE] => {{Код подразделения поручителя}}
    [RQ_ADDR] => 
    [RQ_SIGNATURE] => 
    [RQ_STAMP] => 
    [UF_CRM_1684476607] => 
    [UF_CRM_1647929611] => {{Место рождения поручителя 1}}
    [UF_CRM_1684493639] => {{Дата рождения поручителя 1 > string}}
    [RQ_INN] => 
    [UF_CRM_1692611956] => {{Пол поручителя 1 (текст)}}
    [UF_CRM_1697782220] => 
    [UF_CRM_1697782233] => 
    [UF_CRM_1692611897] => {{Пол поручителя 1 (текст)}}
)
currentValues: Array
(
    [RQ_LAST_NAME] => {{Фамилия поручителя 2}}
    [RQ_FIRST_NAME] => {{Имя поручителя 2}}
    [RQ_SECOND_NAME] => {{Отчество поручителя 2}}
    [RQ_IDENT_DOC] => Паспорт гражданина Российской Федерации
    [RQ_IDENT_DOC_SER] => {{Серия паспорта поручителя 2}}
    [RQ_IDENT_DOC_NUM] => {{Номер паспорта поручителя 2}}
    [RQ_IDENT_DOC_ISSUED_BY] => {{Кем выдан паспорт поручителя 2}}
    [RQ_IDENT_DOC_DATE] => {{Дата выдачи паспорта поручителя 2 > string}}
    [RQ_IDENT_DOC_DEP_CODE] => {{Код подразделения паспорта поручителя 2}}
    [RQ_ADDR] => 
    [RQ_SIGNATURE] => 
    [RQ_STAMP] => 
    [UF_CRM_1684476607] => 
    [UF_CRM_1647929611] => {{Место рождения поручителя 2}}
    [UF_CRM_1684493639] => {{Дата рождения поручителя 2 > string}}
    [RQ_INN] => 
    [UF_CRM_1692611956] => {{Пол поручителя 2 (текст)}}
    [UF_CRM_1697782220] => 
    [UF_CRM_1697782233] => 
    [UF_CRM_1692611897] => {{Пол поручителя 2 (текст)}}
)
currentValues: Array
(
    [RQ_LAST_NAME] => {{Фамилия поручителя 2}}
    [RQ_FIRST_NAME] => {{Имя поручителя 2}}
    [RQ_SECOND_NAME] => {{Отчество поручителя 2}}
    [RQ_IDENT_DOC] => Паспорт гражданина Российской Федерации
    [RQ_IDENT_DOC_SER] => {{Серия паспорта поручителя 2}}
    [RQ_IDENT_DOC_NUM] => {{Номер паспорта поручителя 2}}
    [RQ_IDENT_DOC_ISSUED_BY] => {{Кем выдан паспорт поручителя 2}}
    [RQ_IDENT_DOC_DATE] => {{Дата выдачи паспорта поручителя 2 > string}}
    [RQ_IDENT_DOC_DEP_CODE] => {{Код подразделения паспорта поручителя 2}}
    [RQ_ADDR] => 
    [RQ_SIGNATURE] => 
    [RQ_STAMP] => 
    [UF_CRM_1684476607] => 
    [UF_CRM_1647929611] => {{Место рождения поручителя 2}}
    [UF_CRM_1684493639] => {{Дата рождения поручителя 2 > string}}
    [RQ_INN] => 
    [UF_CRM_1692611956] => {{Пол поручителя 2 (текст)}}
    [UF_CRM_1697782220] => 
    [UF_CRM_1697782233] => 
    [UF_CRM_1692611897] => {{Пол поручителя 2 (текст)}}
    [UF_CRM_DIRECT_CHECKOUT] => 
)
currentValues: Array
(
    [RQ_LAST_NAME] => {{Фамилия поручителя 3}}
    [RQ_FIRST_NAME] => {{Имя поручителя 3}}
    [RQ_SECOND_NAME] => {{Отчество поручителя 3}}
    [RQ_IDENT_DOC] => Паспорт гражданина Российской Федерации
    [RQ_IDENT_DOC_SER] => {{Серия паспорта поручителя 3}}
    [RQ_IDENT_DOC_NUM] => {{Номер паспорта поручителя 3}}
    [RQ_IDENT_DOC_ISSUED_BY] => {{Кем выдан паспорт поручителя 3}}
    [RQ_IDENT_DOC_DATE] => {{Дата выдачи паспорта поручителя 3 > string}}
    [RQ_IDENT_DOC_DEP_CODE] => {{Код подразделения поручителя 3}}
    [RQ_ADDR] => 
    [RQ_SIGNATURE] => 
    [RQ_STAMP] => 
    [UF_CRM_1684476607] => 
    [UF_CRM_1647929611] => {{Место рождения поручителя 3}}
    [UF_CRM_1684493639] => {{Дата рождения поручителя 3 > string}}
    [RQ_INN] => 
    [UF_CRM_1692611956] => {{Пол поручителя 3 (текст)}}
    [UF_CRM_1697782220] => 
    [UF_CRM_1697782233] => 
    [UF_CRM_1692611897] => {{Пол поручителя 3 (текст)}}
)
currentValues: Array
(
    [RQ_LAST_NAME] => {{Фамилия продавца 1}}
    [RQ_FIRST_NAME] => {{Имя продавца}}
    [RQ_SECOND_NAME] => {{Отчество продавца}}
    [RQ_IDENT_DOC] => Паспорт гражданина Российской Федерации
    [RQ_IDENT_DOC_SER] => {{Серия паспорта продавца}}
    [RQ_IDENT_DOC_NUM] => {{Номер паспорта продавца}}
    [RQ_IDENT_DOC_ISSUED_BY] => {{Кем выдан паспорт продавца}}
    [RQ_IDENT_DOC_DATE] => {{Дата выдачи паспорта продавца > string}}
    [RQ_IDENT_DOC_DEP_CODE] => {{Код подразделения паспорта продавца}}
    [RQ_ADDR] => 
    [RQ_SIGNATURE] => 
    [RQ_STAMP] => 
    [UF_CRM_1684476607] => 
    [UF_CRM_1647929611] => {{Место рождения продавца}}
    [UF_CRM_1684493639] => {{Дата рождения продавца > string}}
    [RQ_INN] => 
    [UF_CRM_1692611956] => {{Пол продавца (текст)}}
    [UF_CRM_1697782220] => 
    [UF_CRM_1697782233] => 
    [UF_CRM_1692611897] => {{Пол продавца (текст)}}
)
currentValues: Array
(
    [RQ_LAST_NAME] => {{Фамилия продавца 1}}
    [RQ_FIRST_NAME] => {{Имя продавца}}
    [RQ_SECOND_NAME] => {{Отчество продавца}}
    [RQ_IDENT_DOC] => Паспорт гражданина Российской Федерации
    [RQ_IDENT_DOC_SER] => {{Серия паспорта продавца}}
    [RQ_IDENT_DOC_NUM] => {{Номер паспорта продавца}}
    [RQ_IDENT_DOC_ISSUED_BY] => {{Кем выдан паспорт продавца}}
    [RQ_IDENT_DOC_DATE] => {{Дата выдачи паспорта продавца > string}}
    [RQ_IDENT_DOC_DEP_CODE] => {{Код подразделения паспорта продавца}}
    [RQ_ADDR] => 
    [RQ_SIGNATURE] => 
    [RQ_STAMP] => 
    [UF_CRM_1684476607] => 
    [UF_CRM_1647929611] => {{Место рождения продавца}}
    [UF_CRM_1684493639] => {{Дата рождения продавца > string}}
    [RQ_INN] => 
    [UF_CRM_1692611956] => {{Пол продавца (текст)}}
    [UF_CRM_1697782220] => 
    [UF_CRM_1697782233] => 
    [UF_CRM_1692611897] => {{Пол продавца (текст)}}
    [UF_CRM_DIRECT_CHECKOUT] => 
)
currentValues: Array
(
    [RQ_LAST_NAME] => {{Фамилия продавца 1}}
    [RQ_FIRST_NAME] => {{Имя продавца}}
    [RQ_SECOND_NAME] => {{Отчество продавца}}
    [RQ_IDENT_DOC] => Паспорт гражданина Российской Федерации
    [RQ_IDENT_DOC_SER] => {{Серия паспорта продавца}}
    [RQ_IDENT_DOC_NUM] => {{Номер паспорта продавца}}
    [RQ_IDENT_DOC_ISSUED_BY] => {{Кем выдан паспорт продавца}}
    [RQ_IDENT_DOC_DATE] => {{Дата выдачи паспорта продавца > string}}
    [RQ_IDENT_DOC_DEP_CODE] => {{Код подразделения паспорта продавца}}
    [RQ_ADDR] => 
    [RQ_SIGNATURE] => 
    [RQ_STAMP] => 
    [UF_CRM_1684476607] => 
    [UF_CRM_1647929611] => {{Место рождения продавца}}
    [UF_CRM_1684493639] => {{Дата рождения продавца > string}}
    [RQ_INN] => 
    [UF_CRM_1692611956] => {{Пол продавца (текст)}}
    [UF_CRM_1697782220] => 
    [UF_CRM_1697782233] => 
    [UF_CRM_1692611897] => {{Пол продавца (текст)}}
    [UF_CRM_DIRECT_CHECKOUT] => 
)
currentValues: Array
(
    [RQ_LAST_NAME] => {{Фамилия продавца 2}}
    [RQ_FIRST_NAME] => {{Имя продавца 2}}
    [RQ_SECOND_NAME] => {{Отчество продавца 2}}
    [RQ_IDENT_DOC] => Паспорт гражданина Российской Федерации
    [RQ_IDENT_DOC_SER] => {{Серия паспорта продавца 2}}
    [RQ_IDENT_DOC_NUM] => {{Номер паспорта продавца 2}}
    [RQ_IDENT_DOC_ISSUED_BY] => {{Кем выдан паспорт продавца 2}}
    [RQ_IDENT_DOC_DATE] => {{Дата выдачи паспорта продавца 2 > string}}
    [RQ_IDENT_DOC_DEP_CODE] => {{Код подразделения паспорта продавца 2}}
    [RQ_ADDR] => 
    [RQ_SIGNATURE] => 
    [RQ_STAMP] => 
    [UF_CRM_1684476607] => 
    [UF_CRM_1647929611] => {{Место рождения продавца 2}}
    [UF_CRM_1684493639] => {{Дата рождения продавца 2 > string}}
    [RQ_INN] => 
    [UF_CRM_1692611956] => {{Пол продавца 2 (текст)}}
    [UF_CRM_1697782220] => 
    [UF_CRM_1697782233] => 
    [UF_CRM_1692611897] => {{Пол продавца 2 (текст)}}
)
currentValues: Array
(
    [RQ_LAST_NAME] => {{Фамилия продавца 3}}
    [RQ_FIRST_NAME] => {{Имя продавца 3}}
    [RQ_SECOND_NAME] => {{Отчество продавца 3}}
    [RQ_IDENT_DOC] => Паспорт гражданина Российской Федерации
    [RQ_IDENT_DOC_SER] => {{Серия паспорта продавца 3}}
    [RQ_IDENT_DOC_NUM] => {{Номер паспорта продавца 3}}
    [RQ_IDENT_DOC_ISSUED_BY] => {{Кем выдан паспорт продавца 3}}
    [RQ_IDENT_DOC_DATE] => {{Дата выдачи паспорта продавца 3 > string}}
    [RQ_IDENT_DOC_DEP_CODE] => {{Код подразделения паспорта продавца 3}}
    [RQ_ADDR] => 
    [RQ_SIGNATURE] => 
    [RQ_STAMP] => 
    [UF_CRM_1684476607] => 
    [UF_CRM_1647929611] => {{Место рождения продавца 3}}
    [UF_CRM_1684493639] => {{Дата рождения продавца 3 > string}}
    [RQ_INN] => 
    [UF_CRM_1692611956] => {{Пол продавца 3 (текст)}}
    [UF_CRM_1697782220] => 
    [UF_CRM_1697782233] => 
    [UF_CRM_1692611897] => {{Пол продавца 3 (текст)}}
)
currentValues: Array
(
    [RQ_INN] => 
    [RQ_COMPANY_NAME] => 
    [RQ_COMPANY_FULL_NAME] => 
    [RQ_OGRN] => 
    [RQ_KPP] => 
    [RQ_COMPANY_REG_DATE] => 
    [RQ_OKPO] => 
    [RQ_OKTMO] => 
    [RQ_DIRECTOR] => 
    [RQ_ACCOUNTANT] => 
    [RQ_ADDR] => 
    [RQ_SIGNATURE] => 
    [RQ_STAMP] => 
    [UF_CRM_1688964741] => 
    [UF_CRM_1697782220] => 
    [UF_CRM_1697782233] => 
    [UF_CRM_DIRECT_CHECKOUT] => 
)
currentValues: Array
(
    [RQ_LAST_NAME] => {{Фамилия}}
    [RQ_FIRST_NAME] => {{Имя}}
    [RQ_SECOND_NAME] => {{Отчество}}
    [RQ_IDENT_DOC] => Паспорт гражданина Российской Федерации
    [RQ_IDENT_DOC_SER] => {{Серия паспорта}}
    [RQ_IDENT_DOC_NUM] => {{Номер паспорта}}
    [RQ_IDENT_DOC_ISSUED_BY] => {{Кем выдан}}
    [RQ_IDENT_DOC_DATE] => {{Дата выдачи > string}}
    [RQ_IDENT_DOC_DEP_CODE] => {{Код подразделения}}
    [RQ_ADDR] => 
    [RQ_SIGNATURE] => 
    [RQ_STAMP] => 
    [UF_CRM_1684476607] => 
    [UF_CRM_1647929611] => {{Место рождения}}
    [UF_CRM_1684493639] => {{Дата рождения > string}}
    [RQ_INN] => 
    [UF_CRM_1692611956] => 
    [UF_CRM_1697782220] => 
    [UF_CRM_1697782233] => 
    [UF_CRM_1692611897] => 
    [UF_CRM_DIRECT_CHECKOUT] => 
)
currentValues: Array
(
)
currentValues: Array
(
)
currentValues: Array
(
)
currentValues: Array
(
    [RQ_LAST_NAME] => {{Фамилия}}
    [RQ_FIRST_NAME] => {{Имя}}
    [RQ_SECOND_NAME] => {{Отчество}}
    [RQ_INN] => 
    [RQ_OGRNIP] => 
    [RQ_OKPO] => 
    [RQ_OKVED] => 
    [RQ_ADDR] => 
    [RQ_SIGNATURE] => 
    [RQ_STAMP] => 
    [UF_CRM_1684476607] => 
    [UF_CRM_1647929611] => {{Место рождения}}
    [RQ_IDENT_DOC] => Паспорт гражданина Российской Федерации
    [RQ_COMPANY_REG_DATE] => 
    [RQ_IDENT_DOC_SER] => {{Серия паспорта}}
    [RQ_IDENT_DOC_NUM] => {{Номер паспорта}}
    [RQ_IDENT_DOC_ISSUED_BY] => {{Кем выдан}}
    [RQ_IDENT_DOC_DATE] => {{Дата выдачи > string}}
    [RQ_IDENT_DOC_DEP_CODE] => {{Код подразделения}}
    [UF_CRM_1684493639] => {{Дата рождения > string}}
    [UF_CRM_1688964741] => 
    [UF_CRM_1692611897] => 
    [UF_CRM_1697782220] => 
    [UF_CRM_1697782233] => Y
    [UF_CRM_DIRECT_CHECKOUT] => 
)
currentValues: Array
(
    [RQ_LAST_NAME] => {{Фамилия}}
    [RQ_FIRST_NAME] => {{Имя}}
    [RQ_SECOND_NAME] => {{Отчество}}
    [RQ_IDENT_DOC] => Паспорт гражданина Российской Федерации
    [RQ_IDENT_DOC_SER] => {{Серия паспорта}}
    [RQ_IDENT_DOC_NUM] => {{Номер паспорта}}
    [RQ_IDENT_DOC_ISSUED_BY] => {{Кем выдан}}
    [RQ_IDENT_DOC_DATE] => {{Дата выдачи > string}}
    [RQ_IDENT_DOC_DEP_CODE] => {{Код подразделения}}
    [RQ_ADDR] => 
    [RQ_SIGNATURE] => 
    [RQ_STAMP] => 
    [UF_CRM_1684476607] => 
    [UF_CRM_1647929611] => {{Место рождения}}
    [UF_CRM_1684493639] => {{Дата рождения > string}}
    [RQ_INN] => 
    [UF_CRM_1692611956] => 
    [UF_CRM_1697782220] => 
    [UF_CRM_1697782233] => 
    [UF_CRM_1692611897] => 
    [UF_CRM_DIRECT_CHECKOUT] => 
)
currentValues: Array
(
    [RQ_LAST_NAME] => 
    [RQ_FIRST_NAME] => 
    [RQ_SECOND_NAME] => 
    [RQ_INN] => {{ИНН ▲}}
    [RQ_OGRNIP] => 
    [RQ_OKPO] => 
    [RQ_OKVED] => 
    [RQ_ADDR] => 
    [RQ_SIGNATURE] => 
    [RQ_STAMP] => 
    [UF_CRM_1684476607] => 
    [UF_CRM_1647929611] => 
    [RQ_IDENT_DOC] => 
    [RQ_COMPANY_REG_DATE] => 
    [RQ_IDENT_DOC_SER] => 
    [RQ_IDENT_DOC_NUM] => 
    [RQ_IDENT_DOC_ISSUED_BY] => 
    [RQ_IDENT_DOC_DATE] => 
    [RQ_IDENT_DOC_DEP_CODE] => 
    [UF_CRM_1684493639] => 
    [UF_CRM_1688964741] => 
    [UF_CRM_1692611897] => 
    [UF_CRM_1697782220] => 
    [UF_CRM_1697782233] => 
    [UF_CRM_DIRECT_CHECKOUT] => 
)
currentValues: Array
(
    [RQ_LAST_NAME] => 
    [RQ_FIRST_NAME] => 
    [RQ_SECOND_NAME] => 
    [RQ_INN] => {{ИНН ▲}}
    [RQ_OGRNIP] => 
    [RQ_OKPO] => 
    [RQ_OKVED] => 
    [RQ_ADDR] => 
    [RQ_SIGNATURE] => 
    [RQ_STAMP] => 
    [UF_CRM_1684476607] => 
    [UF_CRM_1647929611] => 
    [RQ_IDENT_DOC] => 
    [RQ_COMPANY_REG_DATE] => 
    [RQ_IDENT_DOC_SER] => 
    [RQ_IDENT_DOC_NUM] => 
    [RQ_IDENT_DOC_ISSUED_BY] => 
    [RQ_IDENT_DOC_DATE] => 
    [RQ_IDENT_DOC_DEP_CODE] => 
    [UF_CRM_1684493639] => 
    [UF_CRM_1688964741] => 
    [UF_CRM_1692611897] => 
    [UF_CRM_1697782220] => 
    [UF_CRM_1697782233] => 
    [UF_CRM_DIRECT_CHECKOUT] => 
)
currentValues: Array
(
)
currentValues: Array
(
    [RQ_LAST_NAME] => 
    [RQ_FIRST_NAME] => 
    [RQ_SECOND_NAME] => 
    [RQ_INN] => {{ИНН ▲}}
    [RQ_OGRNIP] => 
    [RQ_OKPO] => 
    [RQ_OKVED] => 
    [RQ_ADDR] => 
    [RQ_SIGNATURE] => 
    [RQ_STAMP] => 
    [UF_CRM_1684476607] => 
    [UF_CRM_1647929611] => 
    [RQ_IDENT_DOC] => 
    [RQ_COMPANY_REG_DATE] => 
    [RQ_IDENT_DOC_SER] => 
    [RQ_IDENT_DOC_NUM] => 
    [RQ_IDENT_DOC_ISSUED_BY] => 
    [RQ_IDENT_DOC_DATE] => 
    [RQ_IDENT_DOC_DEP_CODE] => 
    [UF_CRM_1684493639] => 
    [UF_CRM_1688964741] => 
    [UF_CRM_1692611897] => 
    [UF_CRM_1697782220] => 
    [UF_CRM_1697782233] => 
    [UF_CRM_DIRECT_CHECKOUT] => 
)
currentValues: Array
(
    [RQ_LAST_NAME] => 
    [RQ_FIRST_NAME] => 
    [RQ_SECOND_NAME] => 
    [RQ_INN] => {{ИНН ▲}}
    [RQ_OGRNIP] => 
    [RQ_OKPO] => 
    [RQ_OKVED] => 
    [RQ_ADDR] => 
    [RQ_SIGNATURE] => 
    [RQ_STAMP] => 
    [UF_CRM_1684476607] => 
    [UF_CRM_1647929611] => 
    [RQ_IDENT_DOC] => 
    [RQ_COMPANY_REG_DATE] => 
    [RQ_IDENT_DOC_SER] => 
    [RQ_IDENT_DOC_NUM] => 
    [RQ_IDENT_DOC_ISSUED_BY] => 
    [RQ_IDENT_DOC_DATE] => 
    [RQ_IDENT_DOC_DEP_CODE] => 
    [UF_CRM_1684493639] => 
    [UF_CRM_1688964741] => 
    [UF_CRM_1692611897] => 
    [UF_CRM_1697782220] => 
    [UF_CRM_1697782233] => 
    [UF_CRM_DIRECT_CHECKOUT] => 
)
currentValues: Array
(
    [RQ_LAST_NAME] => 
    [RQ_FIRST_NAME] => 
    [RQ_SECOND_NAME] => 
    [RQ_INN] => {{ИНН ▲}}
    [RQ_OGRNIP] => 
    [RQ_OKPO] => 
    [RQ_OKVED] => 
    [RQ_ADDR] => 
    [RQ_SIGNATURE] => 
    [RQ_STAMP] => 
    [UF_CRM_1684476607] => 
    [UF_CRM_1647929611] => 
    [RQ_IDENT_DOC] => 
    [RQ_COMPANY_REG_DATE] => 
    [RQ_IDENT_DOC_SER] => 
    [RQ_IDENT_DOC_NUM] => 
    [RQ_IDENT_DOC_ISSUED_BY] => 
    [RQ_IDENT_DOC_DATE] => 
    [RQ_IDENT_DOC_DEP_CODE] => 
    [UF_CRM_1684493639] => 
    [UF_CRM_1688964741] => 
    [UF_CRM_1692611897] => 
    [UF_CRM_1697782220] => 
    [UF_CRM_1697782233] => 
    [UF_CRM_DIRECT_CHECKOUT] => 
)
currentValues: Array
(
    [RQ_INN] => {{ИНН ▲}}
    [RQ_COMPANY_NAME] => 
    [RQ_COMPANY_FULL_NAME] => 
    [RQ_OGRN] => 
    [RQ_KPP] => 
    [RQ_COMPANY_REG_DATE] => 
    [RQ_OKPO] => 
    [RQ_OKTMO] => 
    [RQ_DIRECTOR] => 
    [RQ_ACCOUNTANT] => 
    [RQ_ADDR] => 
    [RQ_SIGNATURE] => 
    [RQ_STAMP] => 
    [UF_CRM_1688964741] => 
    [UF_CRM_1697782220] => 
    [UF_CRM_1697782233] => 
    [UF_CRM_DIRECT_CHECKOUT] => 
)
currentValues: Array
(
    [RQ_LAST_NAME] => 
    [RQ_FIRST_NAME] => 
    [RQ_SECOND_NAME] => 
    [RQ_INN] => {{ИНН ▲}}
    [RQ_OGRNIP] => 
    [RQ_OKPO] => 
    [RQ_OKVED] => 
    [RQ_ADDR] => 
    [RQ_SIGNATURE] => 
    [RQ_STAMP] => 
    [UF_CRM_1684476607] => 
    [UF_CRM_1647929611] => 
    [RQ_IDENT_DOC] => 
    [RQ_COMPANY_REG_DATE] => 
    [RQ_IDENT_DOC_SER] => 
    [RQ_IDENT_DOC_NUM] => 
    [RQ_IDENT_DOC_ISSUED_BY] => 
    [RQ_IDENT_DOC_DATE] => 
    [RQ_IDENT_DOC_DEP_CODE] => 
    [UF_CRM_1684493639] => 
    [UF_CRM_1688964741] => 
    [UF_CRM_1692611897] => 
    [UF_CRM_1697782220] => 
    [UF_CRM_1697782233] => 
    [UF_CRM_DIRECT_CHECKOUT] => 
)
