Field ID: 0, Value: {=Document:UF_MK_LASTNAME}
Field ID: 1, Value: {=Document:UF_MK_FIRSTNAME}
Field ID: 2, Value: {=Document:UF_MK_MIDDLENAME}
Field ID: 3, Value: Паспорт гражданина Российской Федерации
Field ID: 4, Value: {=Document:UF_CRM_MK_PASSPORT_SERIYA_ZAEMSCHIK}
Field ID: 5, Value: {=Document:UF_CRM_MK_NOMER_PASSPORT_ZAEMSCHIK}
Field ID: 6, Value: {=Document:UF_CRM_MK_WHOM_TAKEN_PASSPORT_ZAEMSCHIK}
Field ID: 7, Value: {=Document:UF_CRM_MK_DATE_TAKEN_ZAEMSCHIK > string}
Field ID: 8, Value: {=Document:UF_CRM_MK_CODE_PASSPORT_ZAEMSCHIK}
Field ID: 9, Value: 
Field ID: 11, Value: 
Field ID: 12, Value: 
Field ID: 14, Value: {=Document:UF_CRM_MK_SNILS_ZAEMSCHIK}
Field ID: 15, Value: {=Document:UF_CRM_MK_PLACE_OF_BIRTH_ZAEMSCHIK}
Field ID: 16, Value: {=Document:UF_CRM_MK_DATEOF_BIRTH_ZAEMSCHIK > string}
Field ID: 17, Value: {=Document:UF_CRM_MK_INN_ZAEMSCHIK}
Field ID: 18, Value: {=Document:UF_CRM_MK_GENDER_PRINTABLE}
Field ID: 19, Value: 
Field ID: 20, Value: 
Field ID: 21, Value: {=Document:UF_CRM_MK_GENDER_PRINTABLE}
Field ID: 0, Value: {=Document:UF_CRM_MK_LASTNAME_SOZAEMSCHIK}
Field ID: 1, Value: {=Document:UF_CRM_MK_NAME_SOZAEMSCHIK}
Field ID: 2, Value: {=Document:UF_CRM_MK_MIDDLENAME_SOZAEMSCHIK}
Field ID: 3, Value: Паспорт гражданина Российской Федерации
Field ID: 4, Value: {=Document:UF_CRM_MK_SOZAEMSCHIK_SERIYA}
Field ID: 5, Value: {=Document:UF_CRM_MK_SOZAEMSCHIK_NOMER}
Field ID: 6, Value: {=Document:UF_CRM_MK_SOZAEMSCHIK_WHOM_TAKEN}
Field ID: 7, Value: {=Document:UF_CRM_MK_SOZAEMSCHIK_DATE_OF_TAKEN > string}
Field ID: 8, Value: {=Document:UF_CRM_MK_SOZAEMSCHIK_CODE}
Field ID: 9, Value: 
Field ID: 11, Value: 
Field ID: 12, Value: 
Field ID: 14, Value: 
Field ID: 15, Value: {=Document:UF_CRM_MK_PLACE_OF_BIRTH_SOZAEMSCHIK}
Field ID: 16, Value: {=Document:UF_CRM_MK_DATE_OF_BIRTH_SOZAEMSCHIK > string}
Field ID: 17, Value: 
Field ID: 18, Value: {=Document:UF_CRM_MK_SOZAEMSCHIK_GENDER_PRINTABLE}
Field ID: 19, Value: 
Field ID: 20, Value: 
Field ID: 21, Value: {=Document:UF_CRM_MK_SOZAEMSCHIK_GENDER_PRINTABLE}
Field ID: 0, Value: {=Document:UF_CRM_MK_PORUCHITEL_LASTNAME}
Field ID: 1, Value: {=Document:UF_CRM_MK_PORUCHITEL_NAME}
Field ID: 2, Value: {=Document:UF_CRM_MK_PORUCHITEL_MIDDLENAME}
Field ID: 3, Value: Паспорт гражданина Российской Федерации
Field ID: 4, Value: {=Document:UF_CRM_MK_PASSPORT_SERIYA_PORUCHITEL}
Field ID: 5, Value: {=Document:UF_CRM_MK_NOMER_PASSPORT_PORUCHITEL}
Field ID: 6, Value: {=Document:UF_CRM_MK_WHOM_TAKEN_PASSPORT_PORUCHITEL}
Field ID: 7, Value: {=Document:UF_CRM_MK_DATE_TAKEN_PORUCHITEL > string}
Field ID: 8, Value: {=Document:UF_CRM_MK_CODE_PASSPORT_PORUCHITEL}
Field ID: 9, Value: 
Field ID: 11, Value: 
Field ID: 12, Value: 
Field ID: 14, Value: 
Field ID: 15, Value: {=Document:UF_CRM_MK_PORUCHITEL_PLACE_OF_BIRTH}
Field ID: 16, Value: {=Document:UF_CRM_MK_PORUCHITEL_DATE_OF_BIRTH > string}
Field ID: 17, Value: 
Field ID: 18, Value: {=Document:UF_CRM_MK_PORUCHITEL_GENDER_PRINTABLE}
Field ID: 19, Value: 
Field ID: 20, Value: 
Field ID: 21, Value: {=Document:UF_CRM_MK_PORUCHITEL_GENDER_PRINTABLE}
Field ID: 0, Value: {=Document:UF_CRM_MK_PORUCHITEL_LASTNAME_2}
Field ID: 1, Value: {=Document:UF_CRM_MK_PORUCHITEL_NAME_2}
Field ID: 2, Value: {=Document:UF_CRM_MK_PORUCHITEL_MIDDLENAME_2}
Field ID: 3, Value: Паспорт гражданина Российской Федерации
Field ID: 4, Value: {=Document:UF_CRM_MK_PASSPORT_SERIYA_PORUCHITEL_2}
Field ID: 5, Value: {=Document:UF_CRM_MK_NOMER_PASSPORT_PORUCHITEL_2}
Field ID: 6, Value: {=Document:UF_CRM_MK_WHOM_TAKEN_PASSPORT_PORUCHITEL_2}
Field ID: 7, Value: {=Document:UF_CRM_MK_DATE_TAKEN_PORUCHITEL_2 > string}
Field ID: 8, Value: {=Document:UF_CRM_MK_CODE_PASSPORT_PORUCHITEL_2}
Field ID: 9, Value: 
Field ID: 11, Value: 
Field ID: 12, Value: 
Field ID: 14, Value: 
Field ID: 15, Value: {=Document:UF_CRM_MK_PORUCHITEL_PLACE_OF_BIRTH_2}
Field ID: 16, Value: {=Document:UF_CRM_MK_PORUCHITEL_DATE_OF_BIRTH_2 > string}
Field ID: 17, Value: 
Field ID: 18, Value: {=Document:UF_CRM_MK_PORUCHITEL_GENDER_2_PRINTABLE}
Field ID: 19, Value: 
Field ID: 20, Value: 
Field ID: 21, Value: {=Document:UF_CRM_MK_PORUCHITEL_GENDER_2_PRINTABLE}
Field ID: 0, Value: {=Document:UF_CRM_MK_PORUCHITEL_LASTNAME_3}
Field ID: 1, Value: {=Document:UF_CRM_MK_PORUCHITEL_NAME_3}
Field ID: 2, Value: {=Document:UF_CRM_MK_PORUCHITEL_MIDDLENAME_3}
Field ID: 3, Value: Паспорт гражданина Российской Федерации
Field ID: 4, Value: {=Document:UF_CRM_MK_PASSPORT_SERIYA_PORUCHITEL_3}
Field ID: 5, Value: {=Document:UF_CRM_MK_NOMER_PASSPORT_PORUCHITEL_3}
Field ID: 6, Value: {=Document:UF_CRM_MK_WHOM_TAKEN_PASSPORT_PORUCHITEL_3}
Field ID: 7, Value: {=Document:UF_CRM_MK_DATE_TAKEN_PORUCHITEL_3 > string}
Field ID: 8, Value: {=Document:UF_CRM_MK_CODE_PASSPORT_PORUCHITEL_3}
Field ID: 9, Value: 
Field ID: 11, Value: 
Field ID: 12, Value: 
Field ID: 14, Value: 
Field ID: 15, Value: {=Document:UF_CRM_MK_PORUCHITEL_PLACE_OF_BIRTH_3}
Field ID: 16, Value: {=Document:UF_CRM_MK_PORUCHITEL_DATE_OF_BIRTH_3 > string}
Field ID: 17, Value: 
Field ID: 18, Value: {=Document:UF_CRM_MK_PORUCHITEL_GENDER_3_PRINTABLE}
Field ID: 19, Value: 
Field ID: 20, Value: 
Field ID: 21, Value: {=Document:UF_CRM_MK_PORUCHITEL_GENDER_3_PRINTABLE}
Field ID: 0, Value: {=Document:UF_CRM_MK_SELLER_LASTNAME}
Field ID: 1, Value: {=Document:UF_CRM_MK_SELLER_NAME}
Field ID: 2, Value: {=Document:UF_CRM_MK_SELLER_MIDDLENAME}
Field ID: 3, Value: Паспорт гражданина Российской Федерации
Field ID: 4, Value: {=Document:UF_CRM_MK_SELLER_SERIYA}
Field ID: 5, Value: {=Document:UF_CRM_MK_SELLER_NOMER}
Field ID: 6, Value: {=Document:UF_CRM_MK_SELLER_WHOM_TAKEN}
Field ID: 7, Value: {=Document:UF_CRM_MK_SELLER_DATE_TAKEN > string}
Field ID: 8, Value: {=Document:UF_CRM_MK_SELLER_CODE_PASSPORT}
Field ID: 9, Value: 
Field ID: 11, Value: 
Field ID: 12, Value: 
Field ID: 14, Value: 
Field ID: 15, Value: {=Document:UF_CRM_MK_SELLER_PLACE_OF_BIRTH}
Field ID: 16, Value: {=Document:UF_CRM_MK_SELLER_DATE_OF_BIRTH > string}
Field ID: 17, Value: 
Field ID: 18, Value: {=Document:UF_CRM_MK_SELLER_GENDER_PRINTABLE}
Field ID: 19, Value: 
Field ID: 20, Value: 
Field ID: 21, Value: {=Document:UF_CRM_MK_SELLER_GENDER_PRINTABLE}
Field ID: 0, Value: {=Document:UF_CRM_MK_SELLER_LASTNAME_2}
Field ID: 1, Value: {=Document:UF_CRM_MK_SELLER_NAME_2}
Field ID: 2, Value: {=Document:UF_CRM_MK_SELLER_MIDDLENAME_2}
Field ID: 3, Value: Паспорт гражданина Российской Федерации
Field ID: 4, Value: {=Document:UF_CRM_MK_SELLER_SERIYA_2}
Field ID: 5, Value: {=Document:UF_CRM_MK_SELLER_NOMER_2}
Field ID: 6, Value: {=Document:UF_CRM_MK_SELLER_WHOM_TAKEN_2}
Field ID: 7, Value: {=Document:UF_CRM_MK_SELLER_DATE_TAKEN_2 > string}
Field ID: 8, Value: {=Document:UF_CRM_MK_SELLER_CODE_PASSPORT_2}
Field ID: 9, Value: 
Field ID: 11, Value: 
Field ID: 12, Value: 
Field ID: 14, Value: 
Field ID: 15, Value: {=Document:UF_CRM_MK_SELLER_PLACE_OF_BIRTH_2}
Field ID: 16, Value: {=Document:UF_CRM_MK_SELLER_DATE_OF_BIRTH_2 > string}
Field ID: 17, Value: 
Field ID: 18, Value: {=Document:UF_CRM_MK_SELLER_GENDER_2_PRINTABLE}
Field ID: 19, Value: 
Field ID: 20, Value: 
Field ID: 21, Value: {=Document:UF_CRM_MK_SELLER_GENDER_2_PRINTABLE}
Field ID: 0, Value: {=Document:UF_CRM_MK_SELLER_LASTNAME_3}
Field ID: 1, Value: {=Document:UF_CRM_MK_SELLER_NAME_3}
Field ID: 2, Value: {=Document:UF_CRM_MK_SELLER_MIDDLENAME_3}
Field ID: 3, Value: Паспорт гражданина Российской Федерации
Field ID: 4, Value: {=Document:UF_CRM_MK_SELLER_SERIYA_3}
Field ID: 5, Value: {=Document:UF_CRM_MK_SELLER_NOMER_3}
Field ID: 6, Value: {=Document:UF_CRM_MK_SELLER_WHOM_TAKEN_3}
Field ID: 7, Value: {=Document:UF_CRM_MK_SELLER_DATE_TAKEN_3 > string}
Field ID: 8, Value: {=Document:UF_CRM_MK_SELLER_CODE_PASSPORT_3}
Field ID: 9, Value: 
Field ID: 11, Value: 
Field ID: 12, Value: 
Field ID: 14, Value: 
Field ID: 15, Value: {=Document:UF_CRM_MK_SELLER_PLACE_OF_BIRTH_3}
Field ID: 16, Value: {=Document:UF_CRM_MK_SELLER_DATE_OF_BIRTH_3 > string}
Field ID: 17, Value: 
Field ID: 18, Value: {=Document:UF_CRM_MK_SELLER_GENDER_3_PRINTABLE}
Field ID: 19, Value: 
Field ID: 20, Value: 
Field ID: 21, Value: {=Document:UF_CRM_MK_SELLER_GENDER_3_PRINTABLE}
Field ID: 0, Value: 
Field ID: 1, Value: 
Field ID: 2, Value: 
Field ID: 3, Value: 
Field ID: 4, Value: 
Field ID: 5, Value: 
Field ID: 6, Value: 
Field ID: 7, Value: 
Field ID: 8, Value: 
Field ID: 9, Value: 
Field ID: 10, Value: {=Document:UF_CRM_63_1690760047832}
Field ID: 11, Value: 
Field ID: 12, Value: 
Field ID: 13, Value: 
Field ID: 14, Value: 
Field ID: 15, Value: 
Field ID: 0, Value: 
Field ID: 1, Value: 
Field ID: 2, Value: 
Field ID: 3, Value: 
Field ID: 4, Value: 
Field ID: 5, Value: 
Field ID: 6, Value: 
Field ID: 7, Value: 
Field ID: 8, Value: 
Field ID: 9, Value: 
Field ID: 10, Value: 
Field ID: 11, Value: 
Field ID: 12, Value: 
Field ID: 13, Value: 
Field ID: 14, Value: 
Field ID: 15, Value: 
Field ID: 0, Value: {=Document:UF_MK_LASTNAME}
Field ID: 1, Value: {=Document:UF_MK_FIRSTNAME}
Field ID: 2, Value: {=Document:UF_MK_MIDDLENAME}
Field ID: 3, Value: Паспорт Гражданина Российской Федерации
Field ID: 4, Value: {=Document:UF_CRM_MK_SELLER_SERIYA}
Field ID: 5, Value: {=Document:UF_CRM_MK_SELLER_NOMER}
Field ID: 6, Value: {=Document:UF_CRM_MK_SELLER_WHOM_TAKEN}
Field ID: 7, Value: {=Document:UF_CRM_MK_SELLER_DATE_TAKEN}
Field ID: 8, Value: {=Document:UF_CRM_MK_SELLER_CODE_PASSPORT}
Field ID: 9, Value: 
Field ID: 11, Value: 
Field ID: 12, Value: 
Field ID: 14, Value: 
Field ID: 15, Value: {=Document:UF_CRM_MK_SELLER_PLACE_OF_BIRTH}
Field ID: 16, Value: {=Document:UF_CRM_MK_SELLER_DATE_OF_BIRTH}
Field ID: 17, Value: 
Field ID: 18, Value: {=Document:UF_CRM_MK_SELLER_GENDER}
Field ID: 19, Value: 
Field ID: 20, Value: 
Field ID: 21, Value: {=Document:UF_CRM_MK_SELLER_GENDER}
Field ID: 22, Value: 
Field ID: 0, Value: {=Document:UF_MK_LASTNAME}
Field ID: 1, Value: {=Document:UF_MK_FIRSTNAME}
Field ID: 2, Value: {=Document:UF_MK_MIDDLENAME}
Field ID: 3, Value: Паспорт Гражданина Российской Федерации
Field ID: 4, Value: {=Document:UF_CRM_MK_SELLER_SERIYA}
Field ID: 5, Value: {=Document:UF_CRM_MK_SELLER_NOMER}
Field ID: 6, Value: {=Document:UF_CRM_MK_SELLER_WHOM_TAKEN}
Field ID: 7, Value: {=Document:UF_CRM_MK_SELLER_DATE_TAKEN}
Field ID: 8, Value: {=Document:UF_CRM_MK_SELLER_CODE_PASSPORT}
Field ID: 9, Value: 
Field ID: 11, Value: 
Field ID: 12, Value: 
Field ID: 14, Value: 
Field ID: 15, Value: {=Document:UF_CRM_MK_SELLER_PLACE_OF_BIRTH}
Field ID: 16, Value: {=Document:UF_CRM_MK_SELLER_DATE_OF_BIRTH}
Field ID: 17, Value: 
Field ID: 18, Value: {=Document:UF_CRM_MK_SELLER_GENDER_PRINTABLE}
Field ID: 19, Value: 
Field ID: 20, Value: 
Field ID: 21, Value: {=Document:UF_CRM_MK_SELLER_GENDER_PRINTABLE}
Field ID: 22, Value: 
Field ID: 0, Value: 
Field ID: 1, Value: 
Field ID: 2, Value: 
Field ID: 3, Value: 
Field ID: 4, Value: 
Field ID: 5, Value: 
Field ID: 6, Value: 
Field ID: 7, Value: 
Field ID: 8, Value: 
Field ID: 9, Value: 
Field ID: 10, Value: {=Document:UF_CRM_39_1669718581}
Field ID: 11, Value: 
Field ID: 12, Value: 
Field ID: 13, Value: 
Field ID: 14, Value: 
Field ID: 15, Value: 
Field ID: 16, Value: 
Field ID: 0, Value: 
Field ID: 1, Value: 
Field ID: 2, Value: 
Field ID: 3, Value: 
Field ID: 4, Value: 
Field ID: 5, Value: 
Field ID: 6, Value: 
Field ID: 7, Value: 
Field ID: 8, Value: 
Field ID: 9, Value: 
Field ID: 10, Value: 
Field ID: 11, Value: 
Field ID: 12, Value: 
Field ID: 13, Value: 
Field ID: 14, Value: 
Field ID: 15, Value: 
Field ID: 16, Value: 
Field ID: 0, Value: 
Field ID: 1, Value: 
Field ID: 2, Value: 
Field ID: 3, Value: 
Field ID: 4, Value: 
Field ID: 5, Value: 
Field ID: 6, Value: 
Field ID: 7, Value: 
Field ID: 8, Value: 
Field ID: 9, Value: 
Field ID: 10, Value: 
Field ID: 11, Value: 
Field ID: 12, Value: 
Field ID: 13, Value: 
Field ID: 14, Value: 
Field ID: 15, Value: 
Field ID: 16, Value: 
Field ID: 0, Value: 
Field ID: 1, Value: 
Field ID: 2, Value: 
Field ID: 3, Value: 
Field ID: 4, Value: 
Field ID: 5, Value: 
Field ID: 6, Value: 
Field ID: 7, Value: 
Field ID: 8, Value: 
Field ID: 9, Value: 
Field ID: 10, Value: 
Field ID: 11, Value: 
Field ID: 12, Value: 
Field ID: 13, Value: 
Field ID: 14, Value: 
Field ID: 15, Value: 
Field ID: 16, Value: 
Field ID: 0, Value: 
Field ID: 1, Value: 
Field ID: 2, Value: 
Field ID: 3, Value: 
Field ID: 4, Value: 
Field ID: 5, Value: 
Field ID: 6, Value: 
Field ID: 7, Value: 
Field ID: 8, Value: 
Field ID: 9, Value: 
Field ID: 10, Value: 
Field ID: 11, Value: 
Field ID: 12, Value: 
Field ID: 13, Value: 
Field ID: 14, Value: 
Field ID: 15, Value: 
Field ID: 16, Value: 
Field ID: 0, Value: {=A28106_72292_40597_46961:RQ_LAST_NAME}
Field ID: 1, Value: 
Field ID: 2, Value: 
Field ID: 3, Value: 
Field ID: 4, Value: 
Field ID: 5, Value: 
Field ID: 6, Value: 
Field ID: 7, Value: 
Field ID: 8, Value: 
Field ID: 9, Value: 
Field ID: 11, Value: 
Field ID: 12, Value: 
Field ID: 14, Value: 
Field ID: 15, Value: 
Field ID: 16, Value: 
Field ID: 17, Value: 
Field ID: 18, Value: 
Field ID: 19, Value: 
Field ID: 20, Value: 
Field ID: 21, Value: 
Field ID: 22, Value: 
Field ID: 0, Value: {=A28106_72292_40597_46961:RQ_FIRST_NAME}{=A28106_72292_40597_46961:RQ_LAST_NAME}
Field ID: 1, Value: 
Field ID: 2, Value: 
Field ID: 3, Value: 
Field ID: 4, Value: 
Field ID: 5, Value: 
Field ID: 6, Value: 
Field ID: 7, Value: 
Field ID: 8, Value: 
Field ID: 9, Value: 
Field ID: 11, Value: 
Field ID: 12, Value: 
Field ID: 14, Value: 
Field ID: 15, Value: 
Field ID: 16, Value: 
Field ID: 17, Value: 
Field ID: 18, Value: 
Field ID: 19, Value: 
Field ID: 20, Value: 
Field ID: 21, Value: 
Field ID: 22, Value: 
Field ID: 0, Value: {=A28106_72292_40597_46961:RQ_LAST_NAME}
Field ID: 1, Value: 
Field ID: 2, Value: 
Field ID: 3, Value: 
Field ID: 4, Value: 
Field ID: 5, Value: 
Field ID: 6, Value: 
Field ID: 7, Value: 
Field ID: 8, Value: 
Field ID: 9, Value: 
Field ID: 11, Value: 
Field ID: 12, Value: 
Field ID: 14, Value: 
Field ID: 15, Value: 
Field ID: 16, Value: 
Field ID: 17, Value: 
Field ID: 18, Value: 
Field ID: 19, Value: 
Field ID: 20, Value: 
Field ID: 21, Value: 
Field ID: 22, Value: 
Field ID: 0, Value: {=A28106_72292_40597_46961:RQ_LAST_NAME}
Field ID: 1, Value: {=A28106_72292_40597_46961:RQ_FIRST_NAME}
Field ID: 2, Value: 
Field ID: 3, Value: 
Field ID: 4, Value: 
Field ID: 5, Value: 
Field ID: 6, Value: 
Field ID: 7, Value: 
Field ID: 8, Value: 
Field ID: 9, Value: 
Field ID: 11, Value: 
Field ID: 12, Value: 
Field ID: 14, Value: 
Field ID: 15, Value: 
Field ID: 16, Value: 
Field ID: 17, Value: 
Field ID: 18, Value: 
Field ID: 19, Value: 
Field ID: 20, Value: 
Field ID: 21, Value: 
Field ID: 22, Value: 
Field ID: 0, Value: {=A28106_72292_40597_46961:RQ_LAST_NAME}
Field ID: 1, Value: {=A28106_72292_40597_46961:RQ_FIRST_NAME}
Field ID: 2, Value: {=A28106_72292_40597_46961:RQ_SECOND_NAME}
Field ID: 3, Value: {=A28106_72292_40597_46961:RQ_IDENT_DOC}
Field ID: 4, Value: 
Field ID: 5, Value: 
Field ID: 6, Value: 
Field ID: 7, Value: 
Field ID: 8, Value: 
Field ID: 9, Value: 
Field ID: 11, Value: 
Field ID: 12, Value: 
Field ID: 14, Value: 
Field ID: 15, Value: 
Field ID: 16, Value: 
Field ID: 17, Value: 
Field ID: 18, Value: 
Field ID: 19, Value: 
Field ID: 20, Value: 
Field ID: 21, Value: 
Field ID: 22, Value: 
Field ID: 0, Value: {=A28106_72292_40597_46961:RQ_LAST_NAME}
Field ID: 1, Value: {=A28106_72292_40597_46961:RQ_FIRST_NAME}
Field ID: 2, Value: {=A28106_72292_40597_46961:RQ_SECOND_NAME}
Field ID: 3, Value: {=A28106_72292_40597_46961:RQ_IDENT_DOC}
Field ID: 4, Value: {=A28106_72292_40597_46961:RQ_IDENT_DOC_SER}
Field ID: 5, Value: {=A28106_72292_40597_46961:RQ_IDENT_DOC_NUM}
Field ID: 6, Value: {=A28106_72292_40597_46961:RQ_IDENT_DOC_ISSUED_BY}
Field ID: 7, Value: {=A28106_72292_40597_46961:RQ_IDENT_DOC_DATE}
Field ID: 8, Value: {=A28106_72292_40597_46961:RQ_IDENT_DOC_DEP_CODE}
Field ID: 9, Value: 
Field ID: 11, Value: 
Field ID: 12, Value: 
Field ID: 14, Value: 
Field ID: 15, Value: {=A28106_72292_40597_46961:UF_CRM_1647929611}
Field ID: 16, Value: {=A28106_72292_40597_46961:UF_CRM_1684493639}
Field ID: 17, Value: {=A28106_72292_40597_46961:RQ_INN}
Field ID: 18, Value: 
Field ID: 19, Value: 
Field ID: 20, Value: 
Field ID: 21, Value: 
Field ID: 22, Value: 
Field ID: 0, Value: {=Document:UF_CRM_MK_PORUCHITEL_LASTNAME}
Field ID: 1, Value: {=Document:UF_CRM_MK_PORUCHITEL_NAME}
Field ID: 2, Value: {=Document:UF_CRM_MK_PORUCHITEL_MIDDLENAME}
Field ID: 3, Value: Паспорт гражданина Российской Федерации
Field ID: 4, Value: {=Document:UF_CRM_MK_PASSPORT_SERIYA_PORUCHITEL}
Field ID: 5, Value: {=Document:UF_CRM_MK_NOMER_PASSPORT_PORUCHITEL}
Field ID: 6, Value: {=Document:UF_CRM_MK_WHOM_TAKEN_PASSPORT_PORUCHITEL}
Field ID: 7, Value: {=Document:UF_CRM_MK_DATE_TAKEN_PORUCHITEL > string}
Field ID: 8, Value: {=Document:UF_CRM_MK_CODE_PASSPORT_PORUCHITEL}
Field ID: 9, Value: 
Field ID: 11, Value: 
Field ID: 12, Value: 
Field ID: 14, Value: 
Field ID: 15, Value: {=Document:UF_CRM_MK_PORUCHITEL_PLACE_OF_BIRTH}
Field ID: 16, Value: {=Document:UF_CRM_MK_PORUCHITEL_DATE_OF_BIRTH > string}
Field ID: 17, Value: 
Field ID: 18, Value: {=Document:UF_CRM_MK_PORUCHITEL_GENDER_PRINTABLE}
Field ID: 19, Value: 
Field ID: 20, Value: 
Field ID: 21, Value: {=Document:UF_CRM_MK_PORUCHITEL_GENDER_PRINTABLE}
Field ID: 22, Value: 
Field ID: 0, Value: {=Document:UF_CRM_MK_SELLER_LASTNAME}
Field ID: 1, Value: {=Document:UF_CRM_MK_SELLER_NAME}
Field ID: 2, Value: {=Document:UF_CRM_MK_SELLER_MIDDLENAME}
Field ID: 3, Value: Паспорт гражданина Российской Федерации
Field ID: 4, Value: {=Document:UF_CRM_MK_SELLER_SERIYA}
Field ID: 5, Value: {=Document:UF_CRM_MK_SELLER_NOMER}
Field ID: 6, Value: {=Document:UF_CRM_MK_SELLER_WHOM_TAKEN}
Field ID: 7, Value: {=Document:UF_CRM_MK_SELLER_DATE_TAKEN > string}
Field ID: 8, Value: {=Document:UF_CRM_MK_SELLER_CODE_PASSPORT}
Field ID: 9, Value: 
Field ID: 11, Value: 
Field ID: 12, Value: 
Field ID: 14, Value: 
Field ID: 15, Value: {=Document:UF_CRM_MK_SELLER_PLACE_OF_BIRTH}
Field ID: 16, Value: {=Document:UF_CRM_MK_SELLER_DATE_OF_BIRTH > string}
Field ID: 17, Value: 
Field ID: 18, Value: {=Document:UF_CRM_MK_SELLER_GENDER_PRINTABLE}
Field ID: 19, Value: 
Field ID: 20, Value: 
Field ID: 21, Value: {=Document:UF_CRM_MK_SELLER_GENDER_PRINTABLE}
Field ID: 22, Value: 
Field ID: 0, Value: {=Document:UF_CRM_MK_SELLER_LASTNAME}
Field ID: 1, Value: {=Document:UF_CRM_MK_SELLER_NAME}
Field ID: 2, Value: {=Document:UF_CRM_MK_SELLER_MIDDLENAME}
Field ID: 3, Value: Паспорт гражданина Российской Федерации
Field ID: 4, Value: {=Document:UF_CRM_MK_SELLER_SERIYA}
Field ID: 5, Value: {=Document:UF_CRM_MK_SELLER_NOMER}
Field ID: 6, Value: {=Document:UF_CRM_MK_SELLER_WHOM_TAKEN}
Field ID: 7, Value: {=Document:UF_CRM_MK_SELLER_DATE_TAKEN > string}
Field ID: 8, Value: {=Document:UF_CRM_MK_SELLER_CODE_PASSPORT}
Field ID: 9, Value: 
Field ID: 11, Value: 
Field ID: 12, Value: 
Field ID: 14, Value: 
Field ID: 15, Value: {=Document:UF_CRM_MK_SELLER_PLACE_OF_BIRTH}
Field ID: 16, Value: {=Document:UF_CRM_MK_SELLER_DATE_OF_BIRTH > string}
Field ID: 17, Value: 
Field ID: 18, Value: {=Document:UF_CRM_MK_SELLER_GENDER_PRINTABLE}
Field ID: 19, Value: 
Field ID: 20, Value: 
Field ID: 21, Value: {=Document:UF_CRM_MK_SELLER_GENDER_PRINTABLE}
Field ID: 22, Value: 
Field ID: 0, Value: {=Document:UF_CRM_92_FULLNAME}
Field ID: 1, Value: {=Document:UF_CRM_92_NAME}
Field ID: 2, Value: {=Document:UF_CRM_92_MIDDLENAME}
Field ID: 3, Value: Паспорт гражданина Российской Федерации
Field ID: 4, Value: {=Document:UF_CRM_92_SERIAPASSPORT}
Field ID: 5, Value: {=Document:UF_CRM_92_NOMERPASSPORT}
Field ID: 6, Value: {=Document:UF_CRM_92_WHOMTAKEN}
Field ID: 7, Value: {=Document:UF_CRM_92_DATETAKEN}
Field ID: 8, Value: {=Document:UF_CRM_92_CODEDEPARTMENT}
Field ID: 9, Value: 
Field ID: 11, Value: 
Field ID: 12, Value: 
Field ID: 14, Value: 
Field ID: 15, Value: {=Document:UF_CRM_92_PLACE_BIRTH}
Field ID: 16, Value: {=Document:UF_CRM_92_BIRTH_DATE}
Field ID: 17, Value: 
Field ID: 18, Value: 
Field ID: 19, Value: 
Field ID: 20, Value: 
Field ID: 21, Value: 
Field ID: 22, Value: 
Field ID: 0, Value: {=Document:UF_CRM_92_FULLNAME}
Field ID: 1, Value: {=Document:UF_CRM_92_NAME}
Field ID: 2, Value: {=Document:UF_CRM_92_MIDDLENAME}
Field ID: 3, Value: Паспорт гражданина Российской Федерации
Field ID: 4, Value: {=Document:UF_CRM_92_SERIAPASSPORT}
Field ID: 5, Value: {=Document:UF_CRM_92_NOMERPASSPORT}
Field ID: 6, Value: {=Document:UF_CRM_92_WHOMTAKEN}
Field ID: 7, Value: {=Document:UF_CRM_92_DATETAKEN}
Field ID: 8, Value: {=Document:UF_CRM_92_CODEDEPARTMENT}
Field ID: 9, Value: 
Field ID: 11, Value: 
Field ID: 12, Value: 
Field ID: 14, Value: 
Field ID: 15, Value: {=Document:UF_CRM_92_PLACE_BIRTH}
Field ID: 16, Value: {=Document:UF_CRM_92_BIRTH_DATE}
Field ID: 17, Value: 
Field ID: 18, Value: 
Field ID: 19, Value: 
Field ID: 20, Value: 
Field ID: 21, Value: 
Field ID: 22, Value: 
Field ID: 0, Value: {=Document:UF_CRM_92_FULLNAME}
Field ID: 1, Value: {=Document:UF_CRM_92_NAME}
Field ID: 2, Value: {=Document:UF_CRM_92_MIDDLENAME}
Field ID: 3, Value: Паспорт гражданина Российской Федерации
Field ID: 4, Value: {=Document:UF_CRM_92_SERIAPASSPORT}
Field ID: 5, Value: {=Document:UF_CRM_92_NOMERPASSPORT}
Field ID: 6, Value: {=Document:UF_CRM_92_WHOMTAKEN}
Field ID: 7, Value: {=Document:UF_CRM_92_DATETAKEN}
Field ID: 8, Value: {=Document:UF_CRM_92_CODEDEPARTMENT}
Field ID: 9, Value: 
Field ID: 11, Value: 
Field ID: 12, Value: 
Field ID: 14, Value: 
Field ID: 15, Value: {=Document:UF_CRM_92_PLACE_BIRTH}
Field ID: 16, Value: {=Document:UF_CRM_92_BIRTH_DATE}
Field ID: 17, Value: 
Field ID: 18, Value: 
Field ID: 19, Value: 
Field ID: 20, Value: 
Field ID: 21, Value: 
Field ID: 22, Value: 
Field ID: 0, Value: {=Document:UF_CRM_92_FULLNAME}
Field ID: 1, Value: {=Document:UF_CRM_92_NAME}
Field ID: 2, Value: {=Document:UF_CRM_92_MIDDLENAME}
Field ID: 3, Value: Паспорт гражданина Российской Федерации
Field ID: 4, Value: {=Document:UF_CRM_92_SERIAPASSPORT}
Field ID: 5, Value: {=Document:UF_CRM_92_NOMERPASSPORT}
Field ID: 6, Value: {=Document:UF_CRM_92_WHOMTAKEN}
Field ID: 7, Value: {=Document:UF_CRM_92_DATETAKEN}
Field ID: 8, Value: {=Document:UF_CRM_92_CODEDEPARTMENT}
Field ID: 9, Value: 
Field ID: 11, Value: 
Field ID: 12, Value: 
Field ID: 14, Value: 
Field ID: 15, Value: {=Document:UF_CRM_92_PLACE_BIRTH}
Field ID: 16, Value: {=Document:UF_CRM_92_BIRTH_DATE}
Field ID: 17, Value: 
Field ID: 18, Value: 
Field ID: 19, Value: 
Field ID: 20, Value: 
Field ID: 21, Value: 
Field ID: 22, Value: 
Field ID: 0, Value: {=Document:UF_CRM_92_FULLNAME}
Field ID: 1, Value: {=Document:UF_CRM_92_NAME}
Field ID: 2, Value: {=Document:UF_CRM_92_MIDDLENAME}
Field ID: 3, Value: Паспорт гражданина Российской Федерации
Field ID: 4, Value: {=Document:UF_CRM_92_SERIAPASSPORT}
Field ID: 5, Value: {=Document:UF_CRM_92_NOMERPASSPORT}
Field ID: 6, Value: {=Document:UF_CRM_92_WHOMTAKEN}
Field ID: 7, Value: {=Document:UF_CRM_92_DATETAKEN > string}
Field ID: 8, Value: {=Document:UF_CRM_92_CODEDEPARTMENT}
Field ID: 9, Value: 
Field ID: 11, Value: 
Field ID: 12, Value: 
Field ID: 14, Value: 
Field ID: 15, Value: {=Document:UF_CRM_92_PLACE_BIRTH}
Field ID: 16, Value: {=Document:UF_CRM_92_BIRTH_DATE > string}
Field ID: 17, Value: 
Field ID: 18, Value: 
Field ID: 19, Value: 
Field ID: 20, Value: 
Field ID: 21, Value: 
Field ID: 22, Value: 
Field ID: 0, Value: {=Document:UF_CRM_92_FULLNAME}
Field ID: 1, Value: {=Document:UF_CRM_92_NAME}
Field ID: 2, Value: {=Document:UF_CRM_92_MIDDLENAME}
Field ID: 3, Value: Паспорт гражданина Российской Федерации
Field ID: 4, Value: {=Document:UF_CRM_92_SERIAPASSPORT}
Field ID: 5, Value: {=Document:UF_CRM_92_NOMERPASSPORT}
Field ID: 6, Value: {=Document:UF_CRM_92_WHOMTAKEN}
Field ID: 7, Value: {=Document:UF_CRM_92_DATETAKEN > string}
Field ID: 8, Value: {=Document:UF_CRM_92_CODEDEPARTMENT}
Field ID: 9, Value: 
Field ID: 11, Value: 
Field ID: 12, Value: 
Field ID: 14, Value: 
Field ID: 15, Value: {=Document:UF_CRM_92_PLACE_BIRTH}
Field ID: 16, Value: {=Document:UF_CRM_92_BIRTH_DATE > string}
Field ID: 17, Value: 
Field ID: 18, Value: 
Field ID: 19, Value: 
Field ID: 20, Value: 
Field ID: 21, Value: 
Field ID: 22, Value: 
Field ID: 0, Value: {=Document:UF_CRM_92_FULLNAME}
Field ID: 1, Value: {=Document:UF_CRM_92_NAME}
Field ID: 2, Value: {=Document:UF_CRM_92_MIDDLENAME}
Field ID: 3, Value: Паспорт гражданина Российской Федерации
Field ID: 4, Value: {=Document:UF_CRM_92_SERIAPASSPORT}
Field ID: 5, Value: {=Document:UF_CRM_92_NOMERPASSPORT}
Field ID: 6, Value: {=Document:UF_CRM_92_WHOMTAKEN}
Field ID: 7, Value: {=Document:UF_CRM_92_DATETAKEN > string}
Field ID: 8, Value: {=Document:UF_CRM_92_CODEDEPARTMENT}
Field ID: 9, Value: 
Field ID: 11, Value: 
Field ID: 12, Value: 
Field ID: 14, Value: 
Field ID: 15, Value: {=Document:UF_CRM_92_PLACE_BIRTH}
Field ID: 16, Value: {=Document:UF_CRM_92_BIRTH_DATE > string}
Field ID: 17, Value: 
Field ID: 18, Value: 
Field ID: 19, Value: 
Field ID: 20, Value: 
Field ID: 21, Value: 
Field ID: 22, Value: 
Field ID: 0, Value: {=Document:UF_CRM_92_FULLNAME}
Field ID: 1, Value: {=Document:UF_CRM_92_NAME}
Field ID: 2, Value: {=Document:UF_CRM_92_MIDDLENAME}
Field ID: 3, Value: Паспорт гражданина Российской Федерации
Field ID: 4, Value: {=Document:UF_CRM_92_SERIAPASSPORT}
Field ID: 5, Value: {=Document:UF_CRM_92_NOMERPASSPORT}
Field ID: 6, Value: {=Document:UF_CRM_92_WHOMTAKEN}
Field ID: 7, Value: {=Document:UF_CRM_92_DATETAKEN > string}
Field ID: 8, Value: {=Document:UF_CRM_92_CODEDEPARTMENT}
Field ID: 9, Value: 
Field ID: 11, Value: 
Field ID: 12, Value: 
Field ID: 14, Value: 
Field ID: 15, Value: {=Document:UF_CRM_92_PLACE_BIRTH}
Field ID: 16, Value: {=Document:UF_CRM_92_BIRTH_DATE > string}
Field ID: 17, Value: 
Field ID: 18, Value: 
Field ID: 19, Value: 
Field ID: 20, Value: 
Field ID: 21, Value: 
Field ID: 22, Value: 
Field ID: 0, Value: {=Document:UF_CRM_92_INN}
Field ID: 1, Value: {=Document:UF_CRM_92_ABRENAMECOMPANY}
Field ID: 2, Value: {=Document:UF_CRM_92_FULLNAMECOMPANY}
Field ID: 3, Value: {=Document:UF_CRM_92_OGRN}
Field ID: 4, Value: 
Field ID: 5, Value: 
Field ID: 6, Value: 
Field ID: 7, Value: 
Field ID: 8, Value: 
Field ID: 9, Value: 
Field ID: 10, Value: 
Field ID: 11, Value: 
Field ID: 12, Value: 
Field ID: 13, Value: 
Field ID: 14, Value: 
Field ID: 15, Value: 
Field ID: 16, Value: 
Field ID: 0, Value: {=Document:UF_CRM_92_FULLNAME}
Field ID: 1, Value: {=Document:UF_CRM_92_NAME}
Field ID: 2, Value: {=Document:UF_CRM_92_MIDDLENAME}
Field ID: 3, Value: 
Field ID: 4, Value: 
Field ID: 5, Value: 
Field ID: 6, Value: 
Field ID: 7, Value: 
Field ID: 8, Value: 
Field ID: 9, Value: 
Field ID: 10, Value: 
Field ID: 12, Value: {=Document:UF_CRM_92_PLACE_BIRTH}
Field ID: 13, Value: Паспорт гражданина Российской Федерации
Field ID: 14, Value: 
Field ID: 15, Value: {=Document:UF_CRM_92_SERIAPASSPORT}
Field ID: 16, Value: {=Document:UF_CRM_92_NOMERPASSPORT}
Field ID: 17, Value: {=Document:UF_CRM_92_WHOMTAKEN}
Field ID: 18, Value: {=Document:UF_CRM_92_DATETAKEN}
Field ID: 19, Value: {=Document:UF_CRM_92_CODEDEPARTMENT}
Field ID: 20, Value: {=Document:UF_CRM_92_BIRTH_DATE}
Field ID: 22, Value: 
Field ID: 23, Value: 
Field ID: 25, Value: 
Field ID: 26, Value: 
Field ID: 27, Value: 
Field ID: 0, Value: {=Document:UF_CRM_92_FULLNAME}
Field ID: 1, Value: {=Document:UF_CRM_92_NAME}
Field ID: 2, Value: {=Document:UF_CRM_92_MIDDLENAME}
Field ID: 3, Value: 
Field ID: 4, Value: 
Field ID: 5, Value: 
Field ID: 6, Value: 
Field ID: 7, Value: 
Field ID: 8, Value: 
Field ID: 9, Value: 
Field ID: 10, Value: 
Field ID: 12, Value: {=Document:UF_CRM_92_PLACE_BIRTH}
Field ID: 13, Value: Паспорт гражданина Российской Федерации
Field ID: 14, Value: 
Field ID: 15, Value: {=Document:UF_CRM_92_SERIAPASSPORT}
Field ID: 16, Value: {=Document:UF_CRM_92_NOMERPASSPORT}
Field ID: 17, Value: {=Document:UF_CRM_92_WHOMTAKEN}
Field ID: 18, Value: {=Document:UF_CRM_92_DATETAKEN}
Field ID: 19, Value: {=Document:UF_CRM_92_CODEDEPARTMENT}
Field ID: 20, Value: {=Document:UF_CRM_92_BIRTH_DATE}
Field ID: 22, Value: 
Field ID: 23, Value: 
Field ID: 25, Value: 
Field ID: 26, Value: Y
Field ID: 27, Value: 
Field ID: 0, Value: {=Document:UF_CRM_92_INN}
Field ID: 1, Value: {=Document:UF_CRM_92_ABRENAMECOMPANY}
Field ID: 2, Value: {=Document:UF_CRM_92_FULLNAMECOMPANY}
Field ID: 3, Value: {=Document:UF_CRM_92_OGRN}
Field ID: 4, Value: 
Field ID: 5, Value: 
Field ID: 6, Value: 
Field ID: 7, Value: 
Field ID: 8, Value: 
Field ID: 9, Value: 
Field ID: 10, Value: 
Field ID: 11, Value: 
Field ID: 12, Value: 
Field ID: 13, Value: 
Field ID: 14, Value: 
Field ID: 15, Value: 
Field ID: 16, Value: 
Field ID: 0, Value: {=Document:UF_CRM_92_FULLNAME}
Field ID: 1, Value: {=Document:UF_CRM_92_NAME}
Field ID: 2, Value: {=Document:UF_CRM_92_MIDDLENAME}
Field ID: 3, Value: 
Field ID: 4, Value: 
Field ID: 5, Value: 
Field ID: 6, Value: 
Field ID: 7, Value: 
Field ID: 8, Value: 
Field ID: 9, Value: 
Field ID: 10, Value: 
Field ID: 12, Value: {=Document:UF_CRM_92_PLACE_BIRTH}
Field ID: 13, Value: Паспорт гражданина Российской Федерации
Field ID: 14, Value: 
Field ID: 15, Value: {=Document:UF_CRM_92_SERIAPASSPORT}
Field ID: 16, Value: {=Document:UF_CRM_92_NOMERPASSPORT}
Field ID: 17, Value: {=Document:UF_CRM_92_WHOMTAKEN}
Field ID: 18, Value: {=Document:UF_CRM_92_DATETAKEN}
Field ID: 19, Value: {=Document:UF_CRM_92_CODEDEPARTMENT}
Field ID: 20, Value: {=Document:UF_CRM_92_BIRTH_DATE}
Field ID: 22, Value: 
Field ID: 23, Value: 
Field ID: 25, Value: 
Field ID: 26, Value: Y
Field ID: 27, Value: 
Field ID: 0, Value: {=Document:UF_CRM_92_FULLNAME}
Field ID: 1, Value: {=Document:UF_CRM_92_NAME}
Field ID: 2, Value: {=Document:UF_CRM_92_MIDDLENAME}
Field ID: 3, Value: 
Field ID: 4, Value: 
Field ID: 5, Value: 
Field ID: 6, Value: 
Field ID: 7, Value: 
Field ID: 8, Value: 
Field ID: 9, Value: 
Field ID: 10, Value: 
Field ID: 12, Value: {=Document:UF_CRM_92_PLACE_BIRTH}
Field ID: 13, Value: Паспорт гражданина Российской Федерации
Field ID: 14, Value: 
Field ID: 15, Value: {=Document:UF_CRM_92_SERIAPASSPORT}
Field ID: 16, Value: {=Document:UF_CRM_92_NOMERPASSPORT}
Field ID: 17, Value: {=Document:UF_CRM_92_WHOMTAKEN}
Field ID: 18, Value: {=Document:UF_CRM_92_DATETAKEN > string}
Field ID: 19, Value: {=Document:UF_CRM_92_CODEDEPARTMENT}
Field ID: 20, Value: {=Document:UF_CRM_92_BIRTH_DATE > string}
Field ID: 22, Value: 
Field ID: 23, Value: 
Field ID: 25, Value: 
Field ID: 26, Value: Y
Field ID: 27, Value: 
Field ID: 0, Value: {=Document:UF_MK_LASTNAME}
Field ID: 1, Value: {=Document:UF_MK_FIRSTNAME}
Field ID: 2, Value: {=Document:UF_MK_MIDDLENAME}
Field ID: 3, Value: Паспорт гражданина Российской Федерации
Field ID: 4, Value: {=Document:UF_CRM_MK_PASSPORT_SERIYA_ZAEMSCHIK}
Field ID: 5, Value: {=Document:UF_CRM_MK_NOMER_PASSPORT_ZAEMSCHIK}
Field ID: 6, Value: {=Document:UF_CRM_MK_WHOM_TAKEN_PASSPORT_ZAEMSCHIK}
Field ID: 7, Value: {=Document:UF_CRM_MK_DATE_TAKEN_ZAEMSCHIK > string}
Field ID: 8, Value: {=Document:UF_CRM_MK_CODE_PASSPORT_ZAEMSCHIK}
Field ID: 9, Value: 
Field ID: 11, Value: 
Field ID: 12, Value: 
Field ID: 14, Value: {=Document:UF_CRM_MK_SNILS_ZAEMSCHIK}
Field ID: 15, Value: {=Document:UF_CRM_MK_PLACE_OF_BIRTH_ZAEMSCHIK}
Field ID: 16, Value: {=Document:UF_CRM_MK_DATEOF_BIRTH_ZAEMSCHIK > string}
Field ID: 17, Value: {=Document:UF_CRM_MK_INN_ZAEMSCHIK}
Field ID: 18, Value: {=Document:UF_CRM_MK_GENDER_PRINTABLE}
Field ID: 19, Value: 
Field ID: 20, Value: 
Field ID: 21, Value: {=Document:UF_CRM_MK_GENDER_PRINTABLE}
Field ID: 22, Value: 
Field ID: 0, Value: {=Document:UF_MK_LASTNAME}
Field ID: 1, Value: {=Document:UF_MK_FIRSTNAME}
Field ID: 2, Value: {=Document:UF_MK_MIDDLENAME}
Field ID: 3, Value: Паспорт гражданина Российской Федерации
Field ID: 4, Value: {=Document:UF_CRM_MK_PASSPORT_SERIYA_ZAEMSCHIK}
Field ID: 5, Value: {=Document:UF_CRM_MK_NOMER_PASSPORT_ZAEMSCHIK}
Field ID: 6, Value: {=Document:UF_CRM_MK_WHOM_TAKEN_PASSPORT_ZAEMSCHIK}
Field ID: 7, Value: {=Document:UF_CRM_MK_DATE_TAKEN_ZAEMSCHIK > string}
Field ID: 8, Value: {=Document:UF_CRM_MK_CODE_PASSPORT_ZAEMSCHIK}
Field ID: 9, Value: 
Field ID: 11, Value: 
Field ID: 12, Value: 
Field ID: 14, Value: {=Document:UF_CRM_MK_SNILS_ZAEMSCHIK}
Field ID: 15, Value: {=Document:UF_CRM_MK_PLACE_OF_BIRTH_ZAEMSCHIK}
Field ID: 16, Value: {=Document:UF_CRM_MK_DATEOF_BIRTH_ZAEMSCHIK > string}
Field ID: 17, Value: {=Document:UF_CRM_MK_INN_ZAEMSCHIK}
Field ID: 18, Value: {=Document:UF_CRM_MK_GENDER_PRINTABLE}
Field ID: 19, Value: 
Field ID: 20, Value: 
Field ID: 21, Value: {=Document:UF_CRM_MK_GENDER_PRINTABLE}
Field ID: 22, Value: 
Field ID: 0, Value: {=Document:UF_MK_LASTNAME}
Field ID: 1, Value: {=Document:UF_MK_FIRSTNAME}
Field ID: 2, Value: {=Document:UF_MK_MIDDLENAME}
Field ID: 3, Value: Паспорт гражданина Российской Федерации
Field ID: 4, Value: {=Document:UF_CRM_MK_PASSPORT_SERIYA_ZAEMSCHIK}
Field ID: 5, Value: {=Document:UF_CRM_MK_NOMER_PASSPORT_ZAEMSCHIK}
Field ID: 6, Value: {=Document:UF_CRM_MK_WHOM_TAKEN_PASSPORT_ZAEMSCHIK}
Field ID: 7, Value: {=Document:UF_CRM_MK_DATE_TAKEN_ZAEMSCHIK > string}
Field ID: 8, Value: {=Document:UF_CRM_MK_CODE_PASSPORT_ZAEMSCHIK}
Field ID: 9, Value: 
Field ID: 11, Value: 
Field ID: 12, Value: 
Field ID: 14, Value: {=Document:UF_CRM_MK_SNILS_ZAEMSCHIK}
Field ID: 15, Value: {=Document:UF_CRM_MK_PLACE_OF_BIRTH_ZAEMSCHIK}
Field ID: 16, Value: {=Document:UF_CRM_MK_DATEOF_BIRTH_ZAEMSCHIK > string}
Field ID: 17, Value: {=Document:UF_CRM_MK_INN_ZAEMSCHIK}
Field ID: 18, Value: {=Document:UF_CRM_MK_GENDER_PRINTABLE}
Field ID: 19, Value: 
Field ID: 20, Value: 
Field ID: 21, Value: {=Document:UF_CRM_MK_GENDER_PRINTABLE}
Field ID: 22, Value: 
Field ID: 0, Value: {=Document:UF_MK_LASTNAME}
Field ID: 1, Value: {=Document:UF_MK_FIRSTNAME}
Field ID: 2, Value: {=Document:UF_MK_MIDDLENAME}
Field ID: 3, Value: Паспорт гражданина Российской Федерации
Field ID: 4, Value: {=Document:UF_CRM_MK_PASSPORT_SERIYA_ZAEMSCHIK}
Field ID: 5, Value: {=Document:UF_CRM_MK_NOMER_PASSPORT_ZAEMSCHIK}
Field ID: 6, Value: {=Document:UF_CRM_MK_WHOM_TAKEN_PASSPORT_ZAEMSCHIK}
Field ID: 7, Value: {=Document:UF_CRM_MK_DATE_TAKEN_ZAEMSCHIK > string}
Field ID: 8, Value: {=Document:UF_CRM_MK_CODE_PASSPORT_ZAEMSCHIK}
Field ID: 9, Value: 
Field ID: 11, Value: 
Field ID: 12, Value: 
Field ID: 14, Value: {=Document:UF_CRM_MK_SNILS_ZAEMSCHIK}
Field ID: 15, Value: {=Document:UF_CRM_MK_PLACE_OF_BIRTH_ZAEMSCHIK}
Field ID: 16, Value: {=Document:UF_CRM_MK_DATEOF_BIRTH_ZAEMSCHIK > string}
Field ID: 17, Value: {=Document:UF_CRM_MK_INN_ZAEMSCHIK}
Field ID: 18, Value: {=Document:UF_CRM_MK_GENDER_PRINTABLE}
Field ID: 19, Value: 
Field ID: 20, Value: 
Field ID: 21, Value: {=Document:UF_CRM_MK_GENDER_PRINTABLE}
Field ID: 22, Value: 
Field ID: 0, Value: {=Document:UF_CRM_MK_LASTNAME_SOZAEMSCHIK}
Field ID: 1, Value: {=Document:UF_CRM_MK_NAME_SOZAEMSCHIK}
Field ID: 2, Value: {=Document:UF_CRM_MK_MIDDLENAME_SOZAEMSCHIK}
Field ID: 3, Value: Паспорт гражданина Российской Федерации
Field ID: 4, Value: {=Document:UF_CRM_MK_SOZAEMSCHIK_SERIYA}
Field ID: 5, Value: {=Document:UF_CRM_MK_SOZAEMSCHIK_NOMER}
Field ID: 6, Value: {=Document:UF_CRM_MK_SOZAEMSCHIK_WHOM_TAKEN}
Field ID: 7, Value: {=Document:UF_CRM_MK_SOZAEMSCHIK_DATE_OF_TAKEN > string}
Field ID: 8, Value: {=Document:UF_CRM_MK_SOZAEMSCHIK_CODE}
Field ID: 9, Value: 
Field ID: 11, Value: 
Field ID: 12, Value: 
Field ID: 14, Value: 
Field ID: 15, Value: {=Document:UF_CRM_MK_PLACE_OF_BIRTH_SOZAEMSCHIK}
Field ID: 16, Value: {=Document:UF_CRM_MK_DATE_OF_BIRTH_SOZAEMSCHIK > string}
Field ID: 17, Value: 
Field ID: 18, Value: {=Document:UF_CRM_MK_SOZAEMSCHIK_GENDER_PRINTABLE}
Field ID: 19, Value: 
Field ID: 20, Value: 
Field ID: 21, Value: {=Document:UF_CRM_MK_SOZAEMSCHIK_GENDER_PRINTABLE}
Field ID: 22, Value: 
Field ID: 0, Value: {=Document:UF_CRM_MK_PORUCHITEL_LASTNAME}
Field ID: 1, Value: {=Document:UF_CRM_MK_PORUCHITEL_NAME}
Field ID: 2, Value: {=Document:UF_CRM_MK_PORUCHITEL_MIDDLENAME}
Field ID: 3, Value: Паспорт гражданина Российской Федерации
Field ID: 4, Value: {=Document:UF_CRM_MK_PASSPORT_SERIYA_PORUCHITEL}
Field ID: 5, Value: {=Document:UF_CRM_MK_NOMER_PASSPORT_PORUCHITEL}
Field ID: 6, Value: {=Document:UF_CRM_MK_WHOM_TAKEN_PASSPORT_PORUCHITEL}
Field ID: 7, Value: {=Document:UF_CRM_MK_DATE_TAKEN_PORUCHITEL > string}
Field ID: 8, Value: {=Document:UF_CRM_MK_CODE_PASSPORT_PORUCHITEL}
Field ID: 9, Value: 
Field ID: 11, Value: 
Field ID: 12, Value: 
Field ID: 14, Value: 
Field ID: 15, Value: {=Document:UF_CRM_MK_PORUCHITEL_PLACE_OF_BIRTH}
Field ID: 16, Value: {=Document:UF_CRM_MK_PORUCHITEL_DATE_OF_BIRTH > string}
Field ID: 17, Value: 
Field ID: 18, Value: {=Document:UF_CRM_MK_PORUCHITEL_GENDER_PRINTABLE}
Field ID: 19, Value: 
Field ID: 20, Value: 
Field ID: 21, Value: {=Document:UF_CRM_MK_PORUCHITEL_GENDER_PRINTABLE}
Field ID: 22, Value: 
Field ID: 0, Value: {=Document:UF_CRM_MK_PORUCHITEL_LASTNAME_2}
Field ID: 1, Value: {=Document:UF_CRM_MK_PORUCHITEL_NAME_2}
Field ID: 2, Value: {=Document:UF_CRM_MK_PORUCHITEL_MIDDLENAME_2}
Field ID: 3, Value: Паспорт гражданина Российской Федерации
Field ID: 4, Value: {=Document:UF_CRM_MK_PASSPORT_SERIYA_PORUCHITEL_2}
Field ID: 5, Value: {=Document:UF_CRM_MK_NOMER_PASSPORT_PORUCHITEL_2}
Field ID: 6, Value: {=Document:UF_CRM_MK_WHOM_TAKEN_PASSPORT_PORUCHITEL_2}
Field ID: 7, Value: {=Document:UF_CRM_MK_DATE_TAKEN_PORUCHITEL_2 > string}
Field ID: 8, Value: {=Document:UF_CRM_MK_CODE_PASSPORT_PORUCHITEL_2}
Field ID: 9, Value: 
Field ID: 11, Value: 
Field ID: 12, Value: 
Field ID: 14, Value: 
Field ID: 15, Value: {=Document:UF_CRM_MK_PORUCHITEL_PLACE_OF_BIRTH_2}
Field ID: 16, Value: {=Document:UF_CRM_MK_PORUCHITEL_DATE_OF_BIRTH_2 > string}
Field ID: 17, Value: 
Field ID: 18, Value: {=Document:UF_CRM_MK_PORUCHITEL_GENDER_2_PRINTABLE}
Field ID: 19, Value: 
Field ID: 20, Value: 
Field ID: 21, Value: {=Document:UF_CRM_MK_PORUCHITEL_GENDER_2_PRINTABLE}
Field ID: 22, Value: 
Field ID: 0, Value: {=Document:UF_CRM_MK_PORUCHITEL_LASTNAME_2}
Field ID: 1, Value: {=Document:UF_CRM_MK_PORUCHITEL_NAME_2}
Field ID: 2, Value: {=Document:UF_CRM_MK_PORUCHITEL_MIDDLENAME_2}
Field ID: 3, Value: Паспорт гражданина Российской Федерации
Field ID: 4, Value: {=Document:UF_CRM_MK_PASSPORT_SERIYA_PORUCHITEL_2}
Field ID: 5, Value: {=Document:UF_CRM_MK_NOMER_PASSPORT_PORUCHITEL_2}
Field ID: 6, Value: {=Document:UF_CRM_MK_WHOM_TAKEN_PASSPORT_PORUCHITEL_2}
Field ID: 7, Value: {=Document:UF_CRM_MK_DATE_TAKEN_PORUCHITEL_2 > string}
Field ID: 8, Value: {=Document:UF_CRM_MK_CODE_PASSPORT_PORUCHITEL_2}
Field ID: 9, Value: 
Field ID: 11, Value: 
Field ID: 12, Value: 
Field ID: 14, Value: 
Field ID: 15, Value: {=Document:UF_CRM_MK_PORUCHITEL_PLACE_OF_BIRTH_2}
Field ID: 16, Value: {=Document:UF_CRM_MK_PORUCHITEL_DATE_OF_BIRTH_2 > string}
Field ID: 17, Value: 
Field ID: 18, Value: {=Document:UF_CRM_MK_PORUCHITEL_GENDER_2_PRINTABLE}
Field ID: 19, Value: 
Field ID: 20, Value: 
Field ID: 21, Value: {=Document:UF_CRM_MK_PORUCHITEL_GENDER_2_PRINTABLE}
Field ID: 22, Value: 
Field ID: 0, Value: {=Document:UF_CRM_MK_PORUCHITEL_LASTNAME_3}
Field ID: 1, Value: {=Document:UF_CRM_MK_PORUCHITEL_NAME_3}
Field ID: 2, Value: {=Document:UF_CRM_MK_PORUCHITEL_MIDDLENAME_3}
Field ID: 3, Value: Паспорт гражданина Российской Федерации
Field ID: 4, Value: {=Document:UF_CRM_MK_PASSPORT_SERIYA_PORUCHITEL_3}
Field ID: 5, Value: {=Document:UF_CRM_MK_NOMER_PASSPORT_PORUCHITEL_3}
Field ID: 6, Value: {=Document:UF_CRM_MK_WHOM_TAKEN_PASSPORT_PORUCHITEL_3}
Field ID: 7, Value: {=Document:UF_CRM_MK_DATE_TAKEN_PORUCHITEL_3 > string}
Field ID: 8, Value: {=Document:UF_CRM_MK_CODE_PASSPORT_PORUCHITEL_3}
Field ID: 9, Value: 
Field ID: 11, Value: 
Field ID: 12, Value: 
Field ID: 14, Value: 
Field ID: 15, Value: {=Document:UF_CRM_MK_PORUCHITEL_PLACE_OF_BIRTH_3}
Field ID: 16, Value: {=Document:UF_CRM_MK_PORUCHITEL_DATE_OF_BIRTH_3 > string}
Field ID: 17, Value: 
Field ID: 18, Value: {=Document:UF_CRM_MK_PORUCHITEL_GENDER_3_PRINTABLE}
Field ID: 19, Value: 
Field ID: 20, Value: 
Field ID: 21, Value: {=Document:UF_CRM_MK_PORUCHITEL_GENDER_3_PRINTABLE}
Field ID: 22, Value: 
Field ID: 0, Value: {=Document:UF_CRM_MK_SELLER_LASTNAME}
Field ID: 1, Value: {=Document:UF_CRM_MK_SELLER_NAME}
Field ID: 2, Value: {=Document:UF_CRM_MK_SELLER_MIDDLENAME}
Field ID: 3, Value: Паспорт гражданина Российской Федерации
Field ID: 4, Value: {=Document:UF_CRM_MK_SELLER_SERIYA}
Field ID: 5, Value: {=Document:UF_CRM_MK_SELLER_NOMER}
Field ID: 6, Value: {=Document:UF_CRM_MK_SELLER_WHOM_TAKEN}
Field ID: 7, Value: {=Document:UF_CRM_MK_SELLER_DATE_TAKEN > string}
Field ID: 8, Value: {=Document:UF_CRM_MK_SELLER_CODE_PASSPORT}
Field ID: 9, Value: 
Field ID: 11, Value: 
Field ID: 12, Value: 
Field ID: 14, Value: 
Field ID: 15, Value: {=Document:UF_CRM_MK_SELLER_PLACE_OF_BIRTH}
Field ID: 16, Value: {=Document:UF_CRM_MK_SELLER_DATE_OF_BIRTH > string}
Field ID: 17, Value: 
Field ID: 18, Value: {=Document:UF_CRM_MK_SELLER_GENDER_PRINTABLE}
Field ID: 19, Value: 
Field ID: 20, Value: 
Field ID: 21, Value: {=Document:UF_CRM_MK_SELLER_GENDER_PRINTABLE}
Field ID: 22, Value: 
Field ID: 0, Value: {=Document:UF_CRM_MK_SELLER_LASTNAME_2}
Field ID: 1, Value: {=Document:UF_CRM_MK_SELLER_NAME_2}
Field ID: 2, Value: {=Document:UF_CRM_MK_SELLER_MIDDLENAME_2}
Field ID: 3, Value: Паспорт гражданина Российской Федерации
Field ID: 4, Value: {=Document:UF_CRM_MK_SELLER_SERIYA_2}
Field ID: 5, Value: {=Document:UF_CRM_MK_SELLER_NOMER_2}
Field ID: 6, Value: {=Document:UF_CRM_MK_SELLER_WHOM_TAKEN_2}
Field ID: 7, Value: {=Document:UF_CRM_MK_SELLER_DATE_TAKEN_2 > string}
Field ID: 8, Value: {=Document:UF_CRM_MK_SELLER_CODE_PASSPORT_2}
Field ID: 9, Value: 
Field ID: 11, Value: 
Field ID: 12, Value: 
Field ID: 14, Value: 
Field ID: 15, Value: {=Document:UF_CRM_MK_SELLER_PLACE_OF_BIRTH_2}
Field ID: 16, Value: {=Document:UF_CRM_MK_SELLER_DATE_OF_BIRTH_2 > string}
Field ID: 17, Value: 
Field ID: 18, Value: {=Document:UF_CRM_MK_SELLER_GENDER_2_PRINTABLE}
Field ID: 19, Value: 
Field ID: 20, Value: 
Field ID: 21, Value: {=Document:UF_CRM_MK_SELLER_GENDER_2_PRINTABLE}
Field ID: 22, Value: 
Field ID: 0, Value: {=Document:UF_CRM_MK_SELLER_LASTNAME_3}
Field ID: 1, Value: {=Document:UF_CRM_MK_SELLER_NAME_3}
Field ID: 2, Value: {=Document:UF_CRM_MK_SELLER_MIDDLENAME_3}
Field ID: 3, Value: Паспорт гражданина Российской Федерации
Field ID: 4, Value: {=Document:UF_CRM_MK_SELLER_SERIYA_3}
Field ID: 5, Value: {=Document:UF_CRM_MK_SELLER_NOMER_3}
Field ID: 6, Value: {=Document:UF_CRM_MK_SELLER_WHOM_TAKEN_3}
Field ID: 7, Value: {=Document:UF_CRM_MK_SELLER_DATE_TAKEN_3 > string}
Field ID: 8, Value: {=Document:UF_CRM_MK_SELLER_CODE_PASSPORT_3}
Field ID: 9, Value: 
Field ID: 11, Value: 
Field ID: 12, Value: 
Field ID: 14, Value: 
Field ID: 15, Value: {=Document:UF_CRM_MK_SELLER_PLACE_OF_BIRTH_3}
Field ID: 16, Value: {=Document:UF_CRM_MK_SELLER_DATE_OF_BIRTH_3 > string}
Field ID: 17, Value: 
Field ID: 18, Value: {=Document:UF_CRM_MK_SELLER_GENDER_3_PRINTABLE}
Field ID: 19, Value: 
Field ID: 20, Value: 
Field ID: 21, Value: {=Document:UF_CRM_MK_SELLER_GENDER_3_PRINTABLE}
Field ID: 22, Value: 
Field ID: 0, Value: {=Document:UF_CRM_92_FULLNAME}
Field ID: 1, Value: {=Document:UF_CRM_92_NAME}
Field ID: 2, Value: {=Document:UF_CRM_92_MIDDLENAME}
Field ID: 3, Value: Паспорт гражданина Российской Федерации
Field ID: 4, Value: {=Document:UF_CRM_92_SERIAPASSPORT}
Field ID: 5, Value: {=Document:UF_CRM_92_NOMERPASSPORT}
Field ID: 6, Value: {=Document:UF_CRM_92_WHOMTAKEN}
Field ID: 7, Value: {=Document:UF_CRM_92_DATETAKEN > string}
Field ID: 8, Value: {=Document:UF_CRM_92_CODEDEPARTMENT}
Field ID: 9, Value: 
Field ID: 11, Value: 
Field ID: 12, Value: 
Field ID: 14, Value: 
Field ID: 15, Value: {=Document:UF_CRM_92_PLACE_BIRTH}
Field ID: 16, Value: {=Document:UF_CRM_92_BIRTH_DATE > string}
Field ID: 17, Value: 
Field ID: 18, Value: 
Field ID: 19, Value: 
Field ID: 20, Value: 
Field ID: 21, Value: 
Field ID: 22, Value: 
Field ID: 0, Value: {=Document:UF_CRM_92_FULLNAME}
Field ID: 1, Value: {=Document:UF_CRM_92_NAME}
Field ID: 2, Value: {=Document:UF_CRM_92_MIDDLENAME}
Field ID: 3, Value: Паспорт гражданина Российской Федерации
Field ID: 4, Value: {=Document:UF_CRM_92_SERIAPASSPORT}
Field ID: 5, Value: {=Document:UF_CRM_92_NOMERPASSPORT}
Field ID: 6, Value: {=Document:UF_CRM_92_WHOMTAKEN}
Field ID: 7, Value: {=Document:UF_CRM_92_DATETAKEN > string}
Field ID: 8, Value: {=Document:UF_CRM_92_CODEDEPARTMENT}
Field ID: 9, Value: 
Field ID: 11, Value: 
Field ID: 12, Value: 
Field ID: 14, Value: 
Field ID: 15, Value: {=Document:UF_CRM_92_PLACE_BIRTH}
Field ID: 16, Value: {=Document:UF_CRM_92_BIRTH_DATE > string}
Field ID: 17, Value: 
Field ID: 18, Value: 
Field ID: 19, Value: 
Field ID: 20, Value: 
Field ID: 21, Value: 
Field ID: 22, Value: 
Field ID: 0, Value: 
Field ID: 1, Value: 
Field ID: 2, Value: 
Field ID: 3, Value: {=Document:UF_CRM_1708944218}
Field ID: 4, Value: 
Field ID: 5, Value: 
Field ID: 6, Value: 
Field ID: 7, Value: 
Field ID: 8, Value: 
Field ID: 9, Value: 
Field ID: 10, Value: 
Field ID: 12, Value: 
Field ID: 13, Value: 
Field ID: 14, Value: 
Field ID: 15, Value: 
Field ID: 16, Value: 
Field ID: 17, Value: 
Field ID: 18, Value: 
Field ID: 19, Value: 
Field ID: 20, Value: 
Field ID: 22, Value: 
Field ID: 23, Value: 
Field ID: 25, Value: 
Field ID: 26, Value: 
Field ID: 27, Value: 
Field ID: 0, Value: 
Field ID: 1, Value: 
Field ID: 2, Value: 
Field ID: 3, Value: {=Document:UF_CRM_1708944218}
Field ID: 4, Value: 
Field ID: 5, Value: 
Field ID: 6, Value: 
Field ID: 7, Value: 
Field ID: 8, Value: 
Field ID: 9, Value: 
Field ID: 10, Value: 
Field ID: 12, Value: 
Field ID: 13, Value: 
Field ID: 14, Value: 
Field ID: 15, Value: 
Field ID: 16, Value: 
Field ID: 17, Value: 
Field ID: 18, Value: 
Field ID: 19, Value: 
Field ID: 20, Value: 
Field ID: 22, Value: 
Field ID: 23, Value: 
Field ID: 25, Value: 
Field ID: 26, Value: 
Field ID: 27, Value: 
Field ID: 0, Value: 
Field ID: 1, Value: 
Field ID: 2, Value: 
Field ID: 3, Value: {=Document:UF_CRM_1708944218}
Field ID: 4, Value: 
Field ID: 5, Value: 
Field ID: 6, Value: 
Field ID: 7, Value: 
Field ID: 8, Value: 
Field ID: 9, Value: 
Field ID: 10, Value: 
Field ID: 12, Value: 
Field ID: 13, Value: 
Field ID: 14, Value: 
Field ID: 15, Value: 
Field ID: 16, Value: 
Field ID: 17, Value: 
Field ID: 18, Value: 
Field ID: 19, Value: 
Field ID: 20, Value: 
Field ID: 22, Value: 
Field ID: 23, Value: 
Field ID: 25, Value: 
Field ID: 26, Value: 
Field ID: 27, Value: 
