Host: crm.seller-capital.ru:443
Date: 2025-01-20 16:33:57
Module: request 1С:АК-Кредит
\Bitrix\Main\HttpRequest::__set_state(array(
   'values' => 
  array (
  ),
   'rawValues' => NULL,
   'server' => 
  \Bitrix\Main\Server::__set_state(array(
     'values' => 
    array (
      'UNIQUE_ID' => 'Z440pS8WETmhDBZRs9g6wgAAAG0',
      'SCRIPT_URL' => '/in/',
      'SCRIPT_URI' => 'http://crm.seller-capital.ru:443/in/',
      'HTTPS' => 'on',
      'REMOTE_USER' => '',
      'BITRIX_VA_VER' => '9.0.4',
      'BITRIX_ENV_TYPE' => 'general',
      'AUTHBIND_UNAVAILABLE' => 'yes',
      'BX_PUSH_SECURITY_KEY' => 'ICvH8eYcWniA8Q7kterGo6mVHTxiLBSEPqO7HqNmXFd6kSlQXCb1Dcfh3XaqM6UyOYsrYSRrbepi4U5DHVrTE7wXgnhsUGPglG0Xd3OUksRSJC5keSyG4zhLMZ3hxrI8',
      'HTTP_X_FORWARDED_FOR' => '95.139.93.76',
      'HTTP_HOST' => 'crm.seller-capital.ru:443',
      'HTTP_HTTPS' => 'YES',
      'HTTP_CONNECTION' => 'close',
      'HTTP_KEY' => 'eyJhbGciOiJIUzI1NiIsInR5cCI6IkpXVCJ9.eyJJZCI6IjIiLCJTZXJ2aWNlIjoiQml0cml4In0.CpUj1LJ_otMm6_slHFRAVnqsQtLeswkSVu7_jIgedTU',
      'HTTP_USER_AGENT' => 'PostmanRuntime/7.43.0',
      'HTTP_ACCEPT' => '*/*',
      'HTTP_POSTMAN_TOKEN' => 'ebe5747d-a9d3-4950-87ff-730207e9e41d',
      'HTTP_ACCEPT_ENCODING' => 'gzip, deflate, br',
      'HTTP_COOKIE' => 'PHPSESSID=n9b0eT5FeRjZl9DUTRmo8jcUg94B6ATr',
      'HTTP_REFERER' => 'https://crm.seller-capital.ru/in',
      'PATH' => '/usr/local/sbin:/usr/local/bin:/usr/sbin:/usr/bin',
      'SERVER_SIGNATURE' => '<address>Apache Server at crm.seller-capital.ru Port 443</address>
',
      'SERVER_SOFTWARE' => 'Apache',
      'SERVER_NAME' => 'crm.seller-capital.ru',
      'SERVER_ADDR' => '127.0.0.1',
      'SERVER_PORT' => '443',
      'REMOTE_ADDR' => '95.139.93.76',
      'DOCUMENT_ROOT' => '/home/bitrix/www',
      'REQUEST_SCHEME' => 'http',
      'CONTEXT_PREFIX' => '',
      'CONTEXT_DOCUMENT_ROOT' => '/home/bitrix/www',
      'SERVER_ADMIN' => 'webmaster@localhost',
      'SCRIPT_FILENAME' => '/home/bitrix/www/in/index.php',
      'REMOTE_PORT' => '56454',
      'GATEWAY_INTERFACE' => 'CGI/1.1',
      'SERVER_PROTOCOL' => 'HTTP/1.0',
      'REQUEST_METHOD' => 'GET',
      'QUERY_STRING' => '',
      'REQUEST_URI' => '/in/',
      'SCRIPT_NAME' => '/in/index.php',
      'PHP_SELF' => '/in/index.php',
      'REQUEST_TIME_FLOAT' => 1737372837.499637,
      'REQUEST_TIME' => 1737372837,
    ),
     'rawValues' => NULL,
  )),
   'requestedPage' => NULL,
   'requestedPageDirectory' => NULL,
   'queryString' => 
  \Bitrix\Main\Type\ParameterDictionary::__set_state(array(
     'values' => 
    array (
    ),
     'rawValues' => NULL,
  )),
   'postData' => 
  \Bitrix\Main\Type\ParameterDictionary::__set_state(array(
     'values' => 
    array (
    ),
     'rawValues' => NULL,
  )),
   'files' => 
  \Bitrix\Main\Type\ParameterDictionary::__set_state(array(
     'values' => 
    array (
    ),
     'rawValues' => NULL,
  )),
   'cookies' => 
  \Bitrix\Main\Type\ParameterDictionary::__set_state(array(
     'values' => 
    array (
    ),
     'rawValues' => NULL,
  )),
   'cookiesRaw' => 
  \Bitrix\Main\Type\ParameterDictionary::__set_state(array(
     'values' => 
    array (
      'PHPSESSID' => 'n9b0eT5FeRjZl9DUTRmo8jcUg94B6ATr',
    ),
     'rawValues' => NULL,
  )),
   'jsonData' => 
  \Bitrix\Main\Type\ParameterDictionary::__set_state(array(
     'values' => 
    array (
    ),
     'rawValues' => NULL,
  )),
   'headers' => 
  \Bitrix\Main\Web\HttpHeaders::__set_state(array(
     'headers' => 
    array (
      'x-forwarded-for' => 
      array (
        'name' => 'x-forwarded-for',
        'values' => 
        array (
          0 => '95.139.93.76',
        ),
      ),
      'host' => 
      array (
        'name' => 'host',
        'values' => 
        array (
          0 => 'crm.seller-capital.ru:443',
        ),
      ),
      'https' => 
      array (
        'name' => 'https',
        'values' => 
        array (
          0 => 'YES',
        ),
      ),
      'connection' => 
      array (
        'name' => 'connection',
        'values' => 
        array (
          0 => 'close',
        ),
      ),
      'key' => 
      array (
        'name' => 'key',
        'values' => 
        array (
          0 => 'eyJhbGciOiJIUzI1NiIsInR5cCI6IkpXVCJ9.eyJJZCI6IjIiLCJTZXJ2aWNlIjoiQml0cml4In0.CpUj1LJ_otMm6_slHFRAVnqsQtLeswkSVu7_jIgedTU',
        ),
      ),
      'user-agent' => 
      array (
        'name' => 'user-agent',
        'values' => 
        array (
          0 => 'PostmanRuntime/7.43.0',
        ),
      ),
      'accept' => 
      array (
        'name' => 'accept',
        'values' => 
        array (
          0 => '*/*',
        ),
      ),
      'postman-token' => 
      array (
        'name' => 'postman-token',
        'values' => 
        array (
          0 => 'ebe5747d-a9d3-4950-87ff-730207e9e41d',
        ),
      ),
      'accept-encoding' => 
      array (
        'name' => 'accept-encoding',
        'values' => 
        array (
          0 => 'gzip, deflate, br',
        ),
      ),
      'cookie' => 
      array (
        'name' => 'cookie',
        'values' => 
        array (
          0 => 'PHPSESSID=n9b0eT5FeRjZl9DUTRmo8jcUg94B6ATr',
        ),
      ),
      'referer' => 
      array (
        'name' => 'referer',
        'values' => 
        array (
          0 => 'https://crm.seller-capital.ru/in',
        ),
      ),
    ),
     'version' => '1.1',
     'reasonPhrase' => NULL,
  )),
   'httpHost' => 'crm.seller-capital.ru',
   'acceptedLanguages' => NULL,
))
----------
Host: crm.seller-capital.ru:80
Date: 2025-01-20 16:35:49
Module: request 1С:АК-Кредит
\Bitrix\Main\HttpRequest::__set_state(array(
   'values' => 
  array (
  ),
   'rawValues' => NULL,
   'server' => 
  \Bitrix\Main\Server::__set_state(array(
     'values' => 
    array (
      'UNIQUE_ID' => 'Z441FWfk5hwhLQeTCVoEPQAAADM',
      'SCRIPT_URL' => '/in/',
      'SCRIPT_URI' => 'http://crm.seller-capital.ru/in/',
      'REMOTE_USER' => '',
      'BITRIX_VA_VER' => '9.0.4',
      'BITRIX_ENV_TYPE' => 'general',
      'AUTHBIND_UNAVAILABLE' => 'yes',
      'BX_PUSH_SECURITY_KEY' => 'ICvH8eYcWniA8Q7kterGo6mVHTxiLBSEPqO7HqNmXFd6kSlQXCb1Dcfh3XaqM6UyOYsrYSRrbepi4U5DHVrTE7wXgnhsUGPglG0Xd3OUksRSJC5keSyG4zhLMZ3hxrI8',
      'HTTP_X_FORWARDED_FOR' => '149.154.161.244',
      'HTTP_HOST' => 'crm.seller-capital.ru:80',
      'HTTP_CONNECTION' => 'close',
      'HTTP_USER_AGENT' => 'TelegramBot (like TwitterBot)',
      'HTTP_ACCEPT_ENCODING' => 'deflate, gzip, br',
      'HTTP_COOKIE' => 'euConsent=true; BCPermissionLevel=PERSONAL; BC_GDPR=11111; fhCookieConsent=true; gdpr-source=GB; gdpr_consent=YES; beget=begetok; SOCS=CAISNQgEEitib3FfaWRlbnRpdHlmcm9udGVuZHVpc2VydmVyXzIwMjMwNzIzLjA5X3AwGgJlbiACGgYIgMSBpgY',
      'HTTP_ACCEPT_LANGUAGE' => 'en-US,en;q=0.5',
      'HTTP_ACCEPT' => 'text/html,application/xhtml+xml,application/xml;q=0.9,*/*;q=0.8',
      'PATH' => '/usr/local/sbin:/usr/local/bin:/usr/sbin:/usr/bin',
      'SERVER_SIGNATURE' => '<address>Apache Server at crm.seller-capital.ru Port 80</address>
',
      'SERVER_SOFTWARE' => 'Apache',
      'SERVER_NAME' => 'crm.seller-capital.ru',
      'SERVER_ADDR' => '127.0.0.1',
      'SERVER_PORT' => '80',
      'REMOTE_ADDR' => '149.154.161.244',
      'DOCUMENT_ROOT' => '/home/bitrix/www',
      'REQUEST_SCHEME' => 'http',
      'CONTEXT_PREFIX' => '',
      'CONTEXT_DOCUMENT_ROOT' => '/home/bitrix/www',
      'SERVER_ADMIN' => 'webmaster@localhost',
      'SCRIPT_FILENAME' => '/home/bitrix/www/in/index.php',
      'REMOTE_PORT' => '33738',
      'GATEWAY_INTERFACE' => 'CGI/1.1',
      'SERVER_PROTOCOL' => 'HTTP/1.0',
      'REQUEST_METHOD' => 'GET',
      'QUERY_STRING' => '',
      'REQUEST_URI' => '/in/',
      'SCRIPT_NAME' => '/in/index.php',
      'PHP_SELF' => '/in/index.php',
      'REQUEST_TIME_FLOAT' => 1737372949.390198,
      'REQUEST_TIME' => 1737372949,
    ),
     'rawValues' => NULL,
  )),
   'requestedPage' => NULL,
   'requestedPageDirectory' => NULL,
   'queryString' => 
  \Bitrix\Main\Type\ParameterDictionary::__set_state(array(
     'values' => 
    array (
    ),
     'rawValues' => NULL,
  )),
   'postData' => 
  \Bitrix\Main\Type\ParameterDictionary::__set_state(array(
     'values' => 
    array (
    ),
     'rawValues' => NULL,
  )),
   'files' => 
  \Bitrix\Main\Type\ParameterDictionary::__set_state(array(
     'values' => 
    array (
    ),
     'rawValues' => NULL,
  )),
   'cookies' => 
  \Bitrix\Main\Type\ParameterDictionary::__set_state(array(
     'values' => 
    array (
    ),
     'rawValues' => NULL,
  )),
   'cookiesRaw' => 
  \Bitrix\Main\Type\ParameterDictionary::__set_state(array(
     'values' => 
    array (
      'euConsent' => 'true',
      'BCPermissionLevel' => 'PERSONAL',
      'BC_GDPR' => '11111',
      'fhCookieConsent' => 'true',
      'gdpr-source' => 'GB',
      'gdpr_consent' => 'YES',
      'beget' => 'begetok',
      'SOCS' => 'CAISNQgEEitib3FfaWRlbnRpdHlmcm9udGVuZHVpc2VydmVyXzIwMjMwNzIzLjA5X3AwGgJlbiACGgYIgMSBpgY',
    ),
     'rawValues' => NULL,
  )),
   'jsonData' => 
  \Bitrix\Main\Type\ParameterDictionary::__set_state(array(
     'values' => 
    array (
    ),
     'rawValues' => NULL,
  )),
   'headers' => 
  \Bitrix\Main\Web\HttpHeaders::__set_state(array(
     'headers' => 
    array (
      'x-forwarded-for' => 
      array (
        'name' => 'x-forwarded-for',
        'values' => 
        array (
          0 => '149.154.161.244',
        ),
      ),
      'host' => 
      array (
        'name' => 'host',
        'values' => 
        array (
          0 => 'crm.seller-capital.ru:80',
        ),
      ),
      'connection' => 
      array (
        'name' => 'connection',
        'values' => 
        array (
          0 => 'close',
        ),
      ),
      'user-agent' => 
      array (
        'name' => 'user-agent',
        'values' => 
        array (
          0 => 'TelegramBot (like TwitterBot)',
        ),
      ),
      'accept-encoding' => 
      array (
        'name' => 'accept-encoding',
        'values' => 
        array (
          0 => 'deflate, gzip, br',
        ),
      ),
      'cookie' => 
      array (
        'name' => 'cookie',
        'values' => 
        array (
          0 => 'euConsent=true; BCPermissionLevel=PERSONAL; BC_GDPR=11111; fhCookieConsent=true; gdpr-source=GB; gdpr_consent=YES; beget=begetok; SOCS=CAISNQgEEitib3FfaWRlbnRpdHlmcm9udGVuZHVpc2VydmVyXzIwMjMwNzIzLjA5X3AwGgJlbiACGgYIgMSBpgY',
        ),
      ),
      'accept-language' => 
      array (
        'name' => 'accept-language',
        'values' => 
        array (
          0 => 'en-US,en;q=0.5',
        ),
      ),
      'accept' => 
      array (
        'name' => 'accept',
        'values' => 
        array (
          0 => 'text/html,application/xhtml+xml,application/xml;q=0.9,*/*;q=0.8',
        ),
      ),
    ),
     'version' => '1.1',
     'reasonPhrase' => NULL,
  )),
   'httpHost' => 'crm.seller-capital.ru',
   'acceptedLanguages' => NULL,
))
----------
Host: crm.seller-capital.ru:443
Date: 2025-01-20 16:36:09
Module: request 1С:АК-Кредит
\Bitrix\Main\HttpRequest::__set_state(array(
   'values' => 
  array (
  ),
   'rawValues' => NULL,
   'server' => 
  \Bitrix\Main\Server::__set_state(array(
     'values' => 
    array (
      'UNIQUE_ID' => 'Z441KWHtZcMOVyds4-905QAAAAw',
      'SCRIPT_URL' => '/in/',
      'SCRIPT_URI' => 'http://crm.seller-capital.ru:443/in/',
      'HTTPS' => 'on',
      'REMOTE_USER' => '',
      'BITRIX_VA_VER' => '9.0.4',
      'BITRIX_ENV_TYPE' => 'general',
      'AUTHBIND_UNAVAILABLE' => 'yes',
      'BX_PUSH_SECURITY_KEY' => 'ICvH8eYcWniA8Q7kterGo6mVHTxiLBSEPqO7HqNmXFd6kSlQXCb1Dcfh3XaqM6UyOYsrYSRrbepi4U5DHVrTE7wXgnhsUGPglG0Xd3OUksRSJC5keSyG4zhLMZ3hxrI8',
      'HTTP_X_FORWARDED_FOR' => '95.139.93.76',
      'HTTP_HOST' => 'crm.seller-capital.ru:443',
      'HTTP_HTTPS' => 'YES',
      'HTTP_CONNECTION' => 'close',
      'HTTP_ACCEPT_LANGUAGE' => 'ru',
      'HTTP_USER_AGENT' => 'WhatsApp/2.23.20.0',
      'HTTP_ACCEPT_ENCODING' => 'gzip',
      'PATH' => '/usr/local/sbin:/usr/local/bin:/usr/sbin:/usr/bin',
      'SERVER_SIGNATURE' => '<address>Apache Server at crm.seller-capital.ru Port 443</address>
',
      'SERVER_SOFTWARE' => 'Apache',
      'SERVER_NAME' => 'crm.seller-capital.ru',
      'SERVER_ADDR' => '127.0.0.1',
      'SERVER_PORT' => '443',
      'REMOTE_ADDR' => '95.139.93.76',
      'DOCUMENT_ROOT' => '/home/bitrix/www',
      'REQUEST_SCHEME' => 'http',
      'CONTEXT_PREFIX' => '',
      'CONTEXT_DOCUMENT_ROOT' => '/home/bitrix/www',
      'SERVER_ADMIN' => 'webmaster@localhost',
      'SCRIPT_FILENAME' => '/home/bitrix/www/in/index.php',
      'REMOTE_PORT' => '46362',
      'GATEWAY_INTERFACE' => 'CGI/1.1',
      'SERVER_PROTOCOL' => 'HTTP/1.0',
      'REQUEST_METHOD' => 'GET',
      'QUERY_STRING' => '',
      'REQUEST_URI' => '/in/',
      'SCRIPT_NAME' => '/in/index.php',
      'PHP_SELF' => '/in/index.php',
      'REQUEST_TIME_FLOAT' => 1737372969.819315,
      'REQUEST_TIME' => 1737372969,
    ),
     'rawValues' => NULL,
  )),
   'requestedPage' => NULL,
   'requestedPageDirectory' => NULL,
   'queryString' => 
  \Bitrix\Main\Type\ParameterDictionary::__set_state(array(
     'values' => 
    array (
    ),
     'rawValues' => NULL,
  )),
   'postData' => 
  \Bitrix\Main\Type\ParameterDictionary::__set_state(array(
     'values' => 
    array (
    ),
     'rawValues' => NULL,
  )),
   'files' => 
  \Bitrix\Main\Type\ParameterDictionary::__set_state(array(
     'values' => 
    array (
    ),
     'rawValues' => NULL,
  )),
   'cookies' => 
  \Bitrix\Main\Type\ParameterDictionary::__set_state(array(
     'values' => 
    array (
    ),
     'rawValues' => NULL,
  )),
   'cookiesRaw' => 
  \Bitrix\Main\Type\ParameterDictionary::__set_state(array(
     'values' => 
    array (
    ),
     'rawValues' => NULL,
  )),
   'jsonData' => 
  \Bitrix\Main\Type\ParameterDictionary::__set_state(array(
     'values' => 
    array (
    ),
     'rawValues' => NULL,
  )),
   'headers' => 
  \Bitrix\Main\Web\HttpHeaders::__set_state(array(
     'headers' => 
    array (
      'x-forwarded-for' => 
      array (
        'name' => 'x-forwarded-for',
        'values' => 
        array (
          0 => '95.139.93.76',
        ),
      ),
      'host' => 
      array (
        'name' => 'host',
        'values' => 
        array (
          0 => 'crm.seller-capital.ru:443',
        ),
      ),
      'https' => 
      array (
        'name' => 'https',
        'values' => 
        array (
          0 => 'YES',
        ),
      ),
      'connection' => 
      array (
        'name' => 'connection',
        'values' => 
        array (
          0 => 'close',
        ),
      ),
      'accept-language' => 
      array (
        'name' => 'accept-language',
        'values' => 
        array (
          0 => 'ru',
        ),
      ),
      'user-agent' => 
      array (
        'name' => 'user-agent',
        'values' => 
        array (
          0 => 'WhatsApp/2.23.20.0',
        ),
      ),
      'accept-encoding' => 
      array (
        'name' => 'accept-encoding',
        'values' => 
        array (
          0 => 'gzip',
        ),
      ),
    ),
     'version' => '1.1',
     'reasonPhrase' => NULL,
  )),
   'httpHost' => 'crm.seller-capital.ru',
   'acceptedLanguages' => NULL,
))
----------
Host: crm.seller-capital.ru:443
Date: 2025-01-20 16:36:20
Module: request 1С:АК-Кредит
\Bitrix\Main\HttpRequest::__set_state(array(
   'values' => 
  array (
  ),
   'rawValues' => NULL,
   'server' => 
  \Bitrix\Main\Server::__set_state(array(
     'values' => 
    array (
      'UNIQUE_ID' => 'Z441NCbUB5G68SKxYKGzcgAAADE',
      'SCRIPT_URL' => '/in/',
      'SCRIPT_URI' => 'http://crm.seller-capital.ru:443/in/',
      'HTTPS' => 'on',
      'REMOTE_USER' => '',
      'BITRIX_VA_VER' => '9.0.4',
      'BITRIX_ENV_TYPE' => 'general',
      'AUTHBIND_UNAVAILABLE' => 'yes',
      'BX_PUSH_SECURITY_KEY' => 'ICvH8eYcWniA8Q7kterGo6mVHTxiLBSEPqO7HqNmXFd6kSlQXCb1Dcfh3XaqM6UyOYsrYSRrbepi4U5DHVrTE7wXgnhsUGPglG0Xd3OUksRSJC5keSyG4zhLMZ3hxrI8',
      'HTTP_X_FORWARDED_FOR' => '95.139.93.76',
      'HTTP_HOST' => 'crm.seller-capital.ru:443',
      'HTTP_HTTPS' => 'YES',
      'HTTP_CONNECTION' => 'close',
      'CONTENT_LENGTH' => '2746',
      'CONTENT_TYPE' => 'application/json',
      'HTTP_KEY' => 'eyJhbGciOiJIUzI1NiIsInR5cCI6IkpXVCJ9.eyJJZCI6IjIiLCJTZXJ2aWNlIjoiQml0cml4In0.CpUj1LJ_otMm6_slHFRAVnqsQtLeswkSVu7_jIgedTU',
      'HTTP_USER_AGENT' => 'PostmanRuntime/7.43.0',
      'HTTP_ACCEPT' => '*/*',
      'HTTP_POSTMAN_TOKEN' => '6c2ebc04-1620-4884-8aa2-26d3f0e72259',
      'HTTP_ACCEPT_ENCODING' => 'gzip, deflate, br',
      'HTTP_COOKIE' => 'PHPSESSID=vDXrp54m3dUgK69hY31ml2U503H6jr4v',
      'PATH' => '/usr/local/sbin:/usr/local/bin:/usr/sbin:/usr/bin',
      'SERVER_SIGNATURE' => '<address>Apache Server at crm.seller-capital.ru Port 443</address>
',
      'SERVER_SOFTWARE' => 'Apache',
      'SERVER_NAME' => 'crm.seller-capital.ru',
      'SERVER_ADDR' => '127.0.0.1',
      'SERVER_PORT' => '443',
      'REMOTE_ADDR' => '95.139.93.76',
      'DOCUMENT_ROOT' => '/home/bitrix/www',
      'REQUEST_SCHEME' => 'http',
      'CONTEXT_PREFIX' => '',
      'CONTEXT_DOCUMENT_ROOT' => '/home/bitrix/www',
      'SERVER_ADMIN' => 'webmaster@localhost',
      'SCRIPT_FILENAME' => '/home/bitrix/www/in/index.php',
      'REMOTE_PORT' => '34766',
      'GATEWAY_INTERFACE' => 'CGI/1.1',
      'SERVER_PROTOCOL' => 'HTTP/1.0',
      'REQUEST_METHOD' => 'GET',
      'QUERY_STRING' => '',
      'REQUEST_URI' => '/in/',
      'SCRIPT_NAME' => '/in/index.php',
      'PHP_SELF' => '/in/index.php',
      'REQUEST_TIME_FLOAT' => 1737372980.649612,
      'REQUEST_TIME' => 1737372980,
    ),
     'rawValues' => NULL,
  )),
   'requestedPage' => NULL,
   'requestedPageDirectory' => NULL,
   'queryString' => 
  \Bitrix\Main\Type\ParameterDictionary::__set_state(array(
     'values' => 
    array (
    ),
     'rawValues' => NULL,
  )),
   'postData' => 
  \Bitrix\Main\Type\ParameterDictionary::__set_state(array(
     'values' => 
    array (
    ),
     'rawValues' => NULL,
  )),
   'files' => 
  \Bitrix\Main\Type\ParameterDictionary::__set_state(array(
     'values' => 
    array (
    ),
     'rawValues' => NULL,
  )),
   'cookies' => 
  \Bitrix\Main\Type\ParameterDictionary::__set_state(array(
     'values' => 
    array (
    ),
     'rawValues' => NULL,
  )),
   'cookiesRaw' => 
  \Bitrix\Main\Type\ParameterDictionary::__set_state(array(
     'values' => 
    array (
      'PHPSESSID' => 'vDXrp54m3dUgK69hY31ml2U503H6jr4v',
    ),
     'rawValues' => NULL,
  )),
   'jsonData' => 
  \Bitrix\Main\Type\ParameterDictionary::__set_state(array(
     'values' => 
    array (
      'Организация' => '5',
      'Тип' => 'ДоговорЗайма',
      'Ссылка' => '6c377571-d718-11ef-814a-e5489cb9de15',
      'ПометкаУдаления' => 'Нет',
      'Номер' => 'МСК-28739-ЗС-5',
      'Дата' => '20.01.2025 15:22:03',
      'Проведен' => 'Да',
      'Автор' => '239867dc-b693-11ed-80f6-f9baaaa059d1',
      'БезналичнаяВыдача' => 'Да',
      'ДатаОкончания' => '28.12.2025',
      'ДистанционнаяВыдача' => 'Нет',
      'Док' => 'b33bc082-d70e-11ef-814a-e5489cb9de15',
      'ЕстьКредитнаяИстория' => 'Нет',
      'НомерДоговора' => 'МСК-28739-ЗС-5',
      'Отсрочка' => '8',
      'ПроверенСотрудником115ФЗ' => 'Да',
      'Срок' => '342',
      'Сумма' => '300000',
      'ТипОбеспечения' => 'Залог прочий',
      'Филиал' => '01b47326-66fb-11ed-80e8-d6b7a50f497f',
      'ЦельКредита' => 'Пополнение оборотных средств',
      'ЦельКредитаПодробная' => 'Закуп товара на 300 000 рублей.',
      'Элемент' => 'Займы селлерам С ОТСРОЧКОЙ Тариф 4 с 23.10.2024',
      'Пайщик' => '0dd658da-2783-11ee-8101-f9baaaa059d1',
      'НеВыгружатьВБКИ' => 'Нет',
      'ПакетПереданВГО' => 'Нет',
      'ПервыйПлатеж' => '02.02.2025',
      'ТипПайшика' => 'ЮЛ',
      'ГрафикСсылка' => 'График к договору займа МСК-28739-З от 20.01.2025 15:22:03',
      'ГрафикДатаСледующегоПлатежаНоминал' => '30.03.2025',
      'ГрафикДатаСледующегоПлатежаПроцент' => '02.02.2025',
      'ГрафикСуммаСледующегоПлатежаПроцент' => '907,71',
      'ГрафикДатаСледующегоПлатежаКомиссия' => '02.02.2025',
      'ГрафикСуммаСледующегоПлатежаКомиссия' => '960',
      'ГрафикДатаСледующегоПлатежа' => '02.02.2025',
      'ГрафикСуммаСледующегоПлатежа' => '1867,71',
      'ГрафикДатаОкончания' => '28.12.2025',
      'Ставка_Процент' => '15,5',
      'ПлатежДатаРасчета' => '20.01.2025 15:47:55',
      'ПлатежДата' => '02.02.2025',
      'ПлатежПроцент' => '907,71',
      'ПлатежКомиссия' => '960',
      'ПлатежСумма' => '1867,71',
      'ПлатежПогашениеДатаРасчета' => '20.01.2025 15:47:55',
      'ПлатежПогашениеНоминал' => '300000',
      'ПлатежПогашениеПроцент' => '43569,86',
      'ПлатежПогашениеКомиссия' => '960',
      'ПлатежПогашениеСумма' => '344529,86',
      'ПлатежШтрафнойДатаРасчета' => '20.01.2025 15:47:55',
    ),
     'rawValues' => NULL,
  )),
   'headers' => 
  \Bitrix\Main\Web\HttpHeaders::__set_state(array(
     'headers' => 
    array (
      'x-forwarded-for' => 
      array (
        'name' => 'x-forwarded-for',
        'values' => 
        array (
          0 => '95.139.93.76',
        ),
      ),
      'host' => 
      array (
        'name' => 'host',
        'values' => 
        array (
          0 => 'crm.seller-capital.ru:443',
        ),
      ),
      'https' => 
      array (
        'name' => 'https',
        'values' => 
        array (
          0 => 'YES',
        ),
      ),
      'connection' => 
      array (
        'name' => 'connection',
        'values' => 
        array (
          0 => 'close',
        ),
      ),
      'content-length' => 
      array (
        'name' => 'content-length',
        'values' => 
        array (
          0 => '2746',
        ),
      ),
      'content-type' => 
      array (
        'name' => 'content-type',
        'values' => 
        array (
          0 => 'application/json',
        ),
      ),
      'key' => 
      array (
        'name' => 'key',
        'values' => 
        array (
          0 => 'eyJhbGciOiJIUzI1NiIsInR5cCI6IkpXVCJ9.eyJJZCI6IjIiLCJTZXJ2aWNlIjoiQml0cml4In0.CpUj1LJ_otMm6_slHFRAVnqsQtLeswkSVu7_jIgedTU',
        ),
      ),
      'user-agent' => 
      array (
        'name' => 'user-agent',
        'values' => 
        array (
          0 => 'PostmanRuntime/7.43.0',
        ),
      ),
      'accept' => 
      array (
        'name' => 'accept',
        'values' => 
        array (
          0 => '*/*',
        ),
      ),
      'postman-token' => 
      array (
        'name' => 'postman-token',
        'values' => 
        array (
          0 => '6c2ebc04-1620-4884-8aa2-26d3f0e72259',
        ),
      ),
      'accept-encoding' => 
      array (
        'name' => 'accept-encoding',
        'values' => 
        array (
          0 => 'gzip, deflate, br',
        ),
      ),
      'cookie' => 
      array (
        'name' => 'cookie',
        'values' => 
        array (
          0 => 'PHPSESSID=vDXrp54m3dUgK69hY31ml2U503H6jr4v',
        ),
      ),
    ),
     'version' => '1.1',
     'reasonPhrase' => NULL,
  )),
   'httpHost' => 'crm.seller-capital.ru',
   'acceptedLanguages' => NULL,
))
----------
Host: crm.seller-capital.ru:443
Date: 2025-01-20 16:36:32
Module: request 1С:АК-Кредит
\Bitrix\Main\HttpRequest::__set_state(array(
   'values' => 
  array (
  ),
   'rawValues' => NULL,
   'server' => 
  \Bitrix\Main\Server::__set_state(array(
     'values' => 
    array (
      'UNIQUE_ID' => 'Z441QDcBfMfblTPn2Z-LZgAAAHo',
      'SCRIPT_URL' => '/in/',
      'SCRIPT_URI' => 'http://crm.seller-capital.ru:443/in/',
      'HTTPS' => 'on',
      'REMOTE_USER' => '',
      'BITRIX_VA_VER' => '9.0.4',
      'BITRIX_ENV_TYPE' => 'general',
      'AUTHBIND_UNAVAILABLE' => 'yes',
      'BX_PUSH_SECURITY_KEY' => 'ICvH8eYcWniA8Q7kterGo6mVHTxiLBSEPqO7HqNmXFd6kSlQXCb1Dcfh3XaqM6UyOYsrYSRrbepi4U5DHVrTE7wXgnhsUGPglG0Xd3OUksRSJC5keSyG4zhLMZ3hxrI8',
      'HTTP_X_FORWARDED_FOR' => '95.139.93.76',
      'HTTP_HOST' => 'crm.seller-capital.ru:443',
      'HTTP_HTTPS' => 'YES',
      'HTTP_CONNECTION' => 'close',
      'CONTENT_LENGTH' => '2746',
      'CONTENT_TYPE' => 'application/json',
      'HTTP_KEY' => 'eyJhbGciOiJIUzI1NiIsInR5cCI6IkpXVCJ9.eyJJZCI6IjIiLCJTZXJ2aWNlIjoiQml0cml4In0.CpUj1LJ_otMm6_slHFRAVnqsQtLeswkSVu7_jIgedTU',
      'HTTP_USER_AGENT' => 'PostmanRuntime/7.43.0',
      'HTTP_ACCEPT' => '*/*',
      'HTTP_POSTMAN_TOKEN' => 'ee575089-4c6c-4fe9-bf28-1d05355a775a',
      'HTTP_ACCEPT_ENCODING' => 'gzip, deflate, br',
      'HTTP_COOKIE' => 'PHPSESSID=vDXrp54m3dUgK69hY31ml2U503H6jr4v',
      'PATH' => '/usr/local/sbin:/usr/local/bin:/usr/sbin:/usr/bin',
      'SERVER_SIGNATURE' => '<address>Apache Server at crm.seller-capital.ru Port 443</address>
',
      'SERVER_SOFTWARE' => 'Apache',
      'SERVER_NAME' => 'crm.seller-capital.ru',
      'SERVER_ADDR' => '127.0.0.1',
      'SERVER_PORT' => '443',
      'REMOTE_ADDR' => '95.139.93.76',
      'DOCUMENT_ROOT' => '/home/bitrix/www',
      'REQUEST_SCHEME' => 'http',
      'CONTEXT_PREFIX' => '',
      'CONTEXT_DOCUMENT_ROOT' => '/home/bitrix/www',
      'SERVER_ADMIN' => 'webmaster@localhost',
      'SCRIPT_FILENAME' => '/home/bitrix/www/in/index.php',
      'REMOTE_PORT' => '46524',
      'GATEWAY_INTERFACE' => 'CGI/1.1',
      'SERVER_PROTOCOL' => 'HTTP/1.0',
      'REQUEST_METHOD' => 'POST',
      'QUERY_STRING' => '',
      'REQUEST_URI' => '/in/',
      'SCRIPT_NAME' => '/in/index.php',
      'PHP_SELF' => '/in/index.php',
      'REQUEST_TIME_FLOAT' => 1737372992.006593,
      'REQUEST_TIME' => 1737372992,
    ),
     'rawValues' => NULL,
  )),
   'requestedPage' => NULL,
   'requestedPageDirectory' => NULL,
   'queryString' => 
  \Bitrix\Main\Type\ParameterDictionary::__set_state(array(
     'values' => 
    array (
    ),
     'rawValues' => NULL,
  )),
   'postData' => 
  \Bitrix\Main\Type\ParameterDictionary::__set_state(array(
     'values' => 
    array (
    ),
     'rawValues' => NULL,
  )),
   'files' => 
  \Bitrix\Main\Type\ParameterDictionary::__set_state(array(
     'values' => 
    array (
    ),
     'rawValues' => NULL,
  )),
   'cookies' => 
  \Bitrix\Main\Type\ParameterDictionary::__set_state(array(
     'values' => 
    array (
    ),
     'rawValues' => NULL,
  )),
   'cookiesRaw' => 
  \Bitrix\Main\Type\ParameterDictionary::__set_state(array(
     'values' => 
    array (
      'PHPSESSID' => 'vDXrp54m3dUgK69hY31ml2U503H6jr4v',
    ),
     'rawValues' => NULL,
  )),
   'jsonData' => 
  \Bitrix\Main\Type\ParameterDictionary::__set_state(array(
     'values' => 
    array (
      'Организация' => '5',
      'Тип' => 'ДоговорЗайма',
      'Ссылка' => '6c377571-d718-11ef-814a-e5489cb9de15',
      'ПометкаУдаления' => 'Нет',
      'Номер' => 'МСК-28739-ЗС-5',
      'Дата' => '20.01.2025 15:22:03',
      'Проведен' => 'Да',
      'Автор' => '239867dc-b693-11ed-80f6-f9baaaa059d1',
      'БезналичнаяВыдача' => 'Да',
      'ДатаОкончания' => '28.12.2025',
      'ДистанционнаяВыдача' => 'Нет',
      'Док' => 'b33bc082-d70e-11ef-814a-e5489cb9de15',
      'ЕстьКредитнаяИстория' => 'Нет',
      'НомерДоговора' => 'МСК-28739-ЗС-5',
      'Отсрочка' => '8',
      'ПроверенСотрудником115ФЗ' => 'Да',
      'Срок' => '342',
      'Сумма' => '300000',
      'ТипОбеспечения' => 'Залог прочий',
      'Филиал' => '01b47326-66fb-11ed-80e8-d6b7a50f497f',
      'ЦельКредита' => 'Пополнение оборотных средств',
      'ЦельКредитаПодробная' => 'Закуп товара на 300 000 рублей.',
      'Элемент' => 'Займы селлерам С ОТСРОЧКОЙ Тариф 4 с 23.10.2024',
      'Пайщик' => '0dd658da-2783-11ee-8101-f9baaaa059d1',
      'НеВыгружатьВБКИ' => 'Нет',
      'ПакетПереданВГО' => 'Нет',
      'ПервыйПлатеж' => '02.02.2025',
      'ТипПайшика' => 'ЮЛ',
      'ГрафикСсылка' => 'График к договору займа МСК-28739-З от 20.01.2025 15:22:03',
      'ГрафикДатаСледующегоПлатежаНоминал' => '30.03.2025',
      'ГрафикДатаСледующегоПлатежаПроцент' => '02.02.2025',
      'ГрафикСуммаСледующегоПлатежаПроцент' => '907,71',
      'ГрафикДатаСледующегоПлатежаКомиссия' => '02.02.2025',
      'ГрафикСуммаСледующегоПлатежаКомиссия' => '960',
      'ГрафикДатаСледующегоПлатежа' => '02.02.2025',
      'ГрафикСуммаСледующегоПлатежа' => '1867,71',
      'ГрафикДатаОкончания' => '28.12.2025',
      'Ставка_Процент' => '15,5',
      'ПлатежДатаРасчета' => '20.01.2025 15:47:55',
      'ПлатежДата' => '02.02.2025',
      'ПлатежПроцент' => '907,71',
      'ПлатежКомиссия' => '960',
      'ПлатежСумма' => '1867,71',
      'ПлатежПогашениеДатаРасчета' => '20.01.2025 15:47:55',
      'ПлатежПогашениеНоминал' => '300000',
      'ПлатежПогашениеПроцент' => '43569,86',
      'ПлатежПогашениеКомиссия' => '960',
      'ПлатежПогашениеСумма' => '344529,86',
      'ПлатежШтрафнойДатаРасчета' => '20.01.2025 15:47:55',
    ),
     'rawValues' => NULL,
  )),
   'headers' => 
  \Bitrix\Main\Web\HttpHeaders::__set_state(array(
     'headers' => 
    array (
      'x-forwarded-for' => 
      array (
        'name' => 'x-forwarded-for',
        'values' => 
        array (
          0 => '95.139.93.76',
        ),
      ),
      'host' => 
      array (
        'name' => 'host',
        'values' => 
        array (
          0 => 'crm.seller-capital.ru:443',
        ),
      ),
      'https' => 
      array (
        'name' => 'https',
        'values' => 
        array (
          0 => 'YES',
        ),
      ),
      'connection' => 
      array (
        'name' => 'connection',
        'values' => 
        array (
          0 => 'close',
        ),
      ),
      'content-length' => 
      array (
        'name' => 'content-length',
        'values' => 
        array (
          0 => '2746',
        ),
      ),
      'content-type' => 
      array (
        'name' => 'content-type',
        'values' => 
        array (
          0 => 'application/json',
        ),
      ),
      'key' => 
      array (
        'name' => 'key',
        'values' => 
        array (
          0 => 'eyJhbGciOiJIUzI1NiIsInR5cCI6IkpXVCJ9.eyJJZCI6IjIiLCJTZXJ2aWNlIjoiQml0cml4In0.CpUj1LJ_otMm6_slHFRAVnqsQtLeswkSVu7_jIgedTU',
        ),
      ),
      'user-agent' => 
      array (
        'name' => 'user-agent',
        'values' => 
        array (
          0 => 'PostmanRuntime/7.43.0',
        ),
      ),
      'accept' => 
      array (
        'name' => 'accept',
        'values' => 
        array (
          0 => '*/*',
        ),
      ),
      'postman-token' => 
      array (
        'name' => 'postman-token',
        'values' => 
        array (
          0 => 'ee575089-4c6c-4fe9-bf28-1d05355a775a',
        ),
      ),
      'accept-encoding' => 
      array (
        'name' => 'accept-encoding',
        'values' => 
        array (
          0 => 'gzip, deflate, br',
        ),
      ),
      'cookie' => 
      array (
        'name' => 'cookie',
        'values' => 
        array (
          0 => 'PHPSESSID=vDXrp54m3dUgK69hY31ml2U503H6jr4v',
        ),
      ),
    ),
     'version' => '1.1',
     'reasonPhrase' => NULL,
  )),
   'httpHost' => 'crm.seller-capital.ru',
   'acceptedLanguages' => NULL,
))
----------
